Archive member included to satisfy reference by file (symbol)

d:/eclipse/plugins/fr.ac6.mcu.externaltools.arm-none.win32_1.13.2.201703061525/tools/compiler/bin/../lib/gcc/arm-none-eabi/5.4.1/armv7e-m/fpu\libgcc.a(_arm_addsubdf3.o)
                              Application/User/STM_MY_LCD16X2.o (__aeabi_ui2d)
d:/eclipse/plugins/fr.ac6.mcu.externaltools.arm-none.win32_1.13.2.201703061525/tools/compiler/bin/../lib/gcc/arm-none-eabi/5.4.1/armv7e-m/fpu\libgcc.a(_arm_muldivdf3.o)
                              Application/User/STM_MY_LCD16X2.o (__aeabi_dmul)
d:/eclipse/plugins/fr.ac6.mcu.externaltools.arm-none.win32_1.13.2.201703061525/tools/compiler/bin/../lib/gcc/arm-none-eabi/5.4.1/armv7e-m/fpu\libgcc.a(_arm_fixunsdfsi.o)
                              Application/User/STM_MY_LCD16X2.o (__aeabi_d2uiz)
d:/eclipse/plugins/fr.ac6.mcu.externaltools.arm-none.win32_1.13.2.201703061525/tools/compiler/bin/../lib/gcc/arm-none-eabi/5.4.1/armv7e-m/fpu\libgcc.a(_aeabi_uldivmod.o)
                              Drivers/STM32F4xx_HAL_Driver/stm32f4xx_hal_rcc.o (__aeabi_uldivmod)
d:/eclipse/plugins/fr.ac6.mcu.externaltools.arm-none.win32_1.13.2.201703061525/tools/compiler/bin/../lib/gcc/arm-none-eabi/5.4.1/armv7e-m/fpu\libgcc.a(_udivmoddi4.o)
                              d:/eclipse/plugins/fr.ac6.mcu.externaltools.arm-none.win32_1.13.2.201703061525/tools/compiler/bin/../lib/gcc/arm-none-eabi/5.4.1/armv7e-m/fpu\libgcc.a(_aeabi_uldivmod.o) (__udivmoddi4)
d:/eclipse/plugins/fr.ac6.mcu.externaltools.arm-none.win32_1.13.2.201703061525/tools/compiler/bin/../lib/gcc/arm-none-eabi/5.4.1/armv7e-m/fpu\libgcc.a(_dvmd_tls.o)
                              d:/eclipse/plugins/fr.ac6.mcu.externaltools.arm-none.win32_1.13.2.201703061525/tools/compiler/bin/../lib/gcc/arm-none-eabi/5.4.1/armv7e-m/fpu\libgcc.a(_aeabi_uldivmod.o) (__aeabi_ldiv0)
d:/eclipse/plugins/fr.ac6.mcu.externaltools.arm-none.win32_1.13.2.201703061525/tools/compiler/bin/../lib/gcc/arm-none-eabi/5.4.1/../../../../arm-none-eabi/lib/armv7e-m/fpu\libc_nano.a(lib_a-exit.o)
                              d:/eclipse/plugins/fr.ac6.mcu.externaltools.arm-none.win32_1.13.2.201703061525/tools/compiler/bin/../lib/gcc/arm-none-eabi/5.4.1/../../../../arm-none-eabi/lib/armv7e-m/fpu/crt0.o (exit)
d:/eclipse/plugins/fr.ac6.mcu.externaltools.arm-none.win32_1.13.2.201703061525/tools/compiler/bin/../lib/gcc/arm-none-eabi/5.4.1/../../../../arm-none-eabi/lib/armv7e-m/fpu\libc_nano.a(lib_a-impure.o)
                              d:/eclipse/plugins/fr.ac6.mcu.externaltools.arm-none.win32_1.13.2.201703061525/tools/compiler/bin/../lib/gcc/arm-none-eabi/5.4.1/../../../../arm-none-eabi/lib/armv7e-m/fpu\libc_nano.a(lib_a-exit.o) (_global_impure_ptr)
d:/eclipse/plugins/fr.ac6.mcu.externaltools.arm-none.win32_1.13.2.201703061525/tools/compiler/bin/../lib/gcc/arm-none-eabi/5.4.1/../../../../arm-none-eabi/lib/armv7e-m/fpu\libc_nano.a(lib_a-init.o)
                              d:/eclipse/plugins/fr.ac6.mcu.externaltools.arm-none.win32_1.13.2.201703061525/tools/compiler/bin/../lib/gcc/arm-none-eabi/5.4.1/../../../../arm-none-eabi/lib/armv7e-m/fpu/crt0.o (__libc_init_array)
d:/eclipse/plugins/fr.ac6.mcu.externaltools.arm-none.win32_1.13.2.201703061525/tools/compiler/bin/../lib/gcc/arm-none-eabi/5.4.1/../../../../arm-none-eabi/lib/armv7e-m/fpu\libc_nano.a(lib_a-memset.o)
                              d:/eclipse/plugins/fr.ac6.mcu.externaltools.arm-none.win32_1.13.2.201703061525/tools/compiler/bin/../lib/gcc/arm-none-eabi/5.4.1/../../../../arm-none-eabi/lib/armv7e-m/fpu/crt0.o (memset)
d:/eclipse/plugins/fr.ac6.mcu.externaltools.arm-none.win32_1.13.2.201703061525/tools/compiler/bin/../lib/gcc/arm-none-eabi/5.4.1/../../../../arm-none-eabi/lib/armv7e-m/fpu\libc_nano.a(lib_a-sprintf.o)
                              Application/User/STM_MY_LCD16X2.o (sprintf)
d:/eclipse/plugins/fr.ac6.mcu.externaltools.arm-none.win32_1.13.2.201703061525/tools/compiler/bin/../lib/gcc/arm-none-eabi/5.4.1/../../../../arm-none-eabi/lib/armv7e-m/fpu\libc_nano.a(lib_a-nano-svfprintf.o)
                              d:/eclipse/plugins/fr.ac6.mcu.externaltools.arm-none.win32_1.13.2.201703061525/tools/compiler/bin/../lib/gcc/arm-none-eabi/5.4.1/../../../../arm-none-eabi/lib/armv7e-m/fpu\libc_nano.a(lib_a-sprintf.o) (_svfprintf_r)
d:/eclipse/plugins/fr.ac6.mcu.externaltools.arm-none.win32_1.13.2.201703061525/tools/compiler/bin/../lib/gcc/arm-none-eabi/5.4.1/../../../../arm-none-eabi/lib/armv7e-m/fpu\libc_nano.a(lib_a-nano-vfprintf_i.o)
                              d:/eclipse/plugins/fr.ac6.mcu.externaltools.arm-none.win32_1.13.2.201703061525/tools/compiler/bin/../lib/gcc/arm-none-eabi/5.4.1/../../../../arm-none-eabi/lib/armv7e-m/fpu\libc_nano.a(lib_a-nano-svfprintf.o) (_printf_i)
d:/eclipse/plugins/fr.ac6.mcu.externaltools.arm-none.win32_1.13.2.201703061525/tools/compiler/bin/../lib/gcc/arm-none-eabi/5.4.1/../../../../arm-none-eabi/lib/armv7e-m/fpu\libc_nano.a(lib_a-memchr.o)
[...]
Memory Configuration

Name             Origin             Length             Attributes
RAM              0x20000000         0x00020000         xrw
FLASH            0x08000000         0x00040000         xr
*default*        0x00000000         0xffffffff

Linker script and memory map

LOAD d:/eclipse/plugins/fr.ac6.mcu.externaltools.arm-none.win32_1.13.2.201703061525/tools/compiler/bin/../lib/gcc/arm-none-eabi/5.4.1/armv7e-m/fpu/crti.o
LOAD d:/eclipse/plugins/fr.ac6.mcu.externaltools.arm-none.win32_1.13.2.201703061525/tools/compiler/bin/../lib/gcc/arm-none-eabi/5.4.1/armv7e-m/fpu/crtbegin.o
LOAD d:/eclipse/plugins/fr.ac6.mcu.externaltools.arm-none.win32_1.13.2.201703061525/tools/compiler/bin/../lib/gcc/arm-none-eabi/5.4.1/../../../../arm-none-eabi/lib/armv7e-m/fpu/crt0.o
LOAD d:/eclipse/plugins/fr.ac6.mcu.externaltools.arm-none.win32_1.13.2.201703061525/tools/compiler/bin/../lib/gcc/arm-none-eabi/5.4.1/../../../../arm-none-eabi/lib/armv7e-m/fpu\libm.a
LOAD Drivers/STM32F4xx_HAL_Driver/stm32f4xx_hal.o
LOAD Drivers/STM32F4xx_HAL_Driver/stm32f4xx_hal_cortex.o
LOAD Drivers/STM32F4xx_HAL_Driver/stm32f4xx_hal_dma.o
LOAD Drivers/STM32F4xx_HAL_Driver/stm32f4xx_hal_dma_ex.o
LOAD Drivers/STM32F4xx_HAL_Driver/stm32f4xx_hal_flash.o
LOAD Drivers/STM32F4xx_HAL_Driver/stm32f4xx_hal_flash_ex.o
LOAD Drivers/STM32F4xx_HAL_Driver/stm32f4xx_hal_flash_ramfunc.o
LOAD Drivers/STM32F4xx_HAL_Driver/stm32f4xx_hal_gpio.o
LOAD Drivers/STM32F4xx_HAL_Driver/stm32f4xx_hal_pwr.o
LOAD Drivers/STM32F4xx_HAL_Driver/stm32f4xx_hal_pwr_ex.o
LOAD Drivers/STM32F4xx_HAL_Driver/stm32f4xx_hal_rcc.o
LOAD Drivers/STM32F4xx_HAL_Driver/stm32f4xx_hal_rcc_ex.o
LOAD Drivers/STM32F4xx_HAL_Driver/stm32f4xx_hal_spi.o
LOAD Drivers/STM32F4xx_HAL_Driver/stm32f4xx_hal_tim.o
LOAD Drivers/STM32F4xx_HAL_Driver/stm32f4xx_hal_tim_ex.o
LOAD Drivers/CMSIS/system_stm32f4xx.o
LOAD Application/User/Fonts.o
LOAD Application/User/SSD1331.o
LOAD Application/User/STM_MY_LCD16X2.o
LOAD Application/User/main.o
LOAD Application/User/stm32f4xx_hal_msp.o
LOAD Application/User/stm32f4xx_it.o
LOAD Application/SW4STM32/startup_stm32f411xe.o
START GROUP
LOAD d:/eclipse/plugins/fr.ac6.mcu.externaltools.arm-none.win32_1.13.2.201703061525/tools/compiler/bin/../lib/gcc/arm-none-eabi/5.4.1/armv7e-m/fpu\libgcc.a
LOAD d:/eclipse/plugins/fr.ac6.mcu.externaltools.arm-none.win32_1.13.2.201703061525/tools/compiler/bin/../lib/gcc/arm-none-eabi/5.4.1/../../../../arm-none-eabi/lib/armv7e-m/fpu\libc_nano.a
END GROUP
START GROUP
LOAD d:/eclipse/plugins/fr.ac6.mcu.externaltools.arm-none.win32_1.13.2.201703061525/tools/compiler/bin/../lib/gcc/arm-none-eabi/5.4.1/armv7e-m/fpu\libgcc.a
LOAD d:/eclipse/plugins/fr.ac6.mcu.externaltools.arm-none.win32_1.13.2.201703061525/tools/compiler/bin/../lib/gcc/arm-none-eabi/5.4.1/../../../../arm-none-eabi/lib/armv7e-m/fpu\libc_nano.a
LOAD d:/eclipse/plugins/fr.ac6.mcu.externaltools.arm-none.win32_1.13.2.201703061525/tools/compiler/bin/../lib/gcc/arm-none-eabi/5.4.1/../../../../arm-none-eabi/lib/armv7e-m/fpu\libnosys.a
END GROUP
START GROUP
LOAD d:/eclipse/plugins/fr.ac6.mcu.externaltools.arm-none.win32_1.13.2.201703061525/tools/compiler/bin/../lib/gcc/arm-none-eabi/5.4.1/armv7e-m/fpu\libgcc.a
LOAD d:/eclipse/plugins/fr.ac6.mcu.externaltools.arm-none.win32_1.13.2.201703061525/tools/compiler/bin/../lib/gcc/arm-none-eabi/5.4.1/../../../../arm-none-eabi/lib/armv7e-m/fpu\libc_nano.a
LOAD d:/eclipse/plugins/fr.ac6.mcu.externaltools.arm-none.win32_1.13.2.201703061525/tools/compiler/bin/../lib/gcc/arm-none-eabi/5.4.1/../../../../arm-none-eabi/lib/armv7e-m/fpu\libnosys.a
END GROUP
LOAD d:/eclipse/plugins/fr.ac6.mcu.externaltools.arm-none.win32_1.13.2.201703061525/tools/compiler/bin/../lib/gcc/arm-none-eabi/5.4.1/armv7e-m/fpu/crtend.o
LOAD d:/eclipse/plugins/fr.ac6.mcu.externaltools.arm-none.win32_1.13.2.201703061525/tools/compiler/bin/../lib/gcc/arm-none-eabi/5.4.1/armv7e-m/fpu/crtn.o
                0x20020000                _estack = 0x20020000
                0x00000200                _Min_Heap_Size = 0x200
                0x00000400                _Min_Stack_Size = 0x400

.isr_vector     0x08000000      0x198
                0x08000000                . = ALIGN (0x4)
 *(.isr_vector)
 .isr_vector    0x08000000      0x198 Application/SW4STM32/startup_stm32f411xe.o
                0x08000000                g_pfnVectors
                0x08000198                . = ALIGN (0x4)

.text           0x08000198     0x22ec
                0x08000198                . = ALIGN (0x4)
 *(.text)
 .text          0x08000198       0x5c d:/eclipse/plugins/fr.ac6.mcu.externaltools.arm-none.win32_1.13.2.201703061525/tools/compiler/bin/../lib/gcc/arm-none-eabi/5.4.1/armv7e-m/fpu/crtbegin.o
 .text          0x080001f4      0x370 d:/eclipse/plugins/fr.ac6.mcu.externaltools.arm-none.win32_1.13.2.201703061525/tools/compiler/bin/../lib/gcc/arm-none-eabi/5.4.1/armv7e-m/fpu\libgcc.a(_arm_addsubdf3.o)
                0x080001f4                __aeabi_drsub
                0x080001fc                __aeabi_dsub
                0x080001fc                __subdf3
                0x08000200                __aeabi_dadd
                0x08000200                __adddf3
                0x08000478                __floatunsidf
                0x08000478                __aeabi_ui2d
                0x08000498                __floatsidf
                0x08000498                __aeabi_i2d
                0x080004bc                __aeabi_f2d
                0x080004bc                __extendsfdf2
                0x080004f8                __floatundidf
                0x080004f8                __aeabi_ul2d
                0x08000508                __floatdidf
                0x08000508                __aeabi_l2d
 .text          0x08000564      0x424 d:/eclipse/plugins/fr.ac6.mcu.externaltools.arm-none.win32_1.13.2.201703061525/tools/compiler/bin/../lib/gcc/arm-none-eabi/5.4.1/armv7e-m/fpu\libgcc.a(_arm_muldivdf3.o)
                0x08000564                __aeabi_dmul
                0x08000564                __muldf3
                0x080007b8                __divdf3
                0x080007b8                __aeabi_ddiv
 .text          0x08000988       0x40 d:/eclipse/plugins/fr.ac6.mcu.externaltools.arm-none.win32_1.13.2.201703061525/tools/compiler/bin/../lib/gcc/arm-none-eabi/5.4.1/armv7e-m/fpu\libgcc.a(_arm_fixunsdfsi.o)
                0x08000988                __aeabi_d2uiz
                0x08000988                __fixunsdfsi
 .text          0x080009c8       0x30 d:/eclipse/plugins/fr.ac6.mcu.externaltools.arm-none.win32_1.13.2.201703061525/tools/compiler/bin/../lib/gcc/arm-none-eabi/5.4.1/armv7e-m/fpu\libgcc.a(_aeabi_uldivmod.o)
                0x080009c8                __aeabi_uldivmod
 .text          0x080009f8      0x2e4 d:/eclipse/plugins/fr.ac6.mcu.externaltools.arm-none.win32_1.13.2.201703061525/tools/compiler/bin/../lib/gcc/arm-none-eabi/5.4.1/armv7e-m/fpu\libgcc.a(_udivmoddi4.o)
                0x080009f8                __udivmoddi4
 .text          0x08000cdc        0x4 d:/eclipse/plugins/fr.ac6.mcu.externaltools.arm-none.win32_1.13.2.201703061525/tools/compiler/bin/../lib/gcc/arm-none-eabi/5.4.1/armv7e-m/fpu\libgcc.a(_dvmd_tls.o)
                0x08000cdc                __aeabi_idiv0
                0x08000cdc                __aeabi_ldiv0
 *(.text*)
 .text.HAL_InitTick
                0x08000ce0       0x48 Drivers/STM32F4xx_HAL_Driver/stm32f4xx_hal.o
                0x08000ce0                HAL_InitTick
 .text.HAL_Init
                0x08000d28       0x34 Drivers/STM32F4xx_HAL_Driver/stm32f4xx_hal.o
                0x08000d28                HAL_Init
 .text.HAL_IncTick
                0x08000d5c       0x18 Drivers/STM32F4xx_HAL_Driver/stm32f4xx_hal.o
                0x08000d5c                HAL_IncTick
 .text.HAL_GetTick
                0x08000d74        0xc Drivers/STM32F4xx_HAL_Driver/stm32f4xx_hal.o
                0x08000d74                HAL_GetTick
 .text.HAL_Delay
                0x08000d80       0x28 Drivers/STM32F4xx_HAL_Driver/stm32f4xx_hal.o
                0x08000d80                HAL_Delay
 .text.HAL_NVIC_SetPriorityGrouping
                0x08000da8       0x24 Drivers/STM32F4xx_HAL_Driver/stm32f4xx_hal_cortex.o
                0x08000da8                HAL_NVIC_SetPriorityGrouping
 .text.HAL_NVIC_SetPriority
                0x08000dcc       0x64 Drivers/STM32F4xx_HAL_Driver/stm32f4xx_hal_cortex.o
                0x08000dcc                HAL_NVIC_SetPriority
 .text.HAL_SYSTICK_Config
                0x08000e30       0x2c Drivers/STM32F4xx_HAL_Driver/stm32f4xx_hal_cortex.o
                0x08000e30                HAL_SYSTICK_Config
 .text.HAL_SYSTICK_CLKSourceConfig
                0x08000e5c       0x20 Drivers/STM32F4xx_HAL_Driver/stm32f4xx_hal_cortex.o
                0x08000e5c                HAL_SYSTICK_CLKSourceConfig
 .text.HAL_SYSTICK_Callback
                0x08000e7c        0x4 Drivers/STM32F4xx_HAL_Driver/stm32f4xx_hal_cortex.o
                0x08000e7c                HAL_SYSTICK_Callback
 .text.HAL_SYSTICK_IRQHandler
                0x08000e80        0x8 Drivers/STM32F4xx_HAL_Driver/stm32f4xx_hal_cortex.o
                0x08000e80                HAL_SYSTICK_IRQHandler
 .text.HAL_GPIO_Init
                0x08000e88      0x19c Drivers/STM32F4xx_HAL_Driver/stm32f4xx_hal_gpio.o
                0x08000e88                HAL_GPIO_Init
 .text.HAL_GPIO_WritePin
                0x08001024        0xc Drivers/STM32F4xx_HAL_Driver/stm32f4xx_hal_gpio.o
                0x08001024                HAL_GPIO_WritePin
 .text.HAL_RCC_OscConfig
                0x08001030      0x3c0 Drivers/STM32F4xx_HAL_Driver/stm32f4xx_hal_rcc.o
                0x08001030                HAL_RCC_OscConfig
 .text.HAL_RCC_GetSysClockFreq
                0x080013f0       0xa0 Drivers/STM32F4xx_HAL_Driver/stm32f4xx_hal_rcc.o
                0x080013f0                HAL_RCC_GetSysClockFreq
 .text.HAL_RCC_ClockConfig
                0x08001490      0x160 Drivers/STM32F4xx_HAL_Driver/stm32f4xx_hal_rcc.o
                0x08001490                HAL_RCC_ClockConfig
 .text.HAL_RCC_GetHCLKFreq
                0x080015f0        0xc Drivers/STM32F4xx_HAL_Driver/stm32f4xx_hal_rcc.o
                0x080015f0                HAL_RCC_GetHCLKFreq
 .text.HAL_RCC_GetPCLK1Freq
                0x080015fc       0x20 Drivers/STM32F4xx_HAL_Driver/stm32f4xx_hal_rcc.o
                0x080015fc                HAL_RCC_GetPCLK1Freq
 .text.HAL_RCC_GetClockConfig
                0x0800161c       0x3c Drivers/STM32F4xx_HAL_Driver/stm32f4xx_hal_rcc.o
                0x0800161c                HAL_RCC_GetClockConfig
 .text.SPI_WaitFlagStateUntilTimeout
                0x08001658       0x94 Drivers/STM32F4xx_HAL_Driver/stm32f4xx_hal_spi.o
 .text.SPI_CheckFlag_BSY
                0x080016ec       0x28 Drivers/STM32F4xx_HAL_Driver/stm32f4xx_hal_spi.o
 .text.HAL_SPI_Init
                0x08001714       0x84 Drivers/STM32F4xx_HAL_Driver/stm32f4xx_hal_spi.o
                0x08001714                HAL_SPI_Init
 .text.HAL_SPI_Transmit
                0x08001798      0x1b0 Drivers/STM32F4xx_HAL_Driver/stm32f4xx_hal_spi.o
                0x08001798                HAL_SPI_Transmit
 .text.SystemInit
                0x08001948       0x4c Drivers/CMSIS/system_stm32f4xx.o
                0x08001948                SystemInit
 .text.ssd1331_write_byte
                0x08001994       0x60 Application/User/SSD1331.o
 .text.ssd1331_draw_point
                0x080019f4       0x54 Application/User/SSD1331.o
                0x080019f4                ssd1331_draw_point
 .text.ssd1331_display_char
                0x08001a48       0xa0 Application/User/SSD1331.o
                0x08001a48                ssd1331_display_char
 .text.ssd1331_clear_screen
                0x08001ae8       0x28 Application/User/SSD1331.o
                0x08001ae8                ssd1331_clear_screen
 .text.ssd1331_display_string
                0x08001b10       0x64 Application/User/SSD1331.o
                0x08001b10                ssd1331_display_string
 .text.ssd1331_init
                0x08001b74      0x158 Application/User/SSD1331.o
                0x08001b74                ssd1331_init
 .text.LCD1602_TIM_MicorSecDelay
                0x08001ccc       0x28 Application/User/STM_MY_LCD16X2.o
 *fill*         0x08001cf4        0x4 
 .text.LCD1602_TIM_Config
                0x08001cf8       0x88 Application/User/STM_MY_LCD16X2.o
 .text.LCD1602_RS
                0x08001d80       0x24 Application/User/STM_MY_LCD16X2.o
 .text.LCD1602_EnablePulse
                0x08001da4       0x2c Application/User/STM_MY_LCD16X2.o
 .text.LCD1602_write
                0x08001dd0       0xf0 Application/User/STM_MY_LCD16X2.o
 .text.LCD1602_writeCommand
                0x08001ec0       0x14 Application/User/STM_MY_LCD16X2.o
 .text.LCD1602_writeData
                0x08001ed4       0x14 Application/User/STM_MY_LCD16X2.o
 .text.LCD1602_write4bitCommand
                0x08001ee8       0x48 Application/User/STM_MY_LCD16X2.o
 .text.LCD1602_Begin4BIT
                0x08001f30       0x90 Application/User/STM_MY_LCD16X2.o
                0x08001f30                LCD1602_Begin4BIT
 .text.LCD1602_print
                0x08001fc0       0x1c Application/User/STM_MY_LCD16X2.o
                0x08001fc0                LCD1602_print
 .text.LCD1602_setCursor
                0x08001fdc       0x20 Application/User/STM_MY_LCD16X2.o
                0x08001fdc                LCD1602_setCursor
 .text.LCD1602_1stLine
                0x08001ffc        0xc Application/User/STM_MY_LCD16X2.o
                0x08001ffc                LCD1602_1stLine
 .text.LCD1602_2ndLine
                0x08002008        0xc Application/User/STM_MY_LCD16X2.o
                0x08002008                LCD1602_2ndLine
 .text.LCD1602_clear
                0x08002014       0x10 Application/User/STM_MY_LCD16X2.o
                0x08002014                LCD1602_clear
 .text.MX_GPIO_Init
                0x08002024       0xd0 Application/User/main.o
 .text._Error_Handler
                0x080020f4        0x4 Application/User/main.o
                0x080020f4                _Error_Handler
 .text.MX_SPI1_Init
                0x080020f8       0x4c Application/User/main.o
 .text.SystemClock_Config
                0x08002144       0xc0 Application/User/main.o
                0x08002144                SystemClock_Config
 .text.main     0x08002204       0xec Application/User/main.o
                0x08002204                main
 .text.HAL_MspInit
                0x080022f0       0x60 Application/User/stm32f4xx_hal_msp.o
                0x080022f0                HAL_MspInit
 .text.HAL_SPI_MspInit
                0x08002350       0x50 Application/User/stm32f4xx_hal_msp.o
                0x08002350                HAL_SPI_MspInit
 .text.NMI_Handler
                0x080023a0        0x4 Application/User/stm32f4xx_it.o
                0x080023a0                NMI_Handler
 .text.HardFault_Handler
                0x080023a4        0x4 Application/User/stm32f4xx_it.o
                0x080023a4                HardFault_Handler
 .text.MemManage_Handler
                0x080023a8        0x4 Application/User/stm32f4xx_it.o
                0x080023a8                MemManage_Handler
 .text.BusFault_Handler
                0x080023ac        0x4 Application/User/stm32f4xx_it.o
                0x080023ac                BusFault_Handler
 .text.UsageFault_Handler
                0x080023b0        0x4 Application/User/stm32f4xx_it.o
                0x080023b0                UsageFault_Handler
 .text.SVC_Handler
                0x080023b4        0x4 Application/User/stm32f4xx_it.o
                0x080023b4                SVC_Handler
 .text.DebugMon_Handler
                0x080023b8        0x4 Application/User/stm32f4xx_it.o
                0x080023b8                DebugMon_Handler
 .text.PendSV_Handler
                0x080023bc        0x4 Application/User/stm32f4xx_it.o
                0x080023bc                PendSV_Handler
 .text.SysTick_Handler
                0x080023c0        0xc Application/User/stm32f4xx_it.o
                0x080023c0                SysTick_Handler
 .text.Reset_Handler
                0x080023cc       0x50 Application/SW4STM32/startup_stm32f411xe.o
                0x080023cc                Reset_Handler
 .text.Default_Handler
                0x0800241c        0x2 Application/SW4STM32/startup_stm32f411xe.o
                0x0800241c                RTC_Alarm_IRQHandler
                0x0800241c                EXTI2_IRQHandler
                0x0800241c                SPI4_IRQHandler
                0x0800241c                TIM1_CC_IRQHandler
                0x0800241c                DMA2_Stream5_IRQHandler
                0x0800241c                DMA1_Stream5_IRQHandler
                0x0800241c                PVD_IRQHandler
                0x0800241c                SDIO_IRQHandler
                0x0800241c                TAMP_STAMP_IRQHandler
                0x0800241c                EXTI3_IRQHandler
                0x0800241c                TIM1_UP_TIM10_IRQHandler
                0x0800241c                I2C3_ER_IRQHandler
                0x0800241c                EXTI0_IRQHandler
                0x0800241c                I2C2_EV_IRQHandler
                0x0800241c                DMA1_Stream2_IRQHandler
                0x0800241c                FPU_IRQHandler
                0x0800241c                DMA2_Stream2_IRQHandler
                0x0800241c                SPI1_IRQHandler
                0x0800241c                TIM1_BRK_TIM9_IRQHandler
                0x0800241c                DMA2_Stream3_IRQHandler
                0x0800241c                USART6_IRQHandler
                0x0800241c                DMA2_Stream0_IRQHandler
                0x0800241c                TIM4_IRQHandler
                0x0800241c                I2C1_EV_IRQHandler
                0x0800241c                DMA1_Stream6_IRQHandler
                0x0800241c                DMA1_Stream1_IRQHandler
                0x0800241c                TIM3_IRQHandler
                0x0800241c                RCC_IRQHandler
                0x0800241c                Default_Handler
                0x0800241c                EXTI15_10_IRQHandler
                0x0800241c                ADC_IRQHandler
                0x0800241c                DMA1_Stream7_IRQHandler
                0x0800241c                SPI5_IRQHandler
                0x0800241c                TIM5_IRQHandler
                0x0800241c                DMA2_Stream7_IRQHandler
                0x0800241c                I2C3_EV_IRQHandler
                0x0800241c                EXTI9_5_IRQHandler
                0x0800241c                RTC_WKUP_IRQHandler
                0x0800241c                SPI2_IRQHandler
                0x0800241c                DMA1_Stream0_IRQHandler
                0x0800241c                EXTI4_IRQHandler
                0x0800241c                WWDG_IRQHandler
                0x0800241c                TIM2_IRQHandler
                0x0800241c                OTG_FS_WKUP_IRQHandler
                0x0800241c                TIM1_TRG_COM_TIM11_IRQHandler
                0x0800241c                EXTI1_IRQHandler
                0x0800241c                USART2_IRQHandler
                0x0800241c                I2C2_ER_IRQHandler
                0x0800241c                DMA2_Stream1_IRQHandler
                0x0800241c                FLASH_IRQHandler
                0x0800241c                DMA2_Stream4_IRQHandler
                0x0800241c                USART1_IRQHandler
                0x0800241c                OTG_FS_IRQHandler
                0x0800241c                SPI3_IRQHandler
                0x0800241c                DMA1_Stream4_IRQHandler
                0x0800241c                I2C1_ER_IRQHandler
                0x0800241c                DMA2_Stream6_IRQHandler
                0x0800241c                DMA1_Stream3_IRQHandler
 *fill*         0x0800241e        0x2 
 .text.__libc_init_array
                0x08002420       0x4c d:/eclipse/plugins/fr.ac6.mcu.externaltools.arm-none.win32_1.13.2.201703061525/tools/compiler/bin/../lib/gcc/arm-none-eabi/5.4.1/../../../../arm-none-eabi/lib/armv7e-m/fpu\libc_nano.a(lib_a-init.o)
                0x08002420                __libc_init_array
 *(.glue_7)
 .glue_7        0x0800246c        0x0 linker stubs
 *(.glue_7t)
 .glue_7t       0x0800246c        0x0 linker stubs
 *(.eh_frame)
 .eh_frame      0x0800246c        0x0 d:/eclipse/plugins/fr.ac6.mcu.externaltools.arm-none.win32_1.13.2.201703061525/tools/compiler/bin/../lib/gcc/arm-none-eabi/5.4.1/armv7e-m/fpu/crtbegin.o
 *(.init)
 .init          0x0800246c        0x4 d:/eclipse/plugins/fr.ac6.mcu.externaltools.arm-none.win32_1.13.2.201703061525/tools/compiler/bin/../lib/gcc/arm-none-eabi/5.4.1/armv7e-m/fpu/crti.o
                0x0800246c                _init
 .init          0x08002470        0x8 d:/eclipse/plugins/fr.ac6.mcu.externaltools.arm-none.win32_1.13.2.201703061525/tools/compiler/bin/../lib/gcc/arm-none-eabi/5.4.1/armv7e-m/fpu/crtn.o
 *(.fini)
 .fini          0x08002478        0x4 d:/eclipse/plugins/fr.ac6.mcu.externaltools.arm-none.win32_1.13.2.201703061525/tools/compiler/bin/../lib/gcc/arm-none-eabi/5.4.1/armv7e-m/fpu/crti.o
                0x08002478                _fini
 .fini          0x0800247c        0x8 d:/eclipse/plugins/fr.ac6.mcu.externaltools.arm-none.win32_1.13.2.201703061525/tools/compiler/bin/../lib/gcc/arm-none-eabi/5.4.1/armv7e-m/fpu/crtn.o
                0x08002484                . = ALIGN (0x4)
                0x08002484                _etext = .

.vfp11_veneer   0x08002484        0x0
 .vfp11_veneer  0x08002484        0x0 linker stubs

.v4_bx          0x08002484        0x0
 .v4_bx         0x08002484        0x0 linker stubs

.iplt           0x08002484        0x0
 .iplt          0x08002484        0x0 d:/eclipse/plugins/fr.ac6.mcu.externaltools.arm-none.win32_1.13.2.201703061525/tools/compiler/bin/../lib/gcc/arm-none-eabi/5.4.1/armv7e-m/fpu/crtbegin.o

.rodata         0x08002484      0xf98
                0x08002484                . = ALIGN (0x4)
 *(.rodata)
 .rodata        0x08002484       0x18 Drivers/CMSIS/system_stm32f4xx.o
                0x08002484                AHBPrescTable
                0x08002494                APBPrescTable
 .rodata        0x0800249c      0xf2c Application/User/Fonts.o
                0x0800249c                c_chAlarm88
                0x080024a4                c_chGPRS88
                0x080024ac                c_chBluetooth88
                0x080024b4                c_chBat816
                0x080024c4                c_chMsg816
                0x080024d4                c_chSingal816
                0x080024e4                c_chBmp4016
                0x08002544                c_chFont3216
                0x08002804                c_chFont1612
                0x08002964                c_chFont1608
                0x08002f54                c_chFont1206
 *(.rodata*)
 .rodata.str1.4
                0x080033c8       0x54 Application/User/main.o
                                 0x52 (size before relaxing)
                0x0800341c                . = ALIGN (0x4)

.ARM.extab
 *(.ARM.extab* .gnu.linkonce.armextab.*)

.ARM            0x0800341c        0x8
                0x0800341c                __exidx_start = .
 *(.ARM.exidx*)
 .ARM.exidx     0x0800341c        0x8 d:/eclipse/plugins/fr.ac6.mcu.externaltools.arm-none.win32_1.13.2.201703061525/tools/compiler/bin/../lib/gcc/arm-none-eabi/5.4.1/armv7e-m/fpu\libgcc.a(_udivmoddi4.o)
                0x08003424                __exidx_end = .

.rel.dyn        0x08003424        0x0
 .rel.iplt      0x08003424        0x0 d:/eclipse/plugins/fr.ac6.mcu.externaltools.arm-none.win32_1.13.2.201703061525/tools/compiler/bin/../lib/gcc/arm-none-eabi/5.4.1/armv7e-m/fpu/crtbegin.o

.preinit_array  0x08003424        0x0
                0x08003424                PROVIDE (__preinit_array_start, .)
 *(.preinit_array*)
                0x08003424                PROVIDE (__preinit_array_end, .)

.init_array     0x08003424        0x4
                0x08003424                PROVIDE (__init_array_start, .)
 *(SORT(.init_array.*))
 *(.init_array*)
 .init_array    0x08003424        0x4 d:/eclipse/plugins/fr.ac6.mcu.externaltools.arm-none.win32_1.13.2.201703061525/tools/compiler/bin/../lib/gcc/arm-none-eabi/5.4.1/armv7e-m/fpu/crtbegin.o
                0x08003428                PROVIDE (__init_array_end, .)

.fini_array     0x08003428        0x4
                [!provide]                PROVIDE (__fini_array_start, .)
 *(SORT(.fini_array.*))
 *(.fini_array*)
 .fini_array    0x08003428        0x4 d:/eclipse/plugins/fr.ac6.mcu.externaltools.arm-none.win32_1.13.2.201703061525/tools/compiler/bin/../lib/gcc/arm-none-eabi/5.4.1/armv7e-m/fpu/crtbegin.o
                [!provide]                PROVIDE (__fini_array_end, .)
                0x0800342c                _sidata = LOADADDR (.data)

.data           0x20000000       0x10 load address 0x0800342c
                0x20000000                . = ALIGN (0x4)
                0x20000000                _sdata = .
 *(.data)
 .data          0x20000000        0x8 Drivers/STM32F4xx_HAL_Driver/stm32f4xx_hal.o
                0x20000000                uwTickFreq
                0x20000004                uwTickPrio
 .data          0x20000008        0x4 Drivers/CMSIS/system_stm32f4xx.o
                0x20000008                SystemCoreClock
 .data          0x2000000c        0x3 Application/User/STM_MY_LCD16X2.o
 *(.data*)
                0x20000010                . = ALIGN (0x4)
 *fill*         0x2000000f        0x1 
                0x20000010                _edata = .

.jcr            0x20000010        0x0 load address 0x0800343c
 .jcr           0x20000010        0x0 d:/eclipse/plugins/fr.ac6.mcu.externaltools.arm-none.win32_1.13.2.201703061525/tools/compiler/bin/../lib/gcc/arm-none-eabi/5.4.1/armv7e-m/fpu/crtbegin.o

.igot.plt       0x20000010        0x0 load address 0x0800343c
 .igot.plt      0x20000010        0x0 d:/eclipse/plugins/fr.ac6.mcu.externaltools.arm-none.win32_1.13.2.201703061525/tools/compiler/bin/../lib/gcc/arm-none-eabi/5.4.1/armv7e-m/fpu/crtbegin.o
                0x20000010                . = ALIGN (0x4)

.bss            0x20000010       0x9c load address 0x0800343c
                0x20000010                _sbss = .
                0x20000010                __bss_start__ = _sbss
 *(.bss)
 .bss           0x20000010       0x1c d:/eclipse/plugins/fr.ac6.mcu.externaltools.arm-none.win32_1.13.2.201703061525/tools/compiler/bin/../lib/gcc/arm-none-eabi/5.4.1/armv7e-m/fpu/crtbegin.o
 .bss           0x2000002c       0x22 Application/User/STM_MY_LCD16X2.o
 *(.bss*)
 *(COMMON)
 *fill*         0x2000004e        0x2 
 COMMON         0x20000050        0x4 Drivers/STM32F4xx_HAL_Driver/stm32f4xx_hal.o
                0x20000050                uwTick
 COMMON         0x20000054       0x58 Application/User/main.o
                0x20000054                hspi1
                0x200000ac                . = ALIGN (0x4)
                0x200000ac                _ebss = .
                0x200000ac                __bss_end__ = _ebss

._user_heap_stack
                0x200000ac      0x604 load address 0x0800343c
                0x200000b0                . = ALIGN (0x8)
 *fill*         0x200000ac        0x4 
                0x200000b0                PROVIDE (end, .)
                [!provide]                PROVIDE (_end, .)
                0x200002b0                . = (. + _Min_Heap_Size)
 *fill*         0x200000b0      0x200 
                0x200006b0                . = (. + _Min_Stack_Size)
 *fill*         0x200002b0      0x400 
                0x200006b0                . = ALIGN (0x8)

/DISCARD/
 libc.a(*)
 libm.a(*)
 libgcc.a(*)

.ARM.attributes
                0x00000000       0x30
 *(.ARM.attributes)
 .ARM.attributes
                0x00000000       0x22 d:/eclipse/plugins/fr.ac6.mcu.externaltools.arm-none.win32_1.13.2.201703061525/tools/compiler/bin/../lib/gcc/arm-none-eabi/5.4.1/armv7e-m/fpu/crti.o
 .ARM.attributes
                0x00000022       0x34 d:/eclipse/plugins/fr.ac6.mcu.externaltools.arm-none.win32_1.13.2.201703061525/tools/compiler/bin/../lib/gcc/arm-none-eabi/5.4.1/armv7e-m/fpu/crtbegin.o
 .ARM.attributes
                0x00000056       0x39 Drivers/STM32F4xx_HAL_Driver/stm32f4xx_hal.o
 .ARM.attributes
                0x0000008f       0x39 Drivers/STM32F4xx_HAL_Driver/stm32f4xx_hal_cortex.o
 .ARM.attributes
                0x000000c8       0x39 Drivers/STM32F4xx_HAL_Driver/stm32f4xx_hal_gpio.o
 .ARM.attributes
                0x00000101       0x39 Drivers/STM32F4xx_HAL_Driver/stm32f4xx_hal_rcc.o
 .ARM.attributes
                0x0000013a       0x39 Drivers/STM32F4xx_HAL_Driver/stm32f4xx_hal_spi.o
 .ARM.attributes
                0x00000173       0x39 Drivers/CMSIS/system_stm32f4xx.o
 .ARM.attributes
                0x000001ac       0x39 Application/User/Fonts.o
 .ARM.attributes
                0x000001e5       0x39 Application/User/SSD1331.o
 .ARM.attributes
                0x0000021e       0x39 Application/User/STM_MY_LCD16X2.o
 .ARM.attributes
                0x00000257       0x39 Application/User/main.o
 .ARM.attributes
                0x00000290       0x39 Application/User/stm32f4xx_hal_msp.o
 .ARM.attributes
                0x000002c9       0x39 Application/User/stm32f4xx_it.o
 .ARM.attributes
                0x00000302       0x21 Application/SW4STM32/startup_stm32f411xe.o
 .ARM.attributes
                0x00000323       0x22 d:/eclipse/plugins/fr.ac6.mcu.externaltools.arm-none.win32_1.13.2.201703061525/tools/compiler/bin/../lib/gcc/arm-none-eabi/5.4.1/armv7e-m/fpu\libgcc.a(_arm_addsubdf3.o)
 .ARM.attributes
                0x00000345       0x22 d:/eclipse/plugins/fr.ac6.mcu.externaltools.arm-none.win32_1.13.2.201703061525/tools/compiler/bin/../lib/gcc/arm-none-eabi/5.4.1/armv7e-m/fpu\libgcc.a(_arm_muldivdf3.o)
 .ARM.attributes
                0x00000367       0x22 d:/eclipse/plugins/fr.ac6.mcu.externaltools.arm-none.win32_1.13.2.201703061525/tools/compiler/bin/../lib/gcc/arm-none-eabi/5.4.1/armv7e-m/fpu\libgcc.a(_arm_fixunsdfsi.o)
 .ARM.attributes
                0x00000389       0x22 d:/eclipse/plugins/fr.ac6.mcu.externaltools.arm-none.win32_1.13.2.201703061525/tools/compiler/bin/../lib/gcc/arm-none-eabi/5.4.1/armv7e-m/fpu\libgcc.a(_aeabi_uldivmod.o)
 .ARM.attributes
                0x000003ab       0x34 d:/eclipse/plugins/fr.ac6.mcu.externaltools.arm-none.win32_1.13.2.201703061525/tools/compiler/bin/../lib/gcc/arm-none-eabi/5.4.1/armv7e-m/fpu\libgcc.a(_udivmoddi4.o)
 .ARM.attributes
                0x000003df       0x22 d:/eclipse/plugins/fr.ac6.mcu.externaltools.arm-none.win32_1.13.2.201703061525/tools/compiler/bin/../lib/gcc/arm-none-eabi/5.4.1/armv7e-m/fpu\libgcc.a(_dvmd_tls.o)
 .ARM.attributes
                0x00000401       0x34 d:/eclipse/plugins/fr.ac6.mcu.externaltools.arm-none.win32_1.13.2.201703061525/tools/compiler/bin/../lib/gcc/arm-none-eabi/5.4.1/../../../../arm-none-eabi/lib/armv7e-m/fpu\libc_nano.a(lib_a-init.o)
 .ARM.attributes
                0x00000435       0x22 d:/eclipse/plugins/fr.ac6.mcu.externaltools.arm-none.win32_1.13.2.201703061525/tools/compiler/bin/../lib/gcc/arm-none-eabi/5.4.1/armv7e-m/fpu/crtn.o
OUTPUT(PCinfo.elf elf32-littlearm)

.debug_info     0x00000000     0x92e8
 .debug_info    0x00000000      0x8fa Drivers/STM32F4xx_HAL_Driver/stm32f4xx_hal.o
 .debug_info    0x000008fa      0xe7d Drivers/STM32F4xx_HAL_Driver/stm32f4xx_hal_cortex.o
 .debug_info    0x00001777      0x752 Drivers/STM32F4xx_HAL_Driver/stm32f4xx_hal_gpio.o
 .debug_info    0x00001ec9      0xa6e Drivers/STM32F4xx_HAL_Driver/stm32f4xx_hal_rcc.o
 .debug_info    0x00002937     0x19e2 Drivers/STM32F4xx_HAL_Driver/stm32f4xx_hal_spi.o
 .debug_info    0x00004319      0x52a Drivers/CMSIS/system_stm32f4xx.o
 .debug_info    0x00004843      0x23f Application/User/Fonts.o
 .debug_info    0x00004a82     0x170d Application/User/SSD1331.o
 .debug_info    0x0000618f     0x11d1 Application/User/STM_MY_LCD16X2.o
 .debug_info    0x00007360     0x11c5 Application/User/main.o
 .debug_info    0x00008525      0xbc1 Application/User/stm32f4xx_hal_msp.o
 .debug_info    0x000090e6      0x173 Application/User/stm32f4xx_it.o
 .debug_info    0x00009259       0x8f Application/SW4STM32/startup_stm32f411xe.o

.debug_abbrev   0x00000000     0x16ae
 .debug_abbrev  0x00000000      0x223 Drivers/STM32F4xx_HAL_Driver/stm32f4xx_hal.o
 .debug_abbrev  0x00000223      0x2fe Drivers/STM32F4xx_HAL_Driver/stm32f4xx_hal_cortex.o
 .debug_abbrev  0x00000521      0x1cd Drivers/STM32F4xx_HAL_Driver/stm32f4xx_hal_gpio.o
 .debug_abbrev  0x000006ee      0x271 Drivers/STM32F4xx_HAL_Driver/stm32f4xx_hal_rcc.o
 .debug_abbrev  0x0000095f      0x23d Drivers/STM32F4xx_HAL_Driver/stm32f4xx_hal_spi.o
 .debug_abbrev  0x00000b9c      0x104 Drivers/CMSIS/system_stm32f4xx.o
 .debug_abbrev  0x00000ca0       0x89 Application/User/Fonts.o
 .debug_abbrev  0x00000d29      0x277 Application/User/SSD1331.o
 .debug_abbrev  0x00000fa0      0x25d Application/User/STM_MY_LCD16X2.o
 .debug_abbrev  0x000011fd      0x233 Application/User/main.o
 .debug_abbrev  0x00001430      0x1a0 Application/User/stm32f4xx_hal_msp.o
 .debug_abbrev  0x000015d0       0xcc Application/User/stm32f4xx_it.o
 .debug_abbrev  0x0000169c       0x12 Application/SW4STM32/startup_stm32f411xe.o

.debug_loc      0x00000000     0x3c58
 .debug_loc     0x00000000      0x108 Drivers/STM32F4xx_HAL_Driver/stm32f4xx_hal.o
 .debug_loc     0x00000108      0x548 Drivers/STM32F4xx_HAL_Driver/stm32f4xx_hal_cortex.o
 .debug_loc     0x00000650      0x39a Drivers/STM32F4xx_HAL_Driver/stm32f4xx_hal_gpio.o
 .debug_loc     0x000009ea      0x481 Drivers/STM32F4xx_HAL_Driver/stm32f4xx_hal_rcc.o
 .debug_loc     0x00000e6b     0x17a8 Drivers/STM32F4xx_HAL_Driver/stm32f4xx_hal_spi.o
 .debug_loc     0x00002613      0x132 Drivers/CMSIS/system_stm32f4xx.o
 .debug_loc     0x00002745      0xe7b Application/User/SSD1331.o
 .debug_loc     0x000035c0      0x64b Application/User/STM_MY_LCD16X2.o
 .debug_loc     0x00003c0b       0x4d Application/User/stm32f4xx_hal_msp.o

.debug_aranges  0x00000000      0x6f8
 .debug_aranges
                0x00000000       0xe0 Drivers/STM32F4xx_HAL_Driver/stm32f4xx_hal.o
 .debug_aranges
                0x000000e0       0xa8 Drivers/STM32F4xx_HAL_Driver/stm32f4xx_hal_cortex.o
 .debug_aranges
                0x00000188       0x58 Drivers/STM32F4xx_HAL_Driver/stm32f4xx_hal_gpio.o
 .debug_aranges
                0x000001e0       0x88 Drivers/STM32F4xx_HAL_Driver/stm32f4xx_hal_rcc.o
 .debug_aranges
                0x00000268      0x1c8 Drivers/STM32F4xx_HAL_Driver/stm32f4xx_hal_spi.o
 .debug_aranges
                0x00000430       0x28 Drivers/CMSIS/system_stm32f4xx.o
 .debug_aranges
                0x00000458       0x18 Application/User/Fonts.o
 .debug_aranges
                0x00000470       0xa0 Application/User/SSD1331.o
 .debug_aranges
                0x00000510       0xf0 Application/User/STM_MY_LCD16X2.o
 .debug_aranges
                0x00000600       0x40 Application/User/main.o
 .debug_aranges
                0x00000640       0x30 Application/User/stm32f4xx_hal_msp.o
 .debug_aranges
                0x00000670       0x60 Application/User/stm32f4xx_it.o
 .debug_aranges
                0x000006d0       0x28 Application/SW4STM32/startup_stm32f411xe.o

.debug_ranges   0x00000000      0x640
 .debug_ranges  0x00000000       0xd0 Drivers/STM32F4xx_HAL_Driver/stm32f4xx_hal.o
 .debug_ranges  0x000000d0       0x98 Drivers/STM32F4xx_HAL_Driver/stm32f4xx_hal_cortex.o
 .debug_ranges  0x00000168       0x48 Drivers/STM32F4xx_HAL_Driver/stm32f4xx_hal_gpio.o
 .debug_ranges  0x000001b0       0x90 Drivers/STM32F4xx_HAL_Driver/stm32f4xx_hal_rcc.o
 .debug_ranges  0x00000240      0x1b8 Drivers/STM32F4xx_HAL_Driver/stm32f4xx_hal_spi.o
 .debug_ranges  0x000003f8       0x18 Drivers/CMSIS/system_stm32f4xx.o
 .debug_ranges  0x00000410       0x90 Application/User/SSD1331.o
 .debug_ranges  0x000004a0       0xe0 Application/User/STM_MY_LCD16X2.o
 .debug_ranges  0x00000580       0x30 Application/User/main.o
 .debug_ranges  0x000005b0       0x20 Application/User/stm32f4xx_hal_msp.o
 .debug_ranges  0x000005d0       0x50 Application/User/stm32f4xx_it.o
 .debug_ranges  0x00000620       0x20 Application/SW4STM32/startup_stm32f411xe.o

.debug_macro    0x00000000    0x16186
 .debug_macro   0x00000000      0x355 Drivers/STM32F4xx_HAL_Driver/stm32f4xx_hal.o
 .debug_macro   0x00000355      0x898 Drivers/STM32F4xx_HAL_Driver/stm32f4xx_hal.o
 .debug_macro   0x00000bed       0x94 Drivers/STM32F4xx_HAL_Driver/stm32f4xx_hal.o
 .debug_macro   0x00000c81      0x17a Drivers/STM32F4xx_HAL_Driver/stm32f4xx_hal.o
 .debug_macro   0x00000dfb       0x32 Drivers/STM32F4xx_HAL_Driver/stm32f4xx_hal.o
 .debug_macro   0x00000e2d       0x28 Drivers/STM32F4xx_HAL_Driver/stm32f4xx_hal.o
 .debug_macro   0x00000e55       0x22 Drivers/STM32F4xx_HAL_Driver/stm32f4xx_hal.o
 .debug_macro   0x00000e77       0x87 Drivers/STM32F4xx_HAL_Driver/stm32f4xx_hal.o
 .debug_macro   0x00000efe       0x44 Drivers/STM32F4xx_HAL_Driver/stm32f4xx_hal.o
 .debug_macro   0x00000f42       0xfd Drivers/STM32F4xx_HAL_Driver/stm32f4xx_hal.o
 .debug_macro   0x0000103f       0x5e Drivers/STM32F4xx_HAL_Driver/stm32f4xx_hal.o
 .debug_macro   0x0000109d      0x1df Drivers/STM32F4xx_HAL_Driver/stm32f4xx_hal.o
 .debug_macro   0x0000127c       0x35 Drivers/STM32F4xx_HAL_Driver/stm32f4xx_hal.o
 .debug_macro   0x000012b1       0x50 Drivers/STM32F4xx_HAL_Driver/stm32f4xx_hal.o
 .debug_macro   0x00001301      0xe66 Drivers/STM32F4xx_HAL_Driver/stm32f4xx_hal.o
 .debug_macro   0x00002167     0xb803 Drivers/STM32F4xx_HAL_Driver/stm32f4xx_hal.o
 .debug_macro   0x0000d96a       0x43 Drivers/STM32F4xx_HAL_Driver/stm32f4xx_hal.o
 .debug_macro   0x0000d9ad     0x3535 Drivers/STM32F4xx_HAL_Driver/stm32f4xx_hal.o
 .debug_macro   0x00010ee2       0x52 Drivers/STM32F4xx_HAL_Driver/stm32f4xx_hal.o
 .debug_macro   0x00010f34       0x35 Drivers/STM32F4xx_HAL_Driver/stm32f4xx_hal.o
 .debug_macro   0x00010f69       0x9c Drivers/STM32F4xx_HAL_Driver/stm32f4xx_hal.o
 .debug_macro   0x00011005       0x16 Drivers/STM32F4xx_HAL_Driver/stm32f4xx_hal.o
 .debug_macro   0x0001101b       0x97 Drivers/STM32F4xx_HAL_Driver/stm32f4xx_hal.o
 .debug_macro   0x000110b2      0x30d Drivers/STM32F4xx_HAL_Driver/stm32f4xx_hal.o
 .debug_macro   0x000113bf       0xfd Drivers/STM32F4xx_HAL_Driver/stm32f4xx_hal.o
 .debug_macro   0x000114bc       0x10 Drivers/STM32F4xx_HAL_Driver/stm32f4xx_hal.o
 .debug_macro   0x000114cc       0x52 Drivers/STM32F4xx_HAL_Driver/stm32f4xx_hal.o
 .debug_macro   0x0001151e       0x1f Drivers/STM32F4xx_HAL_Driver/stm32f4xx_hal.o
 .debug_macro   0x0001153d       0x43 Drivers/STM32F4xx_HAL_Driver/stm32f4xx_hal.o
 .debug_macro   0x00011580       0x20 Drivers/STM32F4xx_HAL_Driver/stm32f4xx_hal.o
 .debug_macro   0x000115a0      0x187 Drivers/STM32F4xx_HAL_Driver/stm32f4xx_hal.o
 .debug_macro   0x00011727       0x10 Drivers/STM32F4xx_HAL_Driver/stm32f4xx_hal.o
 .debug_macro   0x00011737       0x1c Drivers/STM32F4xx_HAL_Driver/stm32f4xx_hal.o
 .debug_macro   0x00011753       0x52 Drivers/STM32F4xx_HAL_Driver/stm32f4xx_hal.o
 .debug_macro   0x000117a5       0x40 Drivers/STM32F4xx_HAL_Driver/stm32f4xx_hal.o
 .debug_macro   0x000117e5       0x10 Drivers/STM32F4xx_HAL_Driver/stm32f4xx_hal.o
 .debug_macro   0x000117f5       0x40 Drivers/STM32F4xx_HAL_Driver/stm32f4xx_hal.o
 .debug_macro   0x00011835       0xd7 Drivers/STM32F4xx_HAL_Driver/stm32f4xx_hal.o
 .debug_macro   0x0001190c       0x16 Drivers/STM32F4xx_HAL_Driver/stm32f4xx_hal.o
 .debug_macro   0x00011922      0x18b Drivers/STM32F4xx_HAL_Driver/stm32f4xx_hal.o
 .debug_macro   0x00011aad       0x50 Drivers/STM32F4xx_HAL_Driver/stm32f4xx_hal.o
 .debug_macro   0x00011afd      0x447 Drivers/STM32F4xx_HAL_Driver/stm32f4xx_hal.o
 .debug_macro   0x00011f44      0xa02 Drivers/STM32F4xx_HAL_Driver/stm32f4xx_hal.o
 .debug_macro   0x00012946      0x11e Drivers/STM32F4xx_HAL_Driver/stm32f4xx_hal.o
 .debug_macro   0x00012a64      0x11b Drivers/STM32F4xx_HAL_Driver/stm32f4xx_hal.o
 .debug_macro   0x00012b7f       0x27 Drivers/STM32F4xx_HAL_Driver/stm32f4xx_hal.o
 .debug_macro   0x00012ba6      0x287 Drivers/STM32F4xx_HAL_Driver/stm32f4xx_hal.o
 .debug_macro   0x00012e2d       0x5f Drivers/STM32F4xx_HAL_Driver/stm32f4xx_hal.o
 .debug_macro   0x00012e8c      0x23a Drivers/STM32F4xx_HAL_Driver/stm32f4xx_hal.o
 .debug_macro   0x000130c6      0x13a Drivers/STM32F4xx_HAL_Driver/stm32f4xx_hal.o
 .debug_macro   0x00013200      0x264 Drivers/STM32F4xx_HAL_Driver/stm32f4xx_hal.o
 .debug_macro   0x00013464       0x2e Drivers/STM32F4xx_HAL_Driver/stm32f4xx_hal.o
 .debug_macro   0x00013492      0x11e Drivers/STM32F4xx_HAL_Driver/stm32f4xx_hal.o
 .debug_macro   0x000135b0       0x85 Drivers/STM32F4xx_HAL_Driver/stm32f4xx_hal.o
 .debug_macro   0x00013635       0x89 Drivers/STM32F4xx_HAL_Driver/stm32f4xx_hal.o
 .debug_macro   0x000136be      0x202 Drivers/STM32F4xx_HAL_Driver/stm32f4xx_hal.o
 .debug_macro   0x000138c0      0x12d Drivers/STM32F4xx_HAL_Driver/stm32f4xx_hal.o
 .debug_macro   0x000139ed      0x2f5 Drivers/STM32F4xx_HAL_Driver/stm32f4xx_hal_cortex.o
 .debug_macro   0x00013ce2      0x32d Drivers/STM32F4xx_HAL_Driver/stm32f4xx_hal_gpio.o
 .debug_macro   0x0001400f      0x319 Drivers/STM32F4xx_HAL_Driver/stm32f4xx_hal_rcc.o
 .debug_macro   0x00014328      0x2fd Drivers/STM32F4xx_HAL_Driver/stm32f4xx_hal_spi.o
 .debug_macro   0x00014625      0x2fb Drivers/CMSIS/system_stm32f4xx.o
 .debug_macro   0x00014920      0x333 Application/User/Fonts.o
 .debug_macro   0x00014c53       0x40 Application/User/Fonts.o
 .debug_macro   0x00014c93       0x22 Application/User/Fonts.o
 .debug_macro   0x00014cb5       0x28 Application/User/Fonts.o
 .debug_macro   0x00014cdd       0x2e Application/User/Fonts.o
 .debug_macro   0x00014d0b      0x495 Application/User/SSD1331.o
 .debug_macro   0x000151a0      0x1e1 Application/User/SSD1331.o
 .debug_macro   0x00015381       0x16 Application/User/SSD1331.o
 .debug_macro   0x00015397       0x35 Application/User/SSD1331.o
 .debug_macro   0x000153cc       0x16 Application/User/SSD1331.o
 .debug_macro   0x000153e2       0x29 Application/User/SSD1331.o
 .debug_macro   0x0001540b       0x16 Application/User/SSD1331.o
 .debug_macro   0x00015421      0x33b Application/User/STM_MY_LCD16X2.o
 .debug_macro   0x0001575c       0x7c Application/User/STM_MY_LCD16X2.o
 .debug_macro   0x000157d8      0x38c Application/User/main.o
 .debug_macro   0x00015b64       0x2e Application/User/main.o
 .debug_macro   0x00015b92      0x2f5 Application/User/stm32f4xx_hal_msp.o
 .debug_macro   0x00015e87      0x2ff Application/User/stm32f4xx_it.o

.debug_line     0x00000000     0x6ef6
 .debug_line    0x00000000      0x8ea Drivers/STM32F4xx_HAL_Driver/stm32f4xx_hal.o
 .debug_line    0x000008ea      0x916 Drivers/STM32F4xx_HAL_Driver/stm32f4xx_hal_cortex.o
 .debug_line    0x00001200      0x870 Drivers/STM32F4xx_HAL_Driver/stm32f4xx_hal_gpio.o
 .debug_line    0x00001a70      0x996 Drivers/STM32F4xx_HAL_Driver/stm32f4xx_hal_rcc.o
 .debug_line    0x00002406     0x1084 Drivers/STM32F4xx_HAL_Driver/stm32f4xx_hal_spi.o
 .debug_line    0x0000348a      0x732 Drivers/CMSIS/system_stm32f4xx.o
 .debug_line    0x00003bbc      0x72d Application/User/Fonts.o
 .debug_line    0x000042e9      0xa8e Application/User/SSD1331.o
 .debug_line    0x00004d77      0x9af Application/User/STM_MY_LCD16X2.o
 .debug_line    0x00005726      0x863 Application/User/main.o
 .debug_line    0x00005f89      0x73e Application/User/stm32f4xx_hal_msp.o
 .debug_line    0x000066c7      0x797 Application/User/stm32f4xx_it.o
 .debug_line    0x00006e5e       0x98 Application/SW4STM32/startup_stm32f411xe.o

.debug_str      0x00000000    0x8063b
 .debug_str     0x00000000    0x7d849 Drivers/STM32F4xx_HAL_Driver/stm32f4xx_hal.o
                              0x7dbcc (size before relaxing)
 .debug_str     0x0007d849      0x3d0 Drivers/STM32F4xx_HAL_Driver/stm32f4xx_hal_cortex.o
                              0x7d8fe (size before relaxing)
 .debug_str     0x0007dc19      0x2a4 Drivers/STM32F4xx_HAL_Driver/stm32f4xx_hal_gpio.o
                              0x7d3fb (size before relaxing)
 .debug_str     0x0007debd      0x3b8 Drivers/STM32F4xx_HAL_Driver/stm32f4xx_hal_rcc.o
                              0x7d5f1 (size before relaxing)
 .debug_str     0x0007e275      0x937 Drivers/STM32F4xx_HAL_Driver/stm32f4xx_hal_spi.o
                              0x7d9df (size before relaxing)
 .debug_str     0x0007ebac       0x72 Drivers/CMSIS/system_stm32f4xx.o
                              0x7d1e3 (size before relaxing)
 .debug_str     0x0007ec1e      0x41b Application/User/Fonts.o
                              0x7d3d9 (size before relaxing)
 .debug_str     0x0007f039      0xf8e Application/User/SSD1331.o
                              0x7e7a8 (size before relaxing)
 .debug_str     0x0007ffc7      0x4c4 Application/User/STM_MY_LCD16X2.o
                              0x7d832 (size before relaxing)
 .debug_str     0x0008048b       0xad Application/User/main.o
                              0x7eb04 (size before relaxing)
 .debug_str     0x00080538       0x33 Application/User/stm32f4xx_hal_msp.o
                              0x7d9c3 (size before relaxing)
 .debug_str     0x0008056b       0xd0 Application/User/stm32f4xx_it.o
                              0x7d09f (size before relaxing)

.comment        0x00000000       0x6e
 .comment       0x00000000       0x6e Drivers/STM32F4xx_HAL_Driver/stm32f4xx_hal.o
                                 0x6f (size before relaxing)
 .comment       0x0000006e       0x6f Drivers/STM32F4xx_HAL_Driver/stm32f4xx_hal_cortex.o
 .comment       0x0000006e       0x6f Drivers/STM32F4xx_HAL_Driver/stm32f4xx_hal_gpio.o
 .comment       0x0000006e       0x6f Drivers/STM32F4xx_HAL_Driver/stm32f4xx_hal_rcc.o
 .comment       0x0000006e       0x6f Drivers/STM32F4xx_HAL_Driver/stm32f4xx_hal_spi.o
 .comment       0x0000006e       0x6f Drivers/CMSIS/system_stm32f4xx.o
 .comment       0x0000006e       0x6f Application/User/Fonts.o
 .comment       0x0000006e       0x6f Application/User/SSD1331.o
 .comment       0x0000006e       0x6f Application/User/STM_MY_LCD16X2.o
 .comment       0x0000006e       0x6f Application/User/main.o
 .comment       0x0000006e       0x6f Application/User/stm32f4xx_hal_msp.o
 .comment       0x0000006e       0x6f Application/User/stm32f4xx_it.o

.debug_frame    0x00000000     0x123c
 .debug_frame   0x00000000      0x1cc Drivers/STM32F4xx_HAL_Driver/stm32f4xx_hal.o
 .debug_frame   0x000001cc      0x154 Drivers/STM32F4xx_HAL_Driver/stm32f4xx_hal_cortex.o
 .debug_frame   0x00000320       0xc4 Drivers/STM32F4xx_HAL_Driver/stm32f4xx_hal_gpio.o
 .debug_frame   0x000003e4      0x170 Drivers/STM32F4xx_HAL_Driver/stm32f4xx_hal_rcc.o
 .debug_frame   0x00000554      0x548 Drivers/STM32F4xx_HAL_Driver/stm32f4xx_hal_spi.o
 .debug_frame   0x00000a9c       0x30 Drivers/CMSIS/system_stm32f4xx.o
 .debug_frame   0x00000acc      0x28c Application/User/SSD1331.o
 .debug_frame   0x00000d58      0x2bc Application/User/STM_MY_LCD16X2.o
 .debug_frame   0x00001014       0x94 Application/User/main.o
 .debug_frame   0x000010a8       0x60 Application/User/stm32f4xx_hal_msp.o
 .debug_frame   0x00001108       0xa8 Application/User/stm32f4xx_it.o
 .debug_frame   0x000011b0       0x2c d:/eclipse/plugins/fr.ac6.mcu.externaltools.arm-none.win32_1.13.2.201703061525/tools/compiler/bin/../lib/gcc/arm-none-eabi/5.4.1/armv7e-m/fpu\libgcc.a(_aeabi_uldivmod.o)
 .debug_frame   0x000011dc       0x34 d:/eclipse/plugins/fr.ac6.mcu.externaltools.arm-none.win32_1.13.2.201703061525/tools/compiler/bin/../lib/gcc/arm-none-eabi/5.4.1/armv7e-m/fpu\libgcc.a(_udivmoddi4.o)
 .debug_frame   0x00001210       0x2c d:/eclipse/plugins/fr.ac6.mcu.externaltools.arm-none.win32_1.13.2.201703061525/tools/compiler/bin/../lib/gcc/arm-none-eabi/5.4.1/../../../../arm-none-eabi/lib/armv7e-m/fpu\libc_nano.a(lib_a-init.o)
