Component: ARM Compiler 5.06 update 6 (build 750) Tool: armlink [4d35ed]

==============================================================================

Section Cross References

    startup_stm32f407xx.o(STACK) refers (Special) to heapauxi.o(.text) for __use_two_region_memory
    startup_stm32f407xx.o(HEAP) refers (Special) to heapauxi.o(.text) for __use_two_region_memory
    startup_stm32f407xx.o(RESET) refers (Special) to heapauxi.o(.text) for __use_two_region_memory
    startup_stm32f407xx.o(RESET) refers to startup_stm32f407xx.o(STACK) for __initial_sp
    startup_stm32f407xx.o(RESET) refers to startup_stm32f407xx.o(.text) for Reset_Handler
    startup_stm32f407xx.o(RESET) refers to stm32f4xx_it.o(i.NMI_Handler) for NMI_Handler
    startup_stm32f407xx.o(RESET) refers to stm32f4xx_it.o(i.HardFault_Handler) for HardFault_Handler
    startup_stm32f407xx.o(RESET) refers to stm32f4xx_it.o(i.MemManage_Handler) for MemManage_Handler
    startup_stm32f407xx.o(RESET) refers to stm32f4xx_it.o(i.BusFault_Handler) for BusFault_Handler
    startup_stm32f407xx.o(RESET) refers to stm32f4xx_it.o(i.UsageFault_Handler) for UsageFault_Handler
    startup_stm32f407xx.o(RESET) refers to stm32f4xx_it.o(i.SVC_Handler) for SVC_Handler
    startup_stm32f407xx.o(RESET) refers to stm32f4xx_it.o(i.DebugMon_Handler) for DebugMon_Handler
    startup_stm32f407xx.o(RESET) refers to stm32f4xx_it.o(i.PendSV_Handler) for PendSV_Handler
    startup_stm32f407xx.o(RESET) refers to stm32f4xx_it.o(i.SysTick_Handler) for SysTick_Handler
    startup_stm32f407xx.o(RESET) refers to stm32f4xx_it.o(i.EXTI4_IRQHandler) for EXTI4_IRQHandler
    startup_stm32f407xx.o(RESET) refers to stm32f4xx_it.o(i.OTG_FS_IRQHandler) for OTG_FS_IRQHandler
    startup_stm32f407xx.o(.text) refers (Special) to heapauxi.o(.text) for __use_two_region_memory
    startup_stm32f407xx.o(.text) refers to system_stm32f4xx.o(i.SystemInit) for SystemInit
    startup_stm32f407xx.o(.text) refers to __main.o(!!!main) for __main
    startup_stm32f407xx.o(.text) refers to startup_stm32f407xx.o(HEAP) for Heap_Mem
    startup_stm32f407xx.o(.text) refers to startup_stm32f407xx.o(STACK) for Stack_Mem
    usbd_conf.o(i.HAL_PCD_ConnectCallback) refers to usbd_core.o(i.USBD_LL_DevConnected) for USBD_LL_DevConnected
    usbd_conf.o(i.HAL_PCD_DataInStageCallback) refers to usbd_core.o(i.USBD_LL_DataInStage) for USBD_LL_DataInStage
    usbd_conf.o(i.HAL_PCD_DataOutStageCallback) refers to usbd_core.o(i.USBD_LL_DataOutStage) for USBD_LL_DataOutStage
    usbd_conf.o(i.HAL_PCD_DisconnectCallback) refers to usbd_core.o(i.USBD_LL_DevDisconnected) for USBD_LL_DevDisconnected
    usbd_conf.o(i.HAL_PCD_ISOINIncompleteCallback) refers to usbd_core.o(i.USBD_LL_IsoINIncomplete) for USBD_LL_IsoINIncomplete
    usbd_conf.o(i.HAL_PCD_ISOOUTIncompleteCallback) refers to usbd_core.o(i.USBD_LL_IsoOUTIncomplete) for USBD_LL_IsoOUTIncomplete
    usbd_conf.o(i.HAL_PCD_MspDeInit) refers to stm32f4xx_hal_gpio.o(i.HAL_GPIO_DeInit) for HAL_GPIO_DeInit
    usbd_conf.o(i.HAL_PCD_MspDeInit) refers to stm32f4xx_hal_cortex.o(i.HAL_NVIC_DisableIRQ) for HAL_NVIC_DisableIRQ
    usbd_conf.o(i.HAL_PCD_MspInit) refers to stm32f4xx_hal_gpio.o(i.HAL_GPIO_Init) for HAL_GPIO_Init
    usbd_conf.o(i.HAL_PCD_MspInit) refers to stm32f4xx_hal_cortex.o(i.HAL_NVIC_SetPriority) for HAL_NVIC_SetPriority
    usbd_conf.o(i.HAL_PCD_MspInit) refers to stm32f4xx_hal_cortex.o(i.HAL_NVIC_EnableIRQ) for HAL_NVIC_EnableIRQ
    usbd_conf.o(i.HAL_PCD_ResetCallback) refers to usbd_core.o(i.USBD_LL_SetSpeed) for USBD_LL_SetSpeed
    usbd_conf.o(i.HAL_PCD_ResetCallback) refers to usbd_core.o(i.USBD_LL_Reset) for USBD_LL_Reset
    usbd_conf.o(i.HAL_PCD_ResumeCallback) refers to usbd_core.o(i.USBD_LL_Resume) for USBD_LL_Resume
    usbd_conf.o(i.HAL_PCD_SOFCallback) refers to usbd_core.o(i.USBD_LL_SOF) for USBD_LL_SOF
    usbd_conf.o(i.HAL_PCD_SetupStageCallback) refers to usbd_core.o(i.USBD_LL_SetupStage) for USBD_LL_SetupStage
    usbd_conf.o(i.HAL_PCD_SuspendCallback) refers to usbd_core.o(i.USBD_LL_Suspend) for USBD_LL_Suspend
    usbd_conf.o(i.USBD_LL_ClearStallEP) refers to stm32f4xx_hal_pcd.o(i.HAL_PCD_EP_ClrStall) for HAL_PCD_EP_ClrStall
    usbd_conf.o(i.USBD_LL_CloseEP) refers to stm32f4xx_hal_pcd.o(i.HAL_PCD_EP_Close) for HAL_PCD_EP_Close
    usbd_conf.o(i.USBD_LL_DeInit) refers to stm32f4xx_hal_pcd.o(i.HAL_PCD_DeInit) for HAL_PCD_DeInit
    usbd_conf.o(i.USBD_LL_Delay) refers to stm32f4xx_hal.o(i.HAL_Delay) for HAL_Delay
    usbd_conf.o(i.USBD_LL_FlushEP) refers to stm32f4xx_hal_pcd.o(i.HAL_PCD_EP_Flush) for HAL_PCD_EP_Flush
    usbd_conf.o(i.USBD_LL_GetRxDataSize) refers to stm32f4xx_hal_pcd.o(i.HAL_PCD_EP_GetRxCount) for HAL_PCD_EP_GetRxCount
    usbd_conf.o(i.USBD_LL_Init) refers to stm32f4xx_hal_pcd.o(i.HAL_PCD_Init) for HAL_PCD_Init
    usbd_conf.o(i.USBD_LL_Init) refers to main.o(i._Error_Handler) for _Error_Handler
    usbd_conf.o(i.USBD_LL_Init) refers to stm32f4xx_hal_pcd_ex.o(i.HAL_PCDEx_SetRxFiFo) for HAL_PCDEx_SetRxFiFo
[...]
    i.USBD_LL_DevConnected                   0x08002834   Section        0  usbd_core.o(i.USBD_LL_DevConnected)
    i.USBD_LL_DevDisconnected                0x08002838   Section        0  usbd_core.o(i.USBD_LL_DevDisconnected)
    i.USBD_LL_GetRxDataSize                  0x0800284e   Section        0  usbd_conf.o(i.USBD_LL_GetRxDataSize)
    i.USBD_LL_Init                           0x08002858   Section        0  usbd_conf.o(i.USBD_LL_Init)
    i.USBD_LL_IsStallEP                      0x080028d4   Section        0  usbd_conf.o(i.USBD_LL_IsStallEP)
    i.USBD_LL_IsoINIncomplete                0x080028f4   Section        0  usbd_core.o(i.USBD_LL_IsoINIncomplete)
    i.USBD_LL_IsoOUTIncomplete               0x080028f8   Section        0  usbd_core.o(i.USBD_LL_IsoOUTIncomplete)
    i.USBD_LL_OpenEP                         0x080028fc   Section        0  usbd_conf.o(i.USBD_LL_OpenEP)
    i.USBD_LL_PrepareReceive                 0x08002922   Section        0  usbd_conf.o(i.USBD_LL_PrepareReceive)
    i.USBD_LL_Reset                          0x08002942   Section        0  usbd_core.o(i.USBD_LL_Reset)
    i.USBD_LL_Resume                         0x08002980   Section        0  usbd_core.o(i.USBD_LL_Resume)
    i.USBD_LL_SOF                            0x0800298c   Section        0  usbd_core.o(i.USBD_LL_SOF)
    i.USBD_LL_SetSpeed                       0x080029a4   Section        0  usbd_core.o(i.USBD_LL_SetSpeed)
    i.USBD_LL_SetUSBAddress                  0x080029aa   Section        0  usbd_conf.o(i.USBD_LL_SetUSBAddress)
    i.USBD_LL_SetupStage                     0x080029ca   Section        0  usbd_core.o(i.USBD_LL_SetupStage)
    i.USBD_LL_StallEP                        0x08002a24   Section        0  usbd_conf.o(i.USBD_LL_StallEP)
    i.USBD_LL_Start                          0x08002a44   Section        0  usbd_conf.o(i.USBD_LL_Start)
    i.USBD_LL_Suspend                        0x08002a64   Section        0  usbd_core.o(i.USBD_LL_Suspend)
    i.USBD_LL_Transmit                       0x08002a76   Section        0  usbd_conf.o(i.USBD_LL_Transmit)
    i.USBD_ParseSetupRequest                 0x08002a96   Section        0  usbd_ctlreq.o(i.USBD_ParseSetupRequest)
    i.USBD_RegisterClass                     0x08002abe   Section        0  usbd_core.o(i.USBD_RegisterClass)
    i.USBD_SetClassConfig                    0x08002ace   Section        0  usbd_core.o(i.USBD_SetClassConfig)
    i.USBD_SetConfig                         0x08002ae4   Section        0  usbd_ctlreq.o(i.USBD_SetConfig)
    USBD_SetConfig                           0x08002ae5   Thumb Code   110  usbd_ctlreq.o(i.USBD_SetConfig)
    i.USBD_Start                             0x08002b58   Section        0  usbd_core.o(i.USBD_Start)
    i.USBD_StdDevReq                         0x08002b62   Section        0  usbd_ctlreq.o(i.USBD_StdDevReq)
    i.USBD_StdEPReq                          0x08002c54   Section        0  usbd_ctlreq.o(i.USBD_StdEPReq)
    i.USBD_StdItfReq                         0x08002d30   Section        0  usbd_ctlreq.o(i.USBD_StdItfReq)
    i.USB_ActivateEndpoint                   0x08002d64   Section        0  stm32f4xx_ll_usb.o(i.USB_ActivateEndpoint)
    i.USB_ActivateSetup                      0x08002de4   Section        0  stm32f4xx_ll_usb.o(i.USB_ActivateSetup)
    i.USB_CoreInit                           0x08002e18   Section        0  stm32f4xx_ll_usb.o(i.USB_CoreInit)
    i.USB_CoreReset                          0x08002e84   Section        0  stm32f4xx_ll_usb.o(i.USB_CoreReset)
    USB_CoreReset                            0x08002e85   Thumb Code    50  stm32f4xx_ll_usb.o(i.USB_CoreReset)
    i.USB_DeactivateEndpoint                 0x08002ebc   Section        0  stm32f4xx_ll_usb.o(i.USB_DeactivateEndpoint)
    i.USB_DevConnect                         0x08002f84   Section        0  stm32f4xx_ll_usb.o(i.USB_DevConnect)
    i.USB_DevDisconnect                      0x08002f9c   Section        0  stm32f4xx_ll_usb.o(i.USB_DevDisconnect)
    i.USB_DevInit                            0x08002fb4   Section        0  stm32f4xx_ll_usb.o(i.USB_DevInit)
    i.USB_DisableGlobalInt                   0x080030f4   Section        0  stm32f4xx_ll_usb.o(i.USB_DisableGlobalInt)
    i.USB_EP0StartXfer                       0x08003100   Section        0  stm32f4xx_ll_usb.o(i.USB_EP0StartXfer)
    i.USB_EP0_OutStart                       0x08003240   Section        0  stm32f4xx_ll_usb.o(i.USB_EP0_OutStart)
    i.USB_EPClearStall                       0x0800327e   Section        0  stm32f4xx_ll_usb.o(i.USB_EPClearStall)
    i.USB_EPSetStall                         0x080032e2   Section        0  stm32f4xx_ll_usb.o(i.USB_EPSetStall)
    i.USB_EPStartXfer                        0x08003340   Section        0  stm32f4xx_ll_usb.o(i.USB_EPStartXfer)
    i.USB_EnableGlobalInt                    0x0800355c   Section        0  stm32f4xx_ll_usb.o(i.USB_EnableGlobalInt)
    i.USB_FlushRxFifo                        0x08003568   Section        0  stm32f4xx_ll_usb.o(i.USB_FlushRxFifo)
    i.USB_FlushTxFifo                        0x08003588   Section        0  stm32f4xx_ll_usb.o(i.USB_FlushTxFifo)
    i.USB_GetDevSpeed                        0x080035ac   Section        0  stm32f4xx_ll_usb.o(i.USB_GetDevSpeed)
    i.USB_GetMode                            0x080035e8   Section        0  stm32f4xx_ll_usb.o(i.USB_GetMode)
    i.USB_ReadDevAllInEpInterrupt            0x080035f0   Section        0  stm32f4xx_ll_usb.o(i.USB_ReadDevAllInEpInterrupt)
    i.USB_ReadDevAllOutEpInterrupt           0x080035fe   Section        0  stm32f4xx_ll_usb.o(i.USB_ReadDevAllOutEpInterrupt)
    i.USB_ReadDevInEPInterrupt               0x0800360c   Section        0  stm32f4xx_ll_usb.o(i.USB_ReadDevInEPInterrupt)
    i.USB_ReadDevOutEPInterrupt              0x0800362a   Section        0  stm32f4xx_ll_usb.o(i.USB_ReadDevOutEPInterrupt)
    i.USB_ReadInterrupts                     0x0800363a   Section        0  stm32f4xx_ll_usb.o(i.USB_ReadInterrupts)
    i.USB_ReadPacket                         0x08003642   Section        0  stm32f4xx_ll_usb.o(i.USB_ReadPacket)
    i.USB_SetCurrentMode                     0x08003662   Section        0  stm32f4xx_ll_usb.o(i.USB_SetCurrentMode)
    i.USB_SetDevAddress                      0x0800368e   Section        0  stm32f4xx_ll_usb.o(i.USB_SetDevAddress)
    i.USB_WritePacket                        0x080036b0   Section        0  stm32f4xx_ll_usb.o(i.USB_WritePacket)
    i.UsageFault_Handler                     0x080036d8   Section        0  stm32f4xx_it.o(i.UsageFault_Handler)
    i._Error_Handler                         0x080036da   Section        0  main.o(i._Error_Handler)
    i.change_info                            0x080036dc   Section        0  main.o(i.change_info)
    i.check_what_to_display                  0x08003744   Section        0  main.o(i.check_what_to_display)
    i.disp_row                               0x0800376c   Section        0  main.o(i.disp_row)
    i.ez_display                             0x080037d4   Section        0  main.o(i.ez_display)
    i.main                                   0x0800381c   Section        0  main.o(i.main)
    i.set_row                                0x0800394c   Section        0  main.o(i.set_row)
    i.show_display                           0x080039e8   Section        0  main.o(i.show_display)
    i.ssd1331_clear_screen                   0x08003a0c   Section        0  ssd1331.o(i.ssd1331_clear_screen)
    i.ssd1331_display_char                   0x08003a30   Section        0  ssd1331.o(i.ssd1331_display_char)
    i.ssd1331_display_string                 0x08003acc   Section        0  ssd1331.o(i.ssd1331_display_string)
    i.ssd1331_draw_point                     0x08003b28   Section        0  ssd1331.o(i.ssd1331_draw_point)
    i.ssd1331_fill_rect                      0x08003b80   Section        0  ssd1331.o(i.ssd1331_fill_rect)
    i.ssd1331_init                           0x08003bcc   Section        0  ssd1331.o(i.ssd1331_init)
    i.ssd1331_write_byte                     0x08003d24   Section        0  ssd1331.o(i.ssd1331_write_byte)
    ssd1331_write_byte                       0x08003d25   Thumb Code    68  ssd1331.o(i.ssd1331_write_byte)
    x$fpl$fpinit                             0x08003d74   Section       10  fpinit.o(x$fpl$fpinit)
    $v0                                      0x08003d74   Number         0  fpinit.o(x$fpl$fpinit)
    .constdata                               0x08003d7e   Section     1140  fonts.o(.constdata)
    .constdata                               0x080041f2   Section     1520  fonts.o(.constdata)
    .constdata                               0x080047e2   Section       16  system_stm32f4xx.o(.constdata)
    .data                                    0x20000000   Section       16  usbd_cdc_if.o(.data)
    .data                                    0x20000010   Section       28  usbd_desc.o(.data)
    .data                                    0x2000002c   Section       22  usbd_desc.o(.data)
    .data                                    0x20000044   Section      136  main.o(.data)
    .data                                    0x200000cc   Section        4  system_stm32f4xx.o(.data)
    .data                                    0x200000d0   Section      219  usbd_cdc.o(.data)
    ifalt                                    0x200000d0   Data           1  usbd_cdc.o(.data)
    USBD_CDC_DeviceQualifierDesc             0x200000d4   Data          10  usbd_cdc.o(.data)
    .data                                    0x200001ac   Section       56  usbd_cdc.o(.data)
    .data                                    0x200001e4   Section        1  usbd_ctlreq.o(.data)
    cfgidx                                   0x200001e4   Data           1  usbd_ctlreq.o(.data)
    .data                                    0x200001e8   Section       12  stm32f4xx_hal.o(.data)
    .bss                                     0x200001f4   Section     1008  usbd_conf.o(.bss)
    .bss                                     0x200005e4   Section     4096  usbd_cdc_if.o(.bss)
    .bss                                     0x200015e4   Section      512  usbd_desc.o(.bss)
    .bss                                     0x200017e4   Section      548  usb_device.o(.bss)
    .bss                                     0x20001a08   Section      148  main.o(.bss)
    .bss                                     0x20001a9c   Section       96  libspace.o(.bss)
    HEAP                                     0x20001b00   Section     8192  startup_stm32f407xx.o(HEAP)
    Heap_Mem                                 0x20001b00   Data        8192  startup_stm32f407xx.o(HEAP)
    STACK                                    0x20003b00   Section    16384  startup_stm32f407xx.o(STACK)
    Stack_Mem                                0x20003b00   Data       16384  startup_stm32f407xx.o(STACK)
    __initial_sp                             0x20007b00   Data           0  startup_stm32f407xx.o(STACK)

    Global Symbols

    Symbol Name                              Value     Ov Type        Size  Object(Section)

    BuildAttributes$$THM_ISAv4$E$P$D$K$B$S$7EM$VFPi3$EXTD16$VFPS$VFMA$PE$A:L22UL41UL21$X:L11$S22US41US21$IEEE1$IW$USESV6$~STKCKD$USESV7$~SHL$OTIME$ROPI$EBA8$UX$STANDARDLIB$REQ8$PRES8$EABIv2 0x00000000   Number         0  anon$$obj.o ABSOLUTE
    __ARM_use_no_argv                        0x00000000   Number         0  main.o ABSOLUTE
    __ARM_exceptions_init                     - Undefined Weak Reference
    __alloca_initialize                       - Undefined Weak Reference
    __arm_preinit_                            - Undefined Weak Reference
    __cpp_initialize__aeabi_                  - Undefined Weak Reference
    __cxa_finalize                            - Undefined Weak Reference
    __rt_locale                               - Undefined Weak Reference
    __sigvec_lookup                           - Undefined Weak Reference
    __user_heap_extent                        - Undefined Weak Reference
    _atexit_init                              - Undefined Weak Reference
    _call_atexit_fns                          - Undefined Weak Reference
    _clock_init                               - Undefined Weak Reference
    _fp_trap_init                             - Undefined Weak Reference
    _fp_trap_shutdown                         - Undefined Weak Reference
    _get_lc_collate                           - Undefined Weak Reference
    _get_lc_ctype                             - Undefined Weak Reference
    _get_lc_monetary                          - Undefined Weak Reference
    _get_lc_numeric                           - Undefined Weak Reference
    _get_lc_time                              - Undefined Weak Reference
    _getenv_init                              - Undefined Weak Reference
    _handle_redirection                       - Undefined Weak Reference
    _initio                                   - Undefined Weak Reference
    _mutex_acquire                            - Undefined Weak Reference
    _mutex_free                               - Undefined Weak Reference
    _mutex_release                            - Undefined Weak Reference
    _rand_init                                - Undefined Weak Reference
    _signal_finish                            - Undefined Weak Reference
    _signal_init                              - Undefined Weak Reference
    _terminateio                              - Undefined Weak Reference
    __Vectors_Size                           0x00000188   Number         0  startup_stm32f407xx.o ABSOLUTE
    __Vectors                                0x08000000   Data           4  startup_stm32f407xx.o(RESET)
    __Vectors_End                            0x08000188   Data           0  startup_stm32f407xx.o(RESET)
    __main                                   0x08000189   Thumb Code     8  __main.o(!!!main)
    __scatterload                            0x08000191   Thumb Code     0  __scatter.o(!!!scatter)
    __scatterload_rt2                        0x08000191   Thumb Code    44  __scatter.o(!!!scatter)
    __scatterload_rt2_thumb_only             0x08000191   Thumb Code     0  __scatter.o(!!!scatter)
    __scatterload_null                       0x0800019f   Thumb Code     0  __scatter.o(!!!scatter)
    __decompress                             0x080001c5   Thumb Code    90  __dczerorl2.o(!!dczerorl2)
    __decompress1                            0x080001c5   Thumb Code     0  __dczerorl2.o(!!dczerorl2)
    __scatterload_zeroinit                   0x08000221   Thumb Code    28  __scatter_zi.o(!!handler_zi)
    __rt_lib_init                            0x0800023d   Thumb Code     0  libinit.o(.ARM.Collect$$libinit$$00000000)
    __rt_lib_init_fp_1                       0x0800023f   Thumb Code     0  libinit2.o(.ARM.Collect$$libinit$$00000001)
    __rt_lib_init_heap_2                     0x08000243   Thumb Code     0  libinit2.o(.ARM.Collect$$libinit$$00000005)
    __rt_lib_init_preinit_1                  0x08000243   Thumb Code     0  libinit2.o(.ARM.Collect$$libinit$$00000004)
    __rt_lib_init_alloca_1                   0x0800024b   Thumb Code     0  libinit2.o(.ARM.Collect$$libinit$$0000002E)
    __rt_lib_init_argv_1                     0x0800024b   Thumb Code     0  libinit2.o(.ARM.Collect$$libinit$$0000002C)
    __rt_lib_init_atexit_1                   0x0800024b   Thumb Code     0  libinit2.o(.ARM.Collect$$libinit$$0000001B)
    __rt_lib_init_clock_1                    0x0800024b   Thumb Code     0  libinit2.o(.ARM.Collect$$libinit$$00000021)
    __rt_lib_init_cpp_1                      0x0800024b   Thumb Code     0  libinit2.o(.ARM.Collect$$libinit$$00000032)
    __rt_lib_init_exceptions_1               0x0800024b   Thumb Code     0  libinit2.o(.ARM.Collect$$libinit$$00000030)
    __rt_lib_init_fp_trap_1                  0x0800024b   Thumb Code     0  libinit2.o(.ARM.Collect$$libinit$$0000001F)
    __rt_lib_init_getenv_1                   0x0800024b   Thumb Code     0  libinit2.o(.ARM.Collect$$libinit$$00000023)
    __rt_lib_init_heap_1                     0x0800024b   Thumb Code     0  libinit2.o(.ARM.Collect$$libinit$$0000000A)
    __rt_lib_init_lc_collate_1               0x0800024b   Thumb Code     0  libinit2.o(.ARM.Collect$$libinit$$00000011)
    __rt_lib_init_lc_ctype_1                 0x0800024b   Thumb Code     0  libinit2.o(.ARM.Collect$$libinit$$00000013)
    __rt_lib_init_lc_monetary_1              0x0800024b   Thumb Code     0  libinit2.o(.ARM.Collect$$libinit$$00000015)
    __rt_lib_init_lc_numeric_1               0x0800024b   Thumb Code     0  libinit2.o(.ARM.Collect$$libinit$$00000017)
    __rt_lib_init_lc_time_1                  0x0800024b   Thumb Code     0  libinit2.o(.ARM.Collect$$libinit$$00000019)
    __rt_lib_init_rand_1                     0x0800024b   Thumb Code     0  libinit2.o(.ARM.Collect$$libinit$$0000000E)
    __rt_lib_init_return                     0x0800024b   Thumb Code     0  libinit2.o(.ARM.Collect$$libinit$$00000033)
    __rt_lib_init_signal_1                   0x0800024b   Thumb Code     0  libinit2.o(.ARM.Collect$$libinit$$0000001D)
    __rt_lib_init_stdio_1                    0x0800024b   Thumb Code     0  libinit2.o(.ARM.Collect$$libinit$$00000025)
    __rt_lib_init_user_alloc_1               0x0800024b   Thumb Code     0  libinit2.o(.ARM.Collect$$libinit$$0000000C)
    __rt_lib_shutdown                        0x0800024d   Thumb Code     0  libshutdown.o(.ARM.Collect$$libshutdown$$00000000)
    __rt_lib_shutdown_cpp_1                  0x0800024f   Thumb Code     0  libshutdown2.o(.ARM.Collect$$libshutdown$$00000002)
    __rt_lib_shutdown_fp_trap_1              0x0800024f   Thumb Code     0  libshutdown2.o(.ARM.Collect$$libshutdown$$00000007)
    __rt_lib_shutdown_heap_1                 0x0800024f   Thumb Code     0  libshutdown2.o(.ARM.Collect$$libshutdown$$0000000F)
    __rt_lib_shutdown_return                 0x0800024f   Thumb Code     0  libshutdown2.o(.ARM.Collect$$libshutdown$$00000010)
    __rt_lib_shutdown_signal_1               0x0800024f   Thumb Code     0  libshutdown2.o(.ARM.Collect$$libshutdown$$0000000A)
    __rt_lib_shutdown_stdio_1                0x0800024f   Thumb Code     0  libshutdown2.o(.ARM.Collect$$libshutdown$$00000004)
    __rt_lib_shutdown_user_alloc_1           0x0800024f   Thumb Code     0  libshutdown2.o(.ARM.Collect$$libshutdown$$0000000C)
    __rt_entry                               0x08000251   Thumb Code     0  __rtentry.o(.ARM.Collect$$rtentry$$00000000)
    __rt_entry_presh_1                       0x08000251   Thumb Code     0  __rtentry2.o(.ARM.Collect$$rtentry$$00000002)
    __rt_entry_sh                            0x08000251   Thumb Code     0  __rtentry4.o(.ARM.Collect$$rtentry$$00000004)
    __rt_entry_li                            0x08000257   Thumb Code     0  __rtentry2.o(.ARM.Collect$$rtentry$$0000000A)
    __rt_entry_postsh_1                      0x08000257   Thumb Code     0  __rtentry2.o(.ARM.Collect$$rtentry$$00000009)
    __rt_entry_main                          0x0800025b   Thumb Code     0  __rtentry2.o(.ARM.Collect$$rtentry$$0000000D)
    __rt_entry_postli_1                      0x0800025b   Thumb Code     0  __rtentry2.o(.ARM.Collect$$rtentry$$0000000C)
    __rt_exit                                0x08000263   Thumb Code     0  rtexit.o(.ARM.Collect$$rtexit$$00000000)
    __rt_exit_ls                             0x08000265   Thumb Code     0  rtexit2.o(.ARM.Collect$$rtexit$$00000003)
    __rt_exit_prels_1                        0x08000265   Thumb Code     0  rtexit2.o(.ARM.Collect$$rtexit$$00000002)
    __rt_exit_exit                           0x08000269   Thumb Code     0  rtexit2.o(.ARM.Collect$$rtexit$$00000004)
    Reset_Handler                            0x08000271   Thumb Code     8  startup_stm32f407xx.o(.text)
    _maybe_terminate_alloc                   0x08000271   Thumb Code     0  maybetermalloc1.o(.emb_text)
    ADC_IRQHandler                           0x0800028b   Thumb Code     0  startup_stm32f407xx.o(.text)
    CAN1_RX0_IRQHandler                      0x0800028b   Thumb Code     0  startup_stm32f407xx.o(.text)
    CAN1_RX1_IRQHandler                      0x0800028b   Thumb Code     0  startup_stm32f407xx.o(.text)
    CAN1_SCE_IRQHandler                      0x0800028b   Thumb Code     0  startup_stm32f407xx.o(.text)
    CAN1_TX_IRQHandler                       0x0800028b   Thumb Code     0  startup_stm32f407xx.o(.text)
    CAN2_RX0_IRQHandler                      0x0800028b   Thumb Code     0  startup_stm32f407xx.o(.text)
    CAN2_RX1_IRQHandler                      0x0800028b   Thumb Code     0  startup_stm32f407xx.o(.text)
    CAN2_SCE_IRQHandler                      0x0800028b   Thumb Code     0  startup_stm32f407xx.o(.text)
    CAN2_TX_IRQHandler                       0x0800028b   Thumb Code     0  startup_stm32f407xx.o(.text)
    DCMI_IRQHandler                          0x0800028b   Thumb Code     0  startup_stm32f407xx.o(.text)
    DMA1_Stream0_IRQHandler                  0x0800028b   Thumb Code     0  startup_stm32f407xx.o(.text)
    DMA1_Stream1_IRQHandler                  0x0800028b   Thumb Code     0  startup_stm32f407xx.o(.text)
    DMA1_Stream2_IRQHandler                  0x0800028b   Thumb Code     0  startup_stm32f407xx.o(.text)
    DMA1_Stream3_IRQHandler                  0x0800028b   Thumb Code     0  startup_stm32f407xx.o(.text)
    DMA1_Stream4_IRQHandler                  0x0800028b   Thumb Code     0  startup_stm32f407xx.o(.text)
    DMA1_Stream5_IRQHandler                  0x0800028b   Thumb Code     0  startup_stm32f407xx.o(.text)
    DMA1_Stream6_IRQHandler                  0x0800028b   Thumb Code     0  startup_stm32f407xx.o(.text)
    DMA1_Stream7_IRQHandler                  0x0800028b   Thumb Code     0  startup_stm32f407xx.o(.text)
    DMA2_Stream0_IRQHandler                  0x0800028b   Thumb Code     0  startup_stm32f407xx.o(.text)
    DMA2_Stream1_IRQHandler                  0x0800028b   Thumb Code     0  startup_stm32f407xx.o(.text)
    DMA2_Stream2_IRQHandler                  0x0800028b   Thumb Code     0  startup_stm32f407xx.o(.text)
    DMA2_Stream3_IRQHandler                  0x0800028b   Thumb Code     0  startup_stm32f407xx.o(.text)
    DMA2_Stream4_IRQHandler                  0x0800028b   Thumb Code     0  startup_stm32f407xx.o(.text)
    DMA2_Stream5_IRQHandler                  0x0800028b   Thumb Code     0  startup_stm32f407xx.o(.text)
    DMA2_Stream6_IRQHandler                  0x0800028b   Thumb Code     0  startup_stm32f407xx.o(.text)
    DMA2_Stream7_IRQHandler                  0x0800028b   Thumb Code     0  startup_stm32f407xx.o(.text)
    ETH_IRQHandler                           0x0800028b   Thumb Code     0  startup_stm32f407xx.o(.text)
    ETH_WKUP_IRQHandler                      0x0800028b   Thumb Code     0  startup_stm32f407xx.o(.text)
    EXTI0_IRQHandler                         0x0800028b   Thumb Code     0  startup_stm32f407xx.o(.text)
    EXTI15_10_IRQHandler                     0x0800028b   Thumb Code     0  startup_stm32f407xx.o(.text)
    EXTI1_IRQHandler                         0x0800028b   Thumb Code     0  startup_stm32f407xx.o(.text)
    EXTI2_IRQHandler                         0x0800028b   Thumb Code     0  startup_stm32f407xx.o(.text)
    EXTI3_IRQHandler                         0x0800028b   Thumb Code     0  startup_stm32f407xx.o(.text)
    EXTI9_5_IRQHandler                       0x0800028b   Thumb Code     0  startup_stm32f407xx.o(.text)
    FLASH_IRQHandler                         0x0800028b   Thumb Code     0  startup_stm32f407xx.o(.text)
    FMC_IRQHandler                           0x0800028b   Thumb Code     0  startup_stm32f407xx.o(.text)
    FPU_IRQHandler                           0x0800028b   Thumb Code     0  startup_stm32f407xx.o(.text)
    HASH_RNG_IRQHandler                      0x0800028b   Thumb Code     0  startup_stm32f407xx.o(.text)
    I2C1_ER_IRQHandler                       0x0800028b   Thumb Code     0  startup_stm32f407xx.o(.text)
    I2C1_EV_IRQHandler                       0x0800028b   Thumb Code     0  startup_stm32f407xx.o(.text)
    I2C2_ER_IRQHandler                       0x0800028b   Thumb Code     0  startup_stm32f407xx.o(.text)
    I2C2_EV_IRQHandler                       0x0800028b   Thumb Code     0  startup_stm32f407xx.o(.text)
    I2C3_ER_IRQHandler                       0x0800028b   Thumb Code     0  startup_stm32f407xx.o(.text)
    I2C3_EV_IRQHandler                       0x0800028b   Thumb Code     0  startup_stm32f407xx.o(.text)
    OTG_FS_WKUP_IRQHandler                   0x0800028b   Thumb Code     0  startup_stm32f407xx.o(.text)
    OTG_HS_EP1_IN_IRQHandler                 0x0800028b   Thumb Code     0  startup_stm32f407xx.o(.text)
    OTG_HS_EP1_OUT_IRQHandler                0x0800028b   Thumb Code     0  startup_stm32f407xx.o(.text)
    OTG_HS_IRQHandler                        0x0800028b   Thumb Code     0  startup_stm32f407xx.o(.text)
    OTG_HS_WKUP_IRQHandler                   0x0800028b   Thumb Code     0  startup_stm32f407xx.o(.text)
    PVD_IRQHandler                           0x0800028b   Thumb Code     0  startup_stm32f407xx.o(.text)
    RCC_IRQHandler                           0x0800028b   Thumb Code     0  startup_stm32f407xx.o(.text)
    RTC_Alarm_IRQHandler                     0x0800028b   Thumb Code     0  startup_stm32f407xx.o(.text)
    RTC_WKUP_IRQHandler                      0x0800028b   Thumb Code     0  startup_stm32f407xx.o(.text)
    SDIO_IRQHandler                          0x0800028b   Thumb Code     0  startup_stm32f407xx.o(.text)
    SPI1_IRQHandler                          0x0800028b   Thumb Code     0  startup_stm32f407xx.o(.text)
    SPI2_IRQHandler                          0x0800028b   Thumb Code     0  startup_stm32f407xx.o(.text)
    SPI3_IRQHandler                          0x0800028b   Thumb Code     0  startup_stm32f407xx.o(.text)
    TAMP_STAMP_IRQHandler                    0x0800028b   Thumb Code     0  startup_stm32f407xx.o(.text)
    TIM1_BRK_TIM9_IRQHandler                 0x0800028b   Thumb Code     0  startup_stm32f407xx.o(.text)
    TIM1_CC_IRQHandler                       0x0800028b   Thumb Code     0  startup_stm32f407xx.o(.text)
    TIM1_TRG_COM_TIM11_IRQHandler            0x0800028b   Thumb Code     0  startup_stm32f407xx.o(.text)
    TIM1_UP_TIM10_IRQHandler                 0x0800028b   Thumb Code     0  startup_stm32f407xx.o(.text)
    TIM2_IRQHandler                          0x0800028b   Thumb Code     0  startup_stm32f407xx.o(.text)
    TIM3_IRQHandler                          0x0800028b   Thumb Code     0  startup_stm32f407xx.o(.text)
    TIM4_IRQHandler                          0x0800028b   Thumb Code     0  startup_stm32f407xx.o(.text)
    TIM5_IRQHandler                          0x0800028b   Thumb Code     0  startup_stm32f407xx.o(.text)
    TIM6_DAC_IRQHandler                      0x0800028b   Thumb Code     0  startup_stm32f407xx.o(.text)
    TIM7_IRQHandler                          0x0800028b   Thumb Code     0  startup_stm32f407xx.o(.text)
    TIM8_BRK_TIM12_IRQHandler                0x0800028b   Thumb Code     0  startup_stm32f407xx.o(.text)
    TIM8_CC_IRQHandler                       0x0800028b   Thumb Code     0  startup_stm32f407xx.o(.text)
    TIM8_TRG_COM_TIM14_IRQHandler            0x0800028b   Thumb Code     0  startup_stm32f407xx.o(.text)
    TIM8_UP_TIM13_IRQHandler                 0x0800028b   Thumb Code     0  startup_stm32f407xx.o(.text)
    UART4_IRQHandler                         0x0800028b   Thumb Code     0  startup_stm32f407xx.o(.text)
    UART5_IRQHandler                         0x0800028b   Thumb Code     0  startup_stm32f407xx.o(.text)
    USART1_IRQHandler                        0x0800028b   Thumb Code     0  startup_stm32f407xx.o(.text)
    USART2_IRQHandler                        0x0800028b   Thumb Code     0  startup_stm32f407xx.o(.text)
    USART3_IRQHandler                        0x0800028b   Thumb Code     0  startup_stm32f407xx.o(.text)
    USART6_IRQHandler                        0x0800028b   Thumb Code     0  startup_stm32f407xx.o(.text)
    WWDG_IRQHandler                          0x0800028b   Thumb Code     0  startup_stm32f407xx.o(.text)
    __user_initial_stackheap                 0x0800028d   Thumb Code     0  startup_stm32f407xx.o(.text)
    malloc                                   0x080002b1   Thumb Code    94  h1_alloc.o(.text)
    free                                     0x0800030f   Thumb Code    78  h1_free.o(.text)
    __aeabi_uldivmod                         0x0800035d   Thumb Code     0  lludivv7m.o(.text)
    _ll_udiv                                 0x0800035d   Thumb Code   238  lludivv7m.o(.text)
    __aeabi_memcpy4                          0x0800044b   Thumb Code     0  rt_memcpy_w.o(.text)
    __aeabi_memcpy8                          0x0800044b   Thumb Code     0  rt_memcpy_w.o(.text)
    __rt_memcpy_w                            0x0800044b   Thumb Code   100  rt_memcpy_w.o(.text)
    _memcpy_lastbytes_aligned                0x08000493   Thumb Code     0  rt_memcpy_w.o(.text)
    __use_two_region_memory                  0x080004af   Thumb Code     2  heapauxi.o(.text)
    __rt_heap_escrow                         0x080004b1   Thumb Code     2  heapauxi.o(.text)
    __rt_heap_expand                         0x080004b3   Thumb Code     2  heapauxi.o(.text)
    __rt_heap_descriptor                     0x080004b5   Thumb Code     8  rt_heap_descriptor_intlibspace.o(.text)
    __use_no_heap                            0x080004bd   Thumb Code     2  hguard.o(.text)
    __heap$guard                             0x080004bf   Thumb Code     2  hguard.o(.text)
    _terminate_user_alloc                    0x080004c1   Thumb Code     2  init_alloc.o(.text)
    _init_user_alloc                         0x080004c3   Thumb Code     2  init_alloc.o(.text)
    __Heap_Full                              0x080004c5   Thumb Code    34  init_alloc.o(.text)
    __Heap_Broken                            0x080004e7   Thumb Code     6  init_alloc.o(.text)
    _init_alloc                              0x080004ed   Thumb Code    94  init_alloc.o(.text)
    __Heap_Initialize                        0x0800054b   Thumb Code    10  h1_init.o(.text)
    __Heap_DescSize                          0x08000555   Thumb Code     4  h1_init.o(.text)
    __user_libspace                          0x08000559   Thumb Code     8  libspace.o(.text)
    __user_perproc_libspace                  0x08000559   Thumb Code     0  libspace.o(.text)
    __user_perthread_libspace                0x08000559   Thumb Code     0  libspace.o(.text)
    __Heap_ProvideMemory                     0x08000561   Thumb Code    52  h1_extend.o(.text)
    __rt_SIGRTMEM                            0x08000595   Thumb Code    14  defsig_rtmem_outer.o(.text)
    __I$use$semihosting                      0x080005a3   Thumb Code     0  use_no_semi.o(.text)
    __use_no_semihosting_swi                 0x080005a3   Thumb Code     2  use_no_semi.o(.text)
    __semihosting_library_function           0x080005a5   Thumb Code     0  indicate_semi.o(.text)
    __user_setup_stackheap                   0x080005a5   Thumb Code    74  sys_stackheap_outer.o(.text)
    exit                                     0x080005ef   Thumb Code    18  exit.o(.text)
    __sig_exit                               0x08000601   Thumb Code    10  defsig_exit.o(.text)
    __rt_SIGRTMEM_inner                      0x0800060d   Thumb Code    22  defsig_rtmem_inner.o(.text)
    _sys_exit                                0x0800065d   Thumb Code     8  sys_exit.o(.text)
    __default_signal_display                 0x08000669   Thumb Code    50  defsig_general.o(.text)
    _ttywrch                                 0x0800069b   Thumb Code    14  sys_wrch.o(.text)
    BusFault_Handler                         0x080006a9   Thumb Code     2  stm32f4xx_it.o(i.BusFault_Handler)
    CDC_ReceiveCallBack                      0x080006d9   Thumb Code    22  main.o(i.CDC_ReceiveCallBack)
    CDC_Transmit_FS                          0x08000719   Thumb Code    38  usbd_cdc_if.o(i.CDC_Transmit_FS)
    DebugMon_Handler                         0x08000745   Thumb Code     2  stm32f4xx_it.o(i.DebugMon_Handler)
    EXTI4_IRQHandler                         0x08000749   Thumb Code    14  stm32f4xx_it.o(i.EXTI4_IRQHandler)
    HAL_Delay                                0x0800075d   Thumb Code    32  stm32f4xx_hal.o(i.HAL_Delay)
    HAL_GPIO_EXTI_Callback                   0x08000781   Thumb Code     2  stm32f4xx_hal_gpio.o(i.HAL_GPIO_EXTI_Callback)
    HAL_GPIO_EXTI_IRQHandler                 0x08000785   Thumb Code    18  stm32f4xx_hal_gpio.o(i.HAL_GPIO_EXTI_IRQHandler)
    HAL_GPIO_Init                            0x0800079d   Thumb Code   388  stm32f4xx_hal_gpio.o(i.HAL_GPIO_Init)
    HAL_GPIO_TogglePin                       0x0800094d   Thumb Code     8  stm32f4xx_hal_gpio.o(i.HAL_GPIO_TogglePin)
    HAL_GPIO_WritePin                        0x08000955   Thumb Code    10  stm32f4xx_hal_gpio.o(i.HAL_GPIO_WritePin)
    HAL_GetTick                              0x08000961   Thumb Code     6  stm32f4xx_hal.o(i.HAL_GetTick)
    HAL_IncTick                              0x0800096d   Thumb Code    12  stm32f4xx_hal.o(i.HAL_IncTick)
    HAL_Init                                 0x0800097d   Thumb Code    48  stm32f4xx_hal.o(i.HAL_Init)
    HAL_InitTick                             0x080009b1   Thumb Code    54  stm32f4xx_hal.o(i.HAL_InitTick)
    HAL_MspInit                              0x080009f1   Thumb Code    88  stm32f4xx_hal_msp.o(i.HAL_MspInit)
    HAL_NVIC_EnableIRQ                       0x08000a49   Thumb Code    22  stm32f4xx_hal_cortex.o(i.HAL_NVIC_EnableIRQ)
    HAL_NVIC_SetPriority                     0x08000a61   Thumb Code    60  stm32f4xx_hal_cortex.o(i.HAL_NVIC_SetPriority)
    HAL_NVIC_SetPriorityGrouping             0x08000aa1   Thumb Code    26  stm32f4xx_hal_cortex.o(i.HAL_NVIC_SetPriorityGrouping)
    HAL_PCDEx_SetRxFiFo                      0x08000ac5   Thumb Code     8  stm32f4xx_hal_pcd_ex.o(i.HAL_PCDEx_SetRxFiFo)
    HAL_PCDEx_SetTxFiFo                      0x08000acd   Thumb Code    68  stm32f4xx_hal_pcd_ex.o(i.HAL_PCDEx_SetTxFiFo)
    HAL_PCD_ConnectCallback                  0x08000b11   Thumb Code     8  usbd_conf.o(i.HAL_PCD_ConnectCallback)
    HAL_PCD_DataInStageCallback              0x08000b19   Thumb Code    18  usbd_conf.o(i.HAL_PCD_DataInStageCallback)
    HAL_PCD_DataOutStageCallback             0x08000b2b   Thumb Code    20  usbd_conf.o(i.HAL_PCD_DataOutStageCallback)
    HAL_PCD_DisconnectCallback               0x08000b3f   Thumb Code     8  usbd_conf.o(i.HAL_PCD_DisconnectCallback)
    HAL_PCD_EP_Close                         0x08000b47   Thumb Code    68  stm32f4xx_hal_pcd.o(i.HAL_PCD_EP_Close)
    HAL_PCD_EP_ClrStall                      0x08000b8b   Thumb Code    80  stm32f4xx_hal_pcd.o(i.HAL_PCD_EP_ClrStall)
    HAL_PCD_EP_GetRxCount                    0x08000bdb   Thumb Code    20  stm32f4xx_hal_pcd.o(i.HAL_PCD_EP_GetRxCount)
    HAL_PCD_EP_Open                          0x08000bef   Thumb Code    84  stm32f4xx_hal_pcd.o(i.HAL_PCD_EP_Open)
    HAL_PCD_EP_Receive                       0x08000c43   Thumb Code    72  stm32f4xx_hal_pcd.o(i.HAL_PCD_EP_Receive)
    HAL_PCD_EP_SetStall                      0x08000c8b   Thumb Code    96  stm32f4xx_hal_pcd.o(i.HAL_PCD_EP_SetStall)
    HAL_PCD_EP_Transmit                      0x08000ceb   Thumb Code    64  stm32f4xx_hal_pcd.o(i.HAL_PCD_EP_Transmit)
    HAL_PCD_IRQHandler                       0x08000d2d   Thumb Code  1196  stm32f4xx_hal_pcd.o(i.HAL_PCD_IRQHandler)
    HAL_PCD_ISOINIncompleteCallback          0x08001221   Thumb Code     8  usbd_conf.o(i.HAL_PCD_ISOINIncompleteCallback)
    HAL_PCD_ISOOUTIncompleteCallback         0x08001229   Thumb Code     8  usbd_conf.o(i.HAL_PCD_ISOOUTIncompleteCallback)
    HAL_PCD_Init                             0x08001231   Thumb Code   190  stm32f4xx_hal_pcd.o(i.HAL_PCD_Init)
    HAL_PCD_MspInit                          0x080012f1   Thumb Code    92  usbd_conf.o(i.HAL_PCD_MspInit)
    HAL_PCD_ResetCallback                    0x08001355   Thumb Code    32  usbd_conf.o(i.HAL_PCD_ResetCallback)
    HAL_PCD_ResumeCallback                   0x08001375   Thumb Code     8  usbd_conf.o(i.HAL_PCD_ResumeCallback)
    HAL_PCD_SOFCallback                      0x0800137d   Thumb Code     8  usbd_conf.o(i.HAL_PCD_SOFCallback)
    HAL_PCD_SetAddress                       0x08001385   Thumb Code    36  stm32f4xx_hal_pcd.o(i.HAL_PCD_SetAddress)
    HAL_PCD_SetupStageCallback               0x080013a9   Thumb Code    14  usbd_conf.o(i.HAL_PCD_SetupStageCallback)
    HAL_PCD_Start                            0x080013b7   Thumb Code    42  stm32f4xx_hal_pcd.o(i.HAL_PCD_Start)
    HAL_PCD_SuspendCallback                  0x080013e1   Thumb Code    44  usbd_conf.o(i.HAL_PCD_SuspendCallback)
    HAL_RCC_ClockConfig                      0x08001411   Thumb Code   286  stm32f4xx_hal_rcc.o(i.HAL_RCC_ClockConfig)
    HAL_RCC_GetHCLKFreq                      0x08001541   Thumb Code     6  stm32f4xx_hal_rcc.o(i.HAL_RCC_GetHCLKFreq)
    HAL_RCC_GetSysClockFreq                  0x0800154d   Thumb Code    88  stm32f4xx_hal_rcc.o(i.HAL_RCC_GetSysClockFreq)
    HAL_RCC_OscConfig                        0x080015ad   Thumb Code   770  stm32f4xx_hal_rcc.o(i.HAL_RCC_OscConfig)
    HAL_SPI_Init                             0x080018c9   Thumb Code   128  stm32f4xx_hal_spi.o(i.HAL_SPI_Init)
    HAL_SPI_MspInit                          0x08001949   Thumb Code    62  stm32f4xx_hal_msp.o(i.HAL_SPI_MspInit)
    HAL_SPI_Transmit                         0x08001995   Thumb Code   360  stm32f4xx_hal_spi.o(i.HAL_SPI_Transmit)
    HAL_SYSTICK_CLKSourceConfig              0x08001afd   Thumb Code    24  stm32f4xx_hal_cortex.o(i.HAL_SYSTICK_CLKSourceConfig)
    HAL_SYSTICK_Callback                     0x08001b15   Thumb Code     2  stm32f4xx_hal_cortex.o(i.HAL_SYSTICK_Callback)
    HAL_SYSTICK_Config                       0x08001b17   Thumb Code    40  stm32f4xx_hal_cortex.o(i.HAL_SYSTICK_Config)
    HAL_SYSTICK_IRQHandler                   0x08001b3f   Thumb Code     8  stm32f4xx_hal_cortex.o(i.HAL_SYSTICK_IRQHandler)
    HAL_TIMEx_MasterConfigSynchronization    0x08001b47   Thumb Code    80  stm32f4xx_hal_tim_ex.o(i.HAL_TIMEx_MasterConfigSynchronization)
    HAL_TIM_Encoder_Init                     0x08001b97   Thumb Code   150  stm32f4xx_hal_tim.o(i.HAL_TIM_Encoder_Init)
    HAL_TIM_Encoder_MspInit                  0x08001c2d   Thumb Code    62  stm32f4xx_hal_msp.o(i.HAL_TIM_Encoder_MspInit)
    HAL_TIM_Encoder_Start                    0x08001c79   Thumb Code    52  stm32f4xx_hal_tim.o(i.HAL_TIM_Encoder_Start)
    HardFault_Handler                        0x08001cad   Thumb Code     2  stm32f4xx_it.o(i.HardFault_Handler)
    MX_USB_DEVICE_Init                       0x08001e49   Thumb Code    38  usb_device.o(i.MX_USB_DEVICE_Init)
    MemManage_Handler                        0x08001e81   Thumb Code     2  stm32f4xx_it.o(i.MemManage_Handler)
    NMI_Handler                              0x08001e83   Thumb Code     2  stm32f4xx_it.o(i.NMI_Handler)
    OTG_FS_IRQHandler                        0x08001ea5   Thumb Code     6  stm32f4xx_it.o(i.OTG_FS_IRQHandler)
    PendSV_Handler                           0x08001f39   Thumb Code     2  stm32f4xx_it.o(i.PendSV_Handler)
    SVC_Handler                              0x08001ff1   Thumb Code     2  stm32f4xx_it.o(i.SVC_Handler)
    SysTick_Handler                          0x08001ff3   Thumb Code    14  stm32f4xx_it.o(i.SysTick_Handler)
    SystemClock_Config                       0x08002001   Thumb Code   146  main.o(i.SystemClock_Config)
    SystemInit                               0x0800209d   Thumb Code    66  system_stm32f4xx.o(i.SystemInit)
    TIM_Base_SetConfig                       0x080020f1   Thumb Code   148  stm32f4xx_hal_tim.o(i.TIM_Base_SetConfig)
    TIM_CCxChannelCmd                        0x080021b1   Thumb Code    22  stm32f4xx_hal_tim.o(i.TIM_CCxChannelCmd)
    USBD_CDC_GetDeviceQualifierDescriptor    0x08002269   Thumb Code     8  usbd_cdc.o(i.USBD_CDC_GetDeviceQualifierDescriptor)
    USBD_CDC_ReceivePacket                   0x08002321   Thumb Code    40  usbd_cdc.o(i.USBD_CDC_ReceivePacket)
    USBD_CDC_RegisterInterface               0x08002349   Thumb Code    16  usbd_cdc.o(i.USBD_CDC_RegisterInterface)
    USBD_CDC_SetRxBuffer                     0x08002359   Thumb Code    12  usbd_cdc.o(i.USBD_CDC_SetRxBuffer)
    USBD_CDC_SetTxBuffer                     0x08002365   Thumb Code    16  usbd_cdc.o(i.USBD_CDC_SetTxBuffer)
    USBD_CDC_TransmitPacket                  0x080023e5   Thumb Code    48  usbd_cdc.o(i.USBD_CDC_TransmitPacket)
    USBD_ClrClassConfig                      0x08002415   Thumb Code    14  usbd_core.o(i.USBD_ClrClassConfig)
    USBD_CtlContinueRx                       0x08002423   Thumb Code    16  usbd_ioreq.o(i.USBD_CtlContinueRx)
    USBD_CtlContinueSendData                 0x08002433   Thumb Code    16  usbd_ioreq.o(i.USBD_CtlContinueSendData)
    USBD_CtlError                            0x08002443   Thumb Code    22  usbd_ctlreq.o(i.USBD_CtlError)
    USBD_CtlPrepareRx                        0x08002459   Thumb Code    30  usbd_ioreq.o(i.USBD_CtlPrepareRx)
    USBD_CtlReceiveStatus                    0x08002477   Thumb Code    22  usbd_ioreq.o(i.USBD_CtlReceiveStatus)
    USBD_CtlSendData                         0x0800248d   Thumb Code    26  usbd_ioreq.o(i.USBD_CtlSendData)
    USBD_CtlSendStatus                       0x080024a7   Thumb Code    22  usbd_ioreq.o(i.USBD_CtlSendStatus)
    USBD_FS_ConfigStrDescriptor              0x080024bd   Thumb Code    16  usbd_desc.o(i.USBD_FS_ConfigStrDescriptor)
    USBD_FS_DeviceDescriptor                 0x080024dd   Thumb Code     8  usbd_desc.o(i.USBD_FS_DeviceDescriptor)
    USBD_FS_InterfaceStrDescriptor           0x080024e9   Thumb Code    16  usbd_desc.o(i.USBD_FS_InterfaceStrDescriptor)
    USBD_FS_LangIDStrDescriptor              0x0800250d   Thumb Code     8  usbd_desc.o(i.USBD_FS_LangIDStrDescriptor)
    USBD_FS_ManufacturerStrDescriptor        0x08002519   Thumb Code    16  usbd_desc.o(i.USBD_FS_ManufacturerStrDescriptor)
    USBD_FS_ProductStrDescriptor             0x08002541   Thumb Code    16  usbd_desc.o(i.USBD_FS_ProductStrDescriptor)
    USBD_FS_SerialStrDescriptor              0x0800256d   Thumb Code    16  usbd_desc.o(i.USBD_FS_SerialStrDescriptor)
    USBD_GetString                           0x08002671   Thumb Code    70  usbd_ctlreq.o(i.USBD_GetString)
    USBD_Init                                0x080026b7   Thumb Code    42  usbd_core.o(i.USBD_Init)
    USBD_LL_ClearStallEP                     0x080026e1   Thumb Code    32  usbd_conf.o(i.USBD_LL_ClearStallEP)
    USBD_LL_CloseEP                          0x08002701   Thumb Code    32  usbd_conf.o(i.USBD_LL_CloseEP)
    USBD_LL_DataInStage                      0x08002721   Thumb Code   170  usbd_core.o(i.USBD_LL_DataInStage)
    USBD_LL_DataOutStage                     0x080027cb   Thumb Code   106  usbd_core.o(i.USBD_LL_DataOutStage)
    USBD_LL_DevConnected                     0x08002835   Thumb Code     4  usbd_core.o(i.USBD_LL_DevConnected)
    USBD_LL_DevDisconnected                  0x08002839   Thumb Code    22  usbd_core.o(i.USBD_LL_DevDisconnected)
    USBD_LL_GetRxDataSize                    0x0800284f   Thumb Code     8  usbd_conf.o(i.USBD_LL_GetRxDataSize)
    USBD_LL_Init                             0x08002859   Thumb Code    98  usbd_conf.o(i.USBD_LL_Init)
    USBD_LL_IsStallEP                        0x080028d5   Thumb Code    32  usbd_conf.o(i.USBD_LL_IsStallEP)
    USBD_LL_IsoINIncomplete                  0x080028f5   Thumb Code     4  usbd_core.o(i.USBD_LL_IsoINIncomplete)
    USBD_LL_IsoOUTIncomplete                 0x080028f9   Thumb Code     4  usbd_core.o(i.USBD_LL_IsoOUTIncomplete)
    USBD_LL_OpenEP                           0x080028fd   Thumb Code    38  usbd_conf.o(i.USBD_LL_OpenEP)
    USBD_LL_PrepareReceive                   0x08002923   Thumb Code    32  usbd_conf.o(i.USBD_LL_PrepareReceive)
    USBD_LL_Reset                            0x08002943   Thumb Code    62  usbd_core.o(i.USBD_LL_Reset)
    USBD_LL_Resume                           0x08002981   Thumb Code    12  usbd_core.o(i.USBD_LL_Resume)
    USBD_LL_SOF                              0x0800298d   Thumb Code    24  usbd_core.o(i.USBD_LL_SOF)
    USBD_LL_SetSpeed                         0x080029a5   Thumb Code     6  usbd_core.o(i.USBD_LL_SetSpeed)
    USBD_LL_SetUSBAddress                    0x080029ab   Thumb Code    32  usbd_conf.o(i.USBD_LL_SetUSBAddress)
    USBD_LL_SetupStage                       0x080029cb   Thumb Code    90  usbd_core.o(i.USBD_LL_SetupStage)
    USBD_LL_StallEP                          0x08002a25   Thumb Code    32  usbd_conf.o(i.USBD_LL_StallEP)
    USBD_LL_Start                            0x08002a45   Thumb Code    32  usbd_conf.o(i.USBD_LL_Start)
    USBD_LL_Suspend                          0x08002a65   Thumb Code    18  usbd_core.o(i.USBD_LL_Suspend)
    USBD_LL_Transmit                         0x08002a77   Thumb Code    32  usbd_conf.o(i.USBD_LL_Transmit)
    USBD_ParseSetupRequest                   0x08002a97   Thumb Code    40  usbd_ctlreq.o(i.USBD_ParseSetupRequest)
    USBD_RegisterClass                       0x08002abf   Thumb Code    16  usbd_core.o(i.USBD_RegisterClass)
    USBD_SetClassConfig                      0x08002acf   Thumb Code    22  usbd_core.o(i.USBD_SetClassConfig)
    USBD_Start                               0x08002b59   Thumb Code    10  usbd_core.o(i.USBD_Start)
    USBD_StdDevReq                           0x08002b63   Thumb Code   242  usbd_ctlreq.o(i.USBD_StdDevReq)
    USBD_StdEPReq                            0x08002c55   Thumb Code   220  usbd_ctlreq.o(i.USBD_StdEPReq)
    USBD_StdItfReq                           0x08002d31   Thumb Code    52  usbd_ctlreq.o(i.USBD_StdItfReq)
    USB_ActivateEndpoint                     0x08002d65   Thumb Code   122  stm32f4xx_ll_usb.o(i.USB_ActivateEndpoint)
    USB_ActivateSetup                        0x08002de5   Thumb Code    52  stm32f4xx_ll_usb.o(i.USB_ActivateSetup)
    USB_CoreInit                             0x08002e19   Thumb Code   104  stm32f4xx_ll_usb.o(i.USB_CoreInit)
    USB_DeactivateEndpoint                   0x08002ebd   Thumb Code   196  stm32f4xx_ll_usb.o(i.USB_DeactivateEndpoint)
    USB_DevConnect                           0x08002f85   Thumb Code    24  stm32f4xx_ll_usb.o(i.USB_DevConnect)
    USB_DevDisconnect                        0x08002f9d   Thumb Code    24  stm32f4xx_ll_usb.o(i.USB_DevDisconnect)
    USB_DevInit                              0x08002fb5   Thumb Code   302  stm32f4xx_ll_usb.o(i.USB_DevInit)
    USB_DisableGlobalInt                     0x080030f5   Thumb Code    12  stm32f4xx_ll_usb.o(i.USB_DisableGlobalInt)
    USB_EP0StartXfer                         0x08003101   Thumb Code   316  stm32f4xx_ll_usb.o(i.USB_EP0StartXfer)
    USB_EP0_OutStart                         0x08003241   Thumb Code    62  stm32f4xx_ll_usb.o(i.USB_EP0_OutStart)
    USB_EPClearStall                         0x0800327f   Thumb Code   100  stm32f4xx_ll_usb.o(i.USB_EPClearStall)
    USB_EPSetStall                           0x080032e3   Thumb Code    94  stm32f4xx_ll_usb.o(i.USB_EPSetStall)
    USB_EPStartXfer                          0x08003341   Thumb Code   534  stm32f4xx_ll_usb.o(i.USB_EPStartXfer)
    USB_EnableGlobalInt                      0x0800355d   Thumb Code    12  stm32f4xx_ll_usb.o(i.USB_EnableGlobalInt)
    USB_FlushRxFifo                          0x08003569   Thumb Code    28  stm32f4xx_ll_usb.o(i.USB_FlushRxFifo)
    USB_FlushTxFifo                          0x08003589   Thumb Code    32  stm32f4xx_ll_usb.o(i.USB_FlushTxFifo)
    USB_GetDevSpeed                          0x080035ad   Thumb Code    60  stm32f4xx_ll_usb.o(i.USB_GetDevSpeed)
    USB_GetMode                              0x080035e9   Thumb Code     8  stm32f4xx_ll_usb.o(i.USB_GetMode)
    USB_ReadDevAllInEpInterrupt              0x080035f1   Thumb Code    14  stm32f4xx_ll_usb.o(i.USB_ReadDevAllInEpInterrupt)
    USB_ReadDevAllOutEpInterrupt             0x080035ff   Thumb Code    14  stm32f4xx_ll_usb.o(i.USB_ReadDevAllOutEpInterrupt)
    USB_ReadDevInEPInterrupt                 0x0800360d   Thumb Code    30  stm32f4xx_ll_usb.o(i.USB_ReadDevInEPInterrupt)
    USB_ReadDevOutEPInterrupt                0x0800362b   Thumb Code    16  stm32f4xx_ll_usb.o(i.USB_ReadDevOutEPInterrupt)
    USB_ReadInterrupts                       0x0800363b   Thumb Code     8  stm32f4xx_ll_usb.o(i.USB_ReadInterrupts)
    USB_ReadPacket                           0x08003643   Thumb Code    32  stm32f4xx_ll_usb.o(i.USB_ReadPacket)
    USB_SetCurrentMode                       0x08003663   Thumb Code    44  stm32f4xx_ll_usb.o(i.USB_SetCurrentMode)
    USB_SetDevAddress                        0x0800368f   Thumb Code    34  stm32f4xx_ll_usb.o(i.USB_SetDevAddress)
    USB_WritePacket                          0x080036b1   Thumb Code    40  stm32f4xx_ll_usb.o(i.USB_WritePacket)
    UsageFault_Handler                       0x080036d9   Thumb Code     2  stm32f4xx_it.o(i.UsageFault_Handler)
    _Error_Handler                           0x080036db   Thumb Code     2  main.o(i._Error_Handler)
    change_info                              0x080036dd   Thumb Code    94  main.o(i.change_info)
    check_what_to_display                    0x08003745   Thumb Code    34  main.o(i.check_what_to_display)
    disp_row                                 0x0800376d   Thumb Code   100  main.o(i.disp_row)
    ez_display                               0x080037d5   Thumb Code    68  main.o(i.ez_display)
    main                                     0x0800381d   Thumb Code   292  main.o(i.main)
    set_row                                  0x0800394d   Thumb Code   152  main.o(i.set_row)
    show_display                             0x080039e9   Thumb Code    36  main.o(i.show_display)
    ssd1331_clear_screen                     0x08003a0d   Thumb Code    36  ssd1331.o(i.ssd1331_clear_screen)
    ssd1331_display_char                     0x08003a31   Thumb Code   146  ssd1331.o(i.ssd1331_display_char)
    ssd1331_display_string                   0x08003acd   Thumb Code    92  ssd1331.o(i.ssd1331_display_string)
    ssd1331_draw_point                       0x08003b29   Thumb Code    86  ssd1331.o(i.ssd1331_draw_point)
    ssd1331_fill_rect                        0x08003b81   Thumb Code    74  ssd1331.o(i.ssd1331_fill_rect)
    ssd1331_init                             0x08003bcd   Thumb Code   336  ssd1331.o(i.ssd1331_init)
    _fp_init                                 0x08003d75   Thumb Code    10  fpinit.o(x$fpl$fpinit)
    __fplib_config_fpu_vfp                   0x08003d7d   Thumb Code     0  fpinit.o(x$fpl$fpinit)
    __fplib_config_pureend_doubles           0x08003d7d   Thumb Code     0  fpinit.o(x$fpl$fpinit)
    c_chFont1206                             0x08003d7e   Data        1140  fonts.o(.constdata)
    c_chFont1608                             0x080041f2   Data        1520  fonts.o(.constdata)
    AHBPrescTable                            0x080047e2   Data          16  system_stm32f4xx.o(.constdata)
    Region$$Table$$Base                      0x080047f4   Number         0  anon$$obj.o(Region$$Table)
    Region$$Table$$Limit                     0x08004814   Number         0  anon$$obj.o(Region$$Table)
    USBD_Interface_fops_FS                   0x20000000   Data          16  usbd_cdc_if.o(.data)
    FS_Desc                                  0x20000010   Data          28  usbd_desc.o(.data)
    USBD_LangIDDesc                          0x2000002c   Data           4  usbd_desc.o(.data)
    USBD_FS_DeviceDesc                       0x20000030   Data          18  usbd_desc.o(.data)
    bufpos1                                  0x20000044   Data           1  main.o(.data)
    bufpos2                                  0x20000045   Data           1  main.o(.data)
    bufpos3                                  0x20000046   Data           1  main.o(.data)
    bufpos4                                  0x20000047   Data           1  main.o(.data)
    bufpos5                                  0x20000048   Data           1  main.o(.data)
    bufpos6                                  0x20000049   Data           1  main.o(.data)
    pulse_count                              0x2000004a   Data           2  main.o(.data)
    positions                                0x2000004c   Data           2  main.o(.data)
    first_row                                0x20000050   Data           4  main.o(.data)
    second_row                               0x20000054   Data           4  main.o(.data)
    third_row                                0x20000058   Data           4  main.o(.data)
    forth_row                                0x2000005c   Data           4  main.o(.data)
    state                                    0x20000060   Data           4  main.o(.data)
    prevpos                                  0x20000064   Data           4  main.o(.data)
    Buf                                      0x20000068   Data          40  main.o(.data)
    inf1                                     0x20000090   Data          10  main.o(.data)
    inf2                                     0x2000009a   Data          10  main.o(.data)
    inf3                                     0x200000a4   Data          10  main.o(.data)
    inf4                                     0x200000ae   Data          10  main.o(.data)
    inf5                                     0x200000b8   Data          10  main.o(.data)
    inf6                                     0x200000c2   Data          10  main.o(.data)
    SystemCoreClock                          0x200000cc   Data           4  system_stm32f4xx.o(.data)
    USBD_CDC_CfgHSDesc                       0x200000e0   Data          67  usbd_cdc.o(.data)
    USBD_CDC_CfgFSDesc                       0x20000124   Data          67  usbd_cdc.o(.data)
    USBD_CDC_OtherSpeedCfgDesc               0x20000168   Data          67  usbd_cdc.o(.data)
    USBD_CDC                                 0x200001ac   Data          56  usbd_cdc.o(.data)
    uwTickFreq                               0x200001e8   Data           1  stm32f4xx_hal.o(.data)
    uwTickPrio                               0x200001ec   Data           4  stm32f4xx_hal.o(.data)
    uwTick                                   0x200001f0   Data           4  stm32f4xx_hal.o(.data)
    hpcd_USB_OTG_FS                          0x200001f4   Data        1008  usbd_conf.o(.bss)
    UserRxBufferFS                           0x200005e4   Data        2048  usbd_cdc_if.o(.bss)
    UserTxBufferFS                           0x20000de4   Data        2048  usbd_cdc_if.o(.bss)
    USBD_StrDesc                             0x200015e4   Data         512  usbd_desc.o(.bss)
    hUsbDeviceFS                             0x200017e4   Data         548  usb_device.o(.bss)
    hspi1                                    0x20001a08   Data          88  main.o(.bss)
    htim1                                    0x20001a60   Data          60  main.o(.bss)
    __libspace_start                         0x20001a9c   Data          96  libspace.o(.bss)
    __temporary_stack_top$libspace           0x20001afc   Data           0  libspace.o(.bss)



==============================================================================

Memory Map of the image

  Image Entry point : 0x08000189

  Load Region LR_IROM1 (Base: 0x08000000, Size: 0x00004a08, Max: 0x00100000, ABSOLUTE, COMPRESSED[0x00004910])

    Execution Region ER_IROM1 (Exec base: 0x08000000, Load base: 0x08000000, Size: 0x00004814, Max: 0x00100000, ABSOLUTE)

    Exec Addr    Load Addr    Size         Type   Attr      Idx    E Section Name        Object

    0x08000000   0x08000000   0x00000188   Data   RO            3    RESET               startup_stm32f407xx.o
    0x08000188   0x08000188   0x00000008   Code   RO         4138  * !!!main             c_w.l(__main.o)
    0x08000190   0x08000190   0x00000034   Code   RO         4351    !!!scatter          c_w.l(__scatter.o)
    0x080001c4   0x080001c4   0x0000005a   Code   RO         4349    !!dczerorl2         c_w.l(__dczerorl2.o)
    0x0800021e   0x0800021e   0x00000002   PAD
    0x08000220   0x08000220   0x0000001c   Code   RO         4353    !!handler_zi        c_w.l(__scatter_zi.o)
    0x0800023c   0x0800023c   0x00000002   Code   RO         4288    .ARM.Collect$$libinit$$00000000  c_w.l(libinit.o)
    0x0800023e   0x0800023e   0x00000004   Code   RO         4174    .ARM.Collect$$libinit$$00000001  c_w.l(libinit2.o)
    0x08000242   0x08000242   0x00000000   Code   RO         4177    .ARM.Collect$$libinit$$00000004  c_w.l(libinit2.o)
    0x08000242   0x08000242   0x00000008   Code   RO         4178    .ARM.Collect$$libinit$$00000005  c_w.l(libinit2.o)
    0x0800024a   0x0800024a   0x00000000   Code   RO         4180    .ARM.Collect$$libinit$$0000000A  c_w.l(libinit2.o)
    0x0800024a   0x0800024a   0x00000000   Code   RO         4182    .ARM.Collect$$libinit$$0000000C  c_w.l(libinit2.o)
    0x0800024a   0x0800024a   0x00000000   Code   RO         4184    .ARM.Collect$$libinit$$0000000E  c_w.l(libinit2.o)
    0x0800024a   0x0800024a   0x00000000   Code   RO         4187    .ARM.Collect$$libinit$$00000011  c_w.l(libinit2.o)
    0x0800024a   0x0800024a   0x00000000   Code   RO         4189    .ARM.Collect$$libinit$$00000013  c_w.l(libinit2.o)
    0x0800024a   0x0800024a   0x00000000   Code   RO         4191    .ARM.Collect$$libinit$$00000015  c_w.l(libinit2.o)
    0x0800024a   0x0800024a   0x00000000   Code   RO         4193    .ARM.Collect$$libinit$$00000017  c_w.l(libinit2.o)
    0x0800024a   0x0800024a   0x00000000   Code   RO         4195    .ARM.Collect$$libinit$$00000019  c_w.l(libinit2.o)
    0x0800024a   0x0800024a   0x00000000   Code   RO         4197    .ARM.Collect$$libinit$$0000001B  c_w.l(libinit2.o)
    0x0800024a   0x0800024a   0x00000000   Code   RO         4199    .ARM.Collect$$libinit$$0000001D  c_w.l(libinit2.o)
    0x0800024a   0x0800024a   0x00000000   Code   RO         4201    .ARM.Collect$$libinit$$0000001F  c_w.l(libinit2.o)
    0x0800024a   0x0800024a   0x00000000   Code   RO         4203    .ARM.Collect$$libinit$$00000021  c_w.l(libinit2.o)
    0x0800024a   0x0800024a   0x00000000   Code   RO         4205    .ARM.Collect$$libinit$$00000023  c_w.l(libinit2.o)
    0x0800024a   0x0800024a   0x00000000   Code   RO         4207    .ARM.Collect$$libinit$$00000025  c_w.l(libinit2.o)
    0x0800024a   0x0800024a   0x00000000   Code   RO         4211    .ARM.Collect$$libinit$$0000002C  c_w.l(libinit2.o)
    0x0800024a   0x0800024a   0x00000000   Code   RO         4213    .ARM.Collect$$libinit$$0000002E  c_w.l(libinit2.o)
    0x0800024a   0x0800024a   0x00000000   Code   RO         4215    .ARM.Collect$$libinit$$00000030  c_w.l(libinit2.o)
    0x0800024a   0x0800024a   0x00000000   Code   RO         4217    .ARM.Collect$$libinit$$00000032  c_w.l(libinit2.o)
    0x0800024a   0x0800024a   0x00000002   Code   RO         4218    .ARM.Collect$$libinit$$00000033  c_w.l(libinit2.o)
    0x0800024c   0x0800024c   0x00000002   Code   RO         4346    .ARM.Collect$$libshutdown$$00000000  c_w.l(libshutdown.o)
    0x0800024e   0x0800024e   0x00000000   Code   RO         4304    .ARM.Collect$$libshutdown$$00000002  c_w.l(libshutdown2.o)
    0x0800024e   0x0800024e   0x00000000   Code   RO         4306    .ARM.Collect$$libshutdown$$00000004  c_w.l(libshutdown2.o)
    0x0800024e   0x0800024e   0x00000000   Code   RO         4309    .ARM.Collect$$libshutdown$$00000007  c_w.l(libshutdown2.o)
    0x0800024e   0x0800024e   0x00000000   Code   RO         4312    .ARM.Collect$$libshutdown$$0000000A  c_w.l(libshutdown2.o)
    0x0800024e   0x0800024e   0x00000000   Code   RO         4314    .ARM.Collect$$libshutdown$$0000000C  c_w.l(libshutdown2.o)
    0x0800024e   0x0800024e   0x00000000   Code   RO         4317    .ARM.Collect$$libshutdown$$0000000F  c_w.l(libshutdown2.o)
    0x0800024e   0x0800024e   0x00000002   Code   RO         4318    .ARM.Collect$$libshutdown$$00000010  c_w.l(libshutdown2.o)
    0x08000250   0x08000250   0x00000000   Code   RO         4142    .ARM.Collect$$rtentry$$00000000  c_w.l(__rtentry.o)
    0x08000250   0x08000250   0x00000000   Code   RO         4225    .ARM.Collect$$rtentry$$00000002  c_w.l(__rtentry2.o)
    0x08000250   0x08000250   0x00000006   Code   RO         4237    .ARM.Collect$$rtentry$$00000004  c_w.l(__rtentry4.o)
    0x08000256   0x08000256   0x00000000   Code   RO         4227    .ARM.Collect$$rtentry$$00000009  c_w.l(__rtentry2.o)
    0x08000256   0x08000256   0x00000004   Code   RO         4228    .ARM.Collect$$rtentry$$0000000A  c_w.l(__rtentry2.o)
    0x0800025a   0x0800025a   0x00000000   Code   RO         4230    .ARM.Collect$$rtentry$$0000000C  c_w.l(__rtentry2.o)
    0x0800025a   0x0800025a   0x00000008   Code   RO         4231    .ARM.Collect$$rtentry$$0000000D  c_w.l(__rtentry2.o)
    0x08000262   0x08000262   0x00000002   Code   RO         4291    .ARM.Collect$$rtexit$$00000000  c_w.l(rtexit.o)
    0x08000264   0x08000264   0x00000000   Code   RO         4322    .ARM.Collect$$rtexit$$00000002  c_w.l(rtexit2.o)
    0x08000264   0x08000264   0x00000004   Code   RO         4323    .ARM.Collect$$rtexit$$00000003  c_w.l(rtexit2.o)
    0x08000268   0x08000268   0x00000006   Code   RO         4324    .ARM.Collect$$rtexit$$00000004  c_w.l(rtexit2.o)
    0x0800026e   0x0800026e   0x00000002   PAD
    0x08000270   0x08000270   0x00000000   Code   RO         4243    .emb_text           c_w.l(maybetermalloc1.o)
    0x08000270   0x08000270   0x00000040   Code   RO            4    .text               startup_stm32f407xx.o
    0x080002b0   0x080002b0   0x0000005e   Code   RO         4074    .text               c_w.l(h1_alloc.o)
    0x0800030e   0x0800030e   0x0000004e   Code   RO         4076    .text               c_w.l(h1_free.o)
    0x0800035c   0x0800035c   0x000000ee   Code   RO         4132    .text               c_w.l(lludivv7m.o)
    0x0800044a   0x0800044a   0x00000064   Code   RO         4134    .text               c_w.l(rt_memcpy_w.o)
    0x080004ae   0x080004ae   0x00000006   Code   RO         4136    .text               c_w.l(heapauxi.o)
    0x080004b4   0x080004b4   0x00000008   Code   RO         4150    .text               c_w.l(rt_heap_descriptor_intlibspace.o)
    0x080004bc   0x080004bc   0x00000004   Code   RO         4152    .text               c_w.l(hguard.o)
    0x080004c0   0x080004c0   0x0000008a   Code   RO         4154    .text               c_w.l(init_alloc.o)
    0x0800054a   0x0800054a   0x0000000e   Code   RO         4158    .text               c_w.l(h1_init.o)
    0x08000558   0x08000558   0x00000008   Code   RO         4221    .text               c_w.l(libspace.o)
    0x08000560   0x08000560   0x00000034   Code   RO         4245    .text               c_w.l(h1_extend.o)
    0x08000594   0x08000594   0x0000000e   Code   RO         4249    .text               c_w.l(defsig_rtmem_outer.o)
    0x080005a2   0x080005a2   0x00000002   Code   RO         4260    .text               c_w.l(use_no_semi.o)
    0x080005a4   0x080005a4   0x00000000   Code   RO         4262    .text               c_w.l(indicate_semi.o)
    0x080005a4   0x080005a4   0x0000004a   Code   RO         4263    .text               c_w.l(sys_stackheap_outer.o)
    0x080005ee   0x080005ee   0x00000012   Code   RO         4269    .text               c_w.l(exit.o)
    0x08000600   0x08000600   0x0000000a   Code   RO         4271    .text               c_w.l(defsig_exit.o)
    0x0800060a   0x0800060a   0x00000002   PAD
    0x0800060c   0x0800060c   0x00000050   Code   RO         4277    .text               c_w.l(defsig_rtmem_inner.o)
    0x0800065c   0x0800065c   0x0000000c   Code   RO         4289    .text               c_w.l(sys_exit.o)
    0x08000668   0x08000668   0x00000032   Code   RO         4299    .text               c_w.l(defsig_general.o)
    0x0800069a   0x0800069a   0x0000000e   Code   RO         4319    .text               c_w.l(sys_wrch.o)
    0x080006a8   0x080006a8   0x00000002   Code   RO          665    i.BusFault_Handler  stm32f4xx_it.o
    0x080006aa   0x080006aa   0x00000004   Code   RO          374    i.CDC_Control_FS    usbd_cdc_if.o
    0x080006ae   0x080006ae   0x00000004   Code   RO          375    i.CDC_DeInit_FS     usbd_cdc_if.o
    0x080006b2   0x080006b2   0x00000002   PAD
    0x080006b4   0x080006b4   0x00000024   Code   RO          376    i.CDC_Init_FS       usbd_cdc_if.o
    0x080006d8   0x080006d8   0x0000001c   Code   RO          542    i.CDC_ReceiveCallBack  main.o
    0x080006f4   0x080006f4   0x00000024   Code   RO          378    i.CDC_Receive_FS    usbd_cdc_if.o
    0x08000718   0x08000718   0x0000002c   Code   RO          379    i.CDC_Transmit_FS   usbd_cdc_if.o
    0x08000744   0x08000744   0x00000002   Code   RO          666    i.DebugMon_Handler  stm32f4xx_it.o
    0x08000746   0x08000746   0x00000002   PAD
    0x08000748   0x08000748   0x00000014   Code   RO          667    i.EXTI4_IRQHandler  stm32f4xx_it.o
    0x0800075c   0x0800075c   0x00000024   Code   RO         3038    i.HAL_Delay         stm32f4xx_hal.o
    0x08000780   0x08000780   0x00000002   Code   RO         1870    i.HAL_GPIO_EXTI_Callback  stm32f4xx_hal_gpio.o
    0x08000782   0x08000782   0x00000002   PAD
    0x08000784   0x08000784   0x00000018   Code   RO         1871    i.HAL_GPIO_EXTI_IRQHandler  stm32f4xx_hal_gpio.o
    0x0800079c   0x0800079c   0x000001b0   Code   RO         1872    i.HAL_GPIO_Init     stm32f4xx_hal_gpio.o
    0x0800094c   0x0800094c   0x00000008   Code   RO         1875    i.HAL_GPIO_TogglePin  stm32f4xx_hal_gpio.o
    0x08000954   0x08000954   0x0000000a   Code   RO         1876    i.HAL_GPIO_WritePin  stm32f4xx_hal_gpio.o
    0x0800095e   0x0800095e   0x00000002   PAD
    0x08000960   0x08000960   0x0000000c   Code   RO         3044    i.HAL_GetTick       stm32f4xx_hal.o
    0x0800096c   0x0800096c   0x00000010   Code   RO         3048    i.HAL_IncTick       stm32f4xx_hal.o
    0x0800097c   0x0800097c   0x00000034   Code   RO         3049    i.HAL_Init          stm32f4xx_hal.o
    0x080009b0   0x080009b0   0x00000040   Code   RO         3050    i.HAL_InitTick      stm32f4xx_hal.o
    0x080009f0   0x080009f0   0x00000058   Code   RO          326    i.HAL_MspInit       stm32f4xx_hal_msp.o
    0x08000a48   0x08000a48   0x00000016   Code   RO         3624    i.HAL_NVIC_EnableIRQ  stm32f4xx_hal_cortex.o
    0x08000a5e   0x08000a5e   0x00000002   PAD
    0x08000a60   0x08000a60   0x00000040   Code   RO         3630    i.HAL_NVIC_SetPriority  stm32f4xx_hal_cortex.o
    0x08000aa0   0x08000aa0   0x00000024   Code   RO         3631    i.HAL_NVIC_SetPriorityGrouping  stm32f4xx_hal_cortex.o
    0x08000ac4   0x08000ac4   0x00000008   Code   RO         2053    i.HAL_PCDEx_SetRxFiFo  stm32f4xx_hal_pcd_ex.o
    0x08000acc   0x08000acc   0x00000044   Code   RO         2054    i.HAL_PCDEx_SetTxFiFo  stm32f4xx_hal_pcd_ex.o
    0x08000b10   0x08000b10   0x00000008   Code   RO           13    i.HAL_PCD_ConnectCallback  usbd_conf.o
    0x08000b18   0x08000b18   0x00000012   Code   RO           14    i.HAL_PCD_DataInStageCallback  usbd_conf.o
    0x08000b2a   0x08000b2a   0x00000014   Code   RO           15    i.HAL_PCD_DataOutStageCallback  usbd_conf.o
    0x08000b3e   0x08000b3e   0x00000008   Code   RO           16    i.HAL_PCD_DisconnectCallback  usbd_conf.o
    0x08000b46   0x08000b46   0x00000044   Code   RO         1603    i.HAL_PCD_EP_Close  stm32f4xx_hal_pcd.o
    0x08000b8a   0x08000b8a   0x00000050   Code   RO         1604    i.HAL_PCD_EP_ClrStall  stm32f4xx_hal_pcd.o
    0x08000bda   0x08000bda   0x00000014   Code   RO         1606    i.HAL_PCD_EP_GetRxCount  stm32f4xx_hal_pcd.o
    0x08000bee   0x08000bee   0x00000054   Code   RO         1607    i.HAL_PCD_EP_Open   stm32f4xx_hal_pcd.o
    0x08000c42   0x08000c42   0x00000048   Code   RO         1608    i.HAL_PCD_EP_Receive  stm32f4xx_hal_pcd.o
    0x08000c8a   0x08000c8a   0x00000060   Code   RO         1609    i.HAL_PCD_EP_SetStall  stm32f4xx_hal_pcd.o
    0x08000cea   0x08000cea   0x00000040   Code   RO         1610    i.HAL_PCD_EP_Transmit  stm32f4xx_hal_pcd.o
    0x08000d2a   0x08000d2a   0x00000002   PAD
    0x08000d2c   0x08000d2c   0x000004f4   Code   RO         1612    i.HAL_PCD_IRQHandler  stm32f4xx_hal_pcd.o
    0x08001220   0x08001220   0x00000008   Code   RO           17    i.HAL_PCD_ISOINIncompleteCallback  usbd_conf.o
    0x08001228   0x08001228   0x00000008   Code   RO           18    i.HAL_PCD_ISOOUTIncompleteCallback  usbd_conf.o
    0x08001230   0x08001230   0x000000be   Code   RO         1615    i.HAL_PCD_Init      stm32f4xx_hal_pcd.o
    0x080012ee   0x080012ee   0x00000002   PAD
    0x080012f0   0x080012f0   0x00000064   Code   RO           20    i.HAL_PCD_MspInit   usbd_conf.o
    0x08001354   0x08001354   0x00000020   Code   RO           21    i.HAL_PCD_ResetCallback  usbd_conf.o
    0x08001374   0x08001374   0x00000008   Code   RO           22    i.HAL_PCD_ResumeCallback  usbd_conf.o
    0x0800137c   0x0800137c   0x00000008   Code   RO           23    i.HAL_PCD_SOFCallback  usbd_conf.o
    0x08001384   0x08001384   0x00000024   Code   RO         1621    i.HAL_PCD_SetAddress  stm32f4xx_hal_pcd.o
    0x080013a8   0x080013a8   0x0000000e   Code   RO           24    i.HAL_PCD_SetupStageCallback  usbd_conf.o
    0x080013b6   0x080013b6   0x0000002a   Code   RO         1623    i.HAL_PCD_Start     stm32f4xx_hal_pcd.o
    0x080013e0   0x080013e0   0x00000030   Code   RO           25    i.HAL_PCD_SuspendCallback  usbd_conf.o
    0x08001410   0x08001410   0x00000130   Code   RO         2930    i.HAL_RCC_ClockConfig  stm32f4xx_hal_rcc.o
    0x08001540   0x08001540   0x0000000c   Code   RO         2935    i.HAL_RCC_GetHCLKFreq  stm32f4xx_hal_rcc.o
    0x0800154c   0x0800154c   0x00000060   Code   RO         2939    i.HAL_RCC_GetSysClockFreq  stm32f4xx_hal_rcc.o
    0x080015ac   0x080015ac   0x0000031c   Code   RO         2942    i.HAL_RCC_OscConfig  stm32f4xx_hal_rcc.o
    0x080018c8   0x080018c8   0x00000080   Code   RO         3765    i.HAL_SPI_Init      stm32f4xx_hal_spi.o
    0x08001948   0x08001948   0x0000004c   Code   RO          328    i.HAL_SPI_MspInit   stm32f4xx_hal_msp.o
    0x08001994   0x08001994   0x00000168   Code   RO         3773    i.HAL_SPI_Transmit  stm32f4xx_hal_spi.o
    0x08001afc   0x08001afc   0x00000018   Code   RO         3633    i.HAL_SYSTICK_CLKSourceConfig  stm32f4xx_hal_cortex.o
    0x08001b14   0x08001b14   0x00000002   Code   RO         3634    i.HAL_SYSTICK_Callback  stm32f4xx_hal_cortex.o
    0x08001b16   0x08001b16   0x00000028   Code   RO         3635    i.HAL_SYSTICK_Config  stm32f4xx_hal_cortex.o
    0x08001b3e   0x08001b3e   0x00000008   Code   RO         3636    i.HAL_SYSTICK_IRQHandler  stm32f4xx_hal_cortex.o
    0x08001b46   0x08001b46   0x00000050   Code   RO         3273    i.HAL_TIMEx_MasterConfigSynchronization  stm32f4xx_hal_tim_ex.o
    0x08001b96   0x08001b96   0x00000096   Code   RO         2318    i.HAL_TIM_Encoder_Init  stm32f4xx_hal_tim.o
    0x08001c2c   0x08001c2c   0x0000004c   Code   RO          330    i.HAL_TIM_Encoder_MspInit  stm32f4xx_hal_msp.o
    0x08001c78   0x08001c78   0x00000034   Code   RO         2321    i.HAL_TIM_Encoder_Start  stm32f4xx_hal_tim.o
    0x08001cac   0x08001cac   0x00000002   Code   RO          668    i.HardFault_Handler  stm32f4xx_it.o
    0x08001cae   0x08001cae   0x00000002   PAD
    0x08001cb0   0x08001cb0   0x000000fc   Code   RO          543    i.MX_GPIO_Init      main.o
    0x08001dac   0x08001dac   0x00000040   Code   RO          544    i.MX_SPI1_Init      main.o
    0x08001dec   0x08001dec   0x0000005c   Code   RO          545    i.MX_TIM1_Init      main.o
    0x08001e48   0x08001e48   0x00000038   Code   RO          504    i.MX_USB_DEVICE_Init  usb_device.o
    0x08001e80   0x08001e80   0x00000002   Code   RO          669    i.MemManage_Handler  stm32f4xx_it.o
    0x08001e82   0x08001e82   0x00000002   Code   RO          670    i.NMI_Handler       stm32f4xx_it.o
    0x08001e84   0x08001e84   0x00000020   Code   RO         3637    i.NVIC_SetPriority  stm32f4xx_hal_cortex.o
    0x08001ea4   0x08001ea4   0x0000000c   Code   RO          671    i.OTG_FS_IRQHandler  stm32f4xx_it.o
    0x08001eb0   0x08001eb0   0x00000088   Code   RO         1626    i.PCD_WriteEmptyTxFifo  stm32f4xx_hal_pcd.o
    0x08001f38   0x08001f38   0x00000002   Code   RO          672    i.PendSV_Handler    stm32f4xx_it.o
    0x08001f3a   0x08001f3a   0x00000020   Code   RO         3789    i.SPI_CheckFlag_BSY  stm32f4xx_hal_spi.o
    0x08001f5a   0x08001f5a   0x00000096   Code   RO         3807    i.SPI_WaitFlagStateUntilTimeout  stm32f4xx_hal_spi.o
    0x08001ff0   0x08001ff0   0x00000002   Code   RO          673    i.SVC_Handler       stm32f4xx_it.o
    0x08001ff2   0x08001ff2   0x0000000e   Code   RO          674    i.SysTick_Handler   stm32f4xx_it.o
    0x08002000   0x08002000   0x0000009c   Code   RO          546    i.SystemClock_Config  main.o
    0x0800209c   0x0800209c   0x00000054   Code   RO          905    i.SystemInit        system_stm32f4xx.o
    0x080020f0   0x080020f0   0x000000c0   Code   RO         2384    i.TIM_Base_SetConfig  stm32f4xx_hal_tim.o
    0x080021b0   0x080021b0   0x00000016   Code   RO         2385    i.TIM_CCxChannelCmd  stm32f4xx_hal_tim.o
    0x080021c6   0x080021c6   0x00000014   Code   RO         1080    i.USBD_CDC_DataIn   usbd_cdc.o
    0x080021da   0x080021da   0x0000002e   Code   RO         1081    i.USBD_CDC_DataOut  usbd_cdc.o
    0x08002208   0x08002208   0x0000003c   Code   RO         1082    i.USBD_CDC_DeInit   usbd_cdc.o
    0x08002244   0x08002244   0x00000024   Code   RO         1083    i.USBD_CDC_EP0_RxReady  usbd_cdc.o
    0x08002268   0x08002268   0x0000000c   Code   RO         1084    i.USBD_CDC_GetDeviceQualifierDescriptor  usbd_cdc.o
    0x08002274   0x08002274   0x0000000c   Code   RO         1085    i.USBD_CDC_GetFSCfgDesc  usbd_cdc.o
    0x08002280   0x08002280   0x0000000c   Code   RO         1086    i.USBD_CDC_GetHSCfgDesc  usbd_cdc.o
    0x0800228c   0x0800228c   0x0000000c   Code   RO         1087    i.USBD_CDC_GetOtherSpeedCfgDesc  usbd_cdc.o
    0x08002298   0x08002298   0x00000088   Code   RO         1088    i.USBD_CDC_Init     usbd_cdc.o
    0x08002320   0x08002320   0x00000028   Code   RO         1089    i.USBD_CDC_ReceivePacket  usbd_cdc.o
    0x08002348   0x08002348   0x00000010   Code   RO         1090    i.USBD_CDC_RegisterInterface  usbd_cdc.o
    0x08002358   0x08002358   0x0000000c   Code   RO         1091    i.USBD_CDC_SetRxBuffer  usbd_cdc.o
    0x08002364   0x08002364   0x00000010   Code   RO         1092    i.USBD_CDC_SetTxBuffer  usbd_cdc.o
    0x08002374   0x08002374   0x00000070   Code   RO         1093    i.USBD_CDC_Setup    usbd_cdc.o
    0x080023e4   0x080023e4   0x00000030   Code   RO         1094    i.USBD_CDC_TransmitPacket  usbd_cdc.o
    0x08002414   0x08002414   0x0000000e   Code   RO          942    i.USBD_ClrClassConfig  usbd_core.o
    0x08002422   0x08002422   0x00000010   Code   RO         1186    i.USBD_CtlContinueRx  usbd_ioreq.o
    0x08002432   0x08002432   0x00000010   Code   RO         1187    i.USBD_CtlContinueSendData  usbd_ioreq.o
    0x08002442   0x08002442   0x00000016   Code   RO         1246    i.USBD_CtlError     usbd_ctlreq.o
    0x08002458   0x08002458   0x0000001e   Code   RO         1188    i.USBD_CtlPrepareRx  usbd_ioreq.o
    0x08002476   0x08002476   0x00000016   Code   RO         1189    i.USBD_CtlReceiveStatus  usbd_ioreq.o
    0x0800248c   0x0800248c   0x0000001a   Code   RO         1190    i.USBD_CtlSendData  usbd_ioreq.o
    0x080024a6   0x080024a6   0x00000016   Code   RO         1191    i.USBD_CtlSendStatus  usbd_ioreq.o
    0x080024bc   0x080024bc   0x00000020   Code   RO          436    i.USBD_FS_ConfigStrDescriptor  usbd_desc.o
    0x080024dc   0x080024dc   0x0000000c   Code   RO          437    i.USBD_FS_DeviceDescriptor  usbd_desc.o
    0x080024e8   0x080024e8   0x00000024   Code   RO          438    i.USBD_FS_InterfaceStrDescriptor  usbd_desc.o
    0x0800250c   0x0800250c   0x0000000c   Code   RO          439    i.USBD_FS_LangIDStrDescriptor  usbd_desc.o
    0x08002518   0x08002518   0x00000028   Code   RO          440    i.USBD_FS_ManufacturerStrDescriptor  usbd_desc.o
    0x08002540   0x08002540   0x0000002c   Code   RO          441    i.USBD_FS_ProductStrDescriptor  usbd_desc.o
    0x0800256c   0x0800256c   0x00000024   Code   RO          442    i.USBD_FS_SerialStrDescriptor  usbd_desc.o
    0x08002590   0x08002590   0x000000e0   Code   RO         1247    i.USBD_GetDescriptor  usbd_ctlreq.o
    0x08002670   0x08002670   0x00000046   Code   RO         1248    i.USBD_GetString    usbd_ctlreq.o
    0x080026b6   0x080026b6   0x0000002a   Code   RO          944    i.USBD_Init         usbd_core.o
    0x080026e0   0x080026e0   0x00000020   Code   RO           26    i.USBD_LL_ClearStallEP  usbd_conf.o
    0x08002700   0x08002700   0x00000020   Code   RO           27    i.USBD_LL_CloseEP   usbd_conf.o
    0x08002720   0x08002720   0x000000aa   Code   RO          945    i.USBD_LL_DataInStage  usbd_core.o
    0x080027ca   0x080027ca   0x0000006a   Code   RO          946    i.USBD_LL_DataOutStage  usbd_core.o
    0x08002834   0x08002834   0x00000004   Code   RO          947    i.USBD_LL_DevConnected  usbd_core.o
    0x08002838   0x08002838   0x00000016   Code   RO          948    i.USBD_LL_DevDisconnected  usbd_core.o
    0x0800284e   0x0800284e   0x00000008   Code   RO           31    i.USBD_LL_GetRxDataSize  usbd_conf.o
    0x08002856   0x08002856   0x00000002   PAD
    0x08002858   0x08002858   0x0000007c   Code   RO           32    i.USBD_LL_Init      usbd_conf.o
    0x080028d4   0x080028d4   0x00000020   Code   RO           33    i.USBD_LL_IsStallEP  usbd_conf.o
    0x080028f4   0x080028f4   0x00000004   Code   RO          949    i.USBD_LL_IsoINIncomplete  usbd_core.o
    0x080028f8   0x080028f8   0x00000004   Code   RO          950    i.USBD_LL_IsoOUTIncomplete  usbd_core.o
    0x080028fc   0x080028fc   0x00000026   Code   RO           34    i.USBD_LL_OpenEP    usbd_conf.o
    0x08002922   0x08002922   0x00000020   Code   RO           35    i.USBD_LL_PrepareReceive  usbd_conf.o
    0x08002942   0x08002942   0x0000003e   Code   RO          951    i.USBD_LL_Reset     usbd_core.o
    0x08002980   0x08002980   0x0000000c   Code   RO          952    i.USBD_LL_Resume    usbd_core.o
    0x0800298c   0x0800298c   0x00000018   Code   RO          953    i.USBD_LL_SOF       usbd_core.o
    0x080029a4   0x080029a4   0x00000006   Code   RO          954    i.USBD_LL_SetSpeed  usbd_core.o
    0x080029aa   0x080029aa   0x00000020   Code   RO           36    i.USBD_LL_SetUSBAddress  usbd_conf.o
    0x080029ca   0x080029ca   0x0000005a   Code   RO          955    i.USBD_LL_SetupStage  usbd_core.o
    0x08002a24   0x08002a24   0x00000020   Code   RO           37    i.USBD_LL_StallEP   usbd_conf.o
    0x08002a44   0x08002a44   0x00000020   Code   RO           38    i.USBD_LL_Start     usbd_conf.o
    0x08002a64   0x08002a64   0x00000012   Code   RO          956    i.USBD_LL_Suspend   usbd_core.o
    0x08002a76   0x08002a76   0x00000020   Code   RO           40    i.USBD_LL_Transmit  usbd_conf.o
    0x08002a96   0x08002a96   0x00000028   Code   RO         1249    i.USBD_ParseSetupRequest  usbd_ctlreq.o
    0x08002abe   0x08002abe   0x00000010   Code   RO          957    i.USBD_RegisterClass  usbd_core.o
    0x08002ace   0x08002ace   0x00000016   Code   RO          959    i.USBD_SetClassConfig  usbd_core.o
    0x08002ae4   0x08002ae4   0x00000074   Code   RO         1250    i.USBD_SetConfig    usbd_ctlreq.o
    0x08002b58   0x08002b58   0x0000000a   Code   RO          960    i.USBD_Start        usbd_core.o
    0x08002b62   0x08002b62   0x000000f2   Code   RO         1251    i.USBD_StdDevReq    usbd_ctlreq.o
    0x08002c54   0x08002c54   0x000000dc   Code   RO         1252    i.USBD_StdEPReq     usbd_ctlreq.o
    0x08002d30   0x08002d30   0x00000034   Code   RO         1253    i.USBD_StdItfReq    usbd_ctlreq.o
    0x08002d64   0x08002d64   0x00000080   Code   RO         1312    i.USB_ActivateEndpoint  stm32f4xx_ll_usb.o
    0x08002de4   0x08002de4   0x00000034   Code   RO         1313    i.USB_ActivateSetup  stm32f4xx_ll_usb.o
    0x08002e18   0x08002e18   0x0000006c   Code   RO         1315    i.USB_CoreInit      stm32f4xx_ll_usb.o
    0x08002e84   0x08002e84   0x00000038   Code   RO         1316    i.USB_CoreReset     stm32f4xx_ll_usb.o
    0x08002ebc   0x08002ebc   0x000000c8   Code   RO         1318    i.USB_DeactivateEndpoint  stm32f4xx_ll_usb.o
    0x08002f84   0x08002f84   0x00000018   Code   RO         1319    i.USB_DevConnect    stm32f4xx_ll_usb.o
    0x08002f9c   0x08002f9c   0x00000018   Code   RO         1320    i.USB_DevDisconnect  stm32f4xx_ll_usb.o
    0x08002fb4   0x08002fb4   0x00000140   Code   RO         1321    i.USB_DevInit       stm32f4xx_ll_usb.o
    0x080030f4   0x080030f4   0x0000000c   Code   RO         1322    i.USB_DisableGlobalInt  stm32f4xx_ll_usb.o
    0x08003100   0x08003100   0x00000140   Code   RO         1325    i.USB_EP0StartXfer  stm32f4xx_ll_usb.o
    0x08003240   0x08003240   0x0000003e   Code   RO         1326    i.USB_EP0_OutStart  stm32f4xx_ll_usb.o
    0x0800327e   0x0800327e   0x00000064   Code   RO         1327    i.USB_EPClearStall  stm32f4xx_ll_usb.o
    0x080032e2   0x080032e2   0x0000005e   Code   RO         1328    i.USB_EPSetStall    stm32f4xx_ll_usb.o
    0x08003340   0x08003340   0x0000021c   Code   RO         1329    i.USB_EPStartXfer   stm32f4xx_ll_usb.o
    0x0800355c   0x0800355c   0x0000000c   Code   RO         1330    i.USB_EnableGlobalInt  stm32f4xx_ll_usb.o
    0x08003568   0x08003568   0x00000020   Code   RO         1331    i.USB_FlushRxFifo   stm32f4xx_ll_usb.o
    0x08003588   0x08003588   0x00000024   Code   RO         1332    i.USB_FlushTxFifo   stm32f4xx_ll_usb.o
    0x080035ac   0x080035ac   0x0000003c   Code   RO         1334    i.USB_GetDevSpeed   stm32f4xx_ll_usb.o
    0x080035e8   0x080035e8   0x00000008   Code   RO         1336    i.USB_GetMode       stm32f4xx_ll_usb.o
    0x080035f0   0x080035f0   0x0000000e   Code   RO         1343    i.USB_ReadDevAllInEpInterrupt  stm32f4xx_ll_usb.o
    0x080035fe   0x080035fe   0x0000000e   Code   RO         1344    i.USB_ReadDevAllOutEpInterrupt  stm32f4xx_ll_usb.o
    0x0800360c   0x0800360c   0x0000001e   Code   RO         1345    i.USB_ReadDevInEPInterrupt  stm32f4xx_ll_usb.o
    0x0800362a   0x0800362a   0x00000010   Code   RO         1346    i.USB_ReadDevOutEPInterrupt  stm32f4xx_ll_usb.o
    0x0800363a   0x0800363a   0x00000008   Code   RO         1347    i.USB_ReadInterrupts  stm32f4xx_ll_usb.o
    0x08003642   0x08003642   0x00000020   Code   RO         1348    i.USB_ReadPacket    stm32f4xx_ll_usb.o
    0x08003662   0x08003662   0x0000002c   Code   RO         1350    i.USB_SetCurrentMode  stm32f4xx_ll_usb.o
    0x0800368e   0x0800368e   0x00000022   Code   RO         1351    i.USB_SetDevAddress  stm32f4xx_ll_usb.o
    0x080036b0   0x080036b0   0x00000028   Code   RO         1355    i.USB_WritePacket   stm32f4xx_ll_usb.o
    0x080036d8   0x080036d8   0x00000002   Code   RO          675    i.UsageFault_Handler  stm32f4xx_it.o
    0x080036da   0x080036da   0x00000002   Code   RO          547    i._Error_Handler    main.o
    0x080036dc   0x080036dc   0x00000068   Code   RO          548    i.change_info       main.o
    0x08003744   0x08003744   0x00000028   Code   RO          549    i.check_what_to_display  main.o
    0x0800376c   0x0800376c   0x00000068   Code   RO          550    i.disp_row          main.o
    0x080037d4   0x080037d4   0x00000048   Code   RO          551    i.ez_display        main.o
    0x0800381c   0x0800381c   0x00000130   Code   RO          552    i.main              main.o
    0x0800394c   0x0800394c   0x0000009c   Code   RO          553    i.set_row           main.o
    0x080039e8   0x080039e8   0x00000024   Code   RO          554    i.show_display      main.o
    0x08003a0c   0x08003a0c   0x00000024   Code   RO          757    i.ssd1331_clear_screen  ssd1331.o
    0x08003a30   0x08003a30   0x0000009c   Code   RO          758    i.ssd1331_display_char  ssd1331.o
    0x08003acc   0x08003acc   0x0000005c   Code   RO          760    i.ssd1331_display_string  ssd1331.o
    0x08003b28   0x08003b28   0x00000056   Code   RO          767    i.ssd1331_draw_point  ssd1331.o
    0x08003b7e   0x08003b7e   0x00000002   PAD
    0x08003b80   0x08003b80   0x0000004a   Code   RO          770    i.ssd1331_fill_rect  ssd1331.o
    0x08003bca   0x08003bca   0x00000002   PAD
    0x08003bcc   0x08003bcc   0x00000158   Code   RO          771    i.ssd1331_init      ssd1331.o
    0x08003d24   0x08003d24   0x00000050   Code   RO          772    i.ssd1331_write_byte  ssd1331.o
    0x08003d74   0x08003d74   0x0000000a   Code   RO         4258    x$fpl$fpinit        fz_wm.l(fpinit.o)
    0x08003d7e   0x08003d7e   0x00000474   Data   RO          870    .constdata          fonts.o
    0x080041f2   0x080041f2   0x000005f0   Data   RO          871    .constdata          fonts.o
    0x080047e2   0x080047e2   0x00000010   Data   RO          906    .constdata          system_stm32f4xx.o
    0x080047f2   0x080047f2   0x00000002   PAD
    0x080047f4   0x080047f4   0x00000020   Data   RO         4347    Region$$Table       anon$$obj.o


    Execution Region RW_IRAM1 (Exec base: 0x20000000, Load base: 0x08004814, Size: 0x00007b00, Max: 0x00020000, ABSOLUTE, COMPRESSED[0x000000fc])

    Exec Addr    Load Addr    Size         Type   Attr      Idx    E Section Name        Object

    0x20000000   COMPRESSED   0x00000010   Data   RW          381    .data               usbd_cdc_if.o
    0x20000010   COMPRESSED   0x0000001c   Data   RW          444    .data               usbd_desc.o
    0x2000002c   COMPRESSED   0x00000016   Data   RW          445    .data               usbd_desc.o
    0x20000042   COMPRESSED   0x00000002   PAD
    0x20000044   COMPRESSED   0x00000088   Data   RW          556    .data               main.o
    0x200000cc   COMPRESSED   0x00000004   Data   RW          908    .data               system_stm32f4xx.o
    0x200000d0   COMPRESSED   0x000000db   Data   RW         1095    .data               usbd_cdc.o
    0x200001ab   COMPRESSED   0x00000001   PAD
    0x200001ac   COMPRESSED   0x00000038   Data   RW         1096    .data               usbd_cdc.o
    0x200001e4   COMPRESSED   0x00000001   Data   RW         1254    .data               usbd_ctlreq.o
    0x200001e5   COMPRESSED   0x00000003   PAD
    0x200001e8   COMPRESSED   0x0000000c   Data   RW         3056    .data               stm32f4xx_hal.o
    0x200001f4        -       0x000003f0   Zero   RW           41    .bss                usbd_conf.o
    0x200005e4        -       0x00001000   Zero   RW          380    .bss                usbd_cdc_if.o
    0x200015e4        -       0x00000200   Zero   RW          443    .bss                usbd_desc.o
    0x200017e4        -       0x00000224   Zero   RW          505    .bss                usb_device.o
    0x20001a08        -       0x00000094   Zero   RW          555    .bss                main.o
    0x20001a9c        -       0x00000060   Zero   RW         4222    .bss                c_w.l(libspace.o)
    0x20001afc   COMPRESSED   0x00000004   PAD
    0x20001b00        -       0x00002000   Zero   RW            2    HEAP                startup_stm32f407xx.o
    0x20003b00        -       0x00004000   Zero   RW            1    STACK               startup_stm32f407xx.o


==============================================================================

Image component sizes


      Code (inc. data)   RO Data    RW Data    ZI Data      Debug   Object Name

         0          0       2660          0          0       1029   fonts.o
      1410        114          0        136        148       9433   main.o
       868         30          0          0          0       6559   ssd1331.o
        64         26        392          0      24576        840   startup_stm32f407xx.o
       180         28          0         12          0       4561   stm32f4xx_hal.o
       228         14          0          0          0      32129   stm32f4xx_hal_cortex.o
       476         50          0          0          0       4201   stm32f4xx_hal_gpio.o
       240         28          0          0          0       2170   stm32f4xx_hal_msp.o
      2156         72          0          0          0      11313   stm32f4xx_hal_pcd.o
        76          0          0          0          0       1840   stm32f4xx_hal_pcd_ex.o
      1208         58          0          0          0       4426   stm32f4xx_hal_rcc.o
       670          0          0          0          0       4086   stm32f4xx_hal_spi.o
       416         44          0          0          0       4240   stm32f4xx_hal_tim.o
        80          0          0          0          0       1288   stm32f4xx_hal_tim_ex.o
        62         12          0          0          0       5025   stm32f4xx_it.o
      2420         56          0          0          0      20336   stm32f4xx_ll_usb.o
        84         18         16          4          0       1155   system_stm32f4xx.o
        56         18          0          0        548        720   usb_device.o
       590         22          0        275          0      13070   usbd_cdc.o
       124         22          0         16       4096       5007   usbd_cdc_if.o
       706         38          0          0       1008     702558   usbd_conf.o
       626          0          0          0          0      11974   usbd_core.o
       986         30          0          1          0       7972   usbd_ctlreq.o
       212        116          0         50        512       5123   usbd_desc.o
       132          0          0          0          0       4492   usbd_ioreq.o

    ----------------------------------------------------------------------
     14092        796       3102        500      30888     865547   Object Totals
         0          0         32          0          0          0   (incl. Generated)
        22          0          2          6          0          0   (incl. Padding)

    ----------------------------------------------------------------------

      Code (inc. data)   RO Data    RW Data    ZI Data      Debug   Library Member Name

        90          0          0          0          0          0   __dczerorl2.o
         8          0          0          0          0         68   __main.o
         0          0          0          0          0          0   __rtentry.o
        12          0          0          0          0          0   __rtentry2.o
         6          0          0          0          0          0   __rtentry4.o
        52          8          0          0          0          0   __scatter.o
        28          0          0          0          0          0   __scatter_zi.o
        10          0          0          0          0         68   defsig_exit.o
        50          0          0          0          0         88   defsig_general.o
        80         58          0          0          0         76   defsig_rtmem_inner.o
        14          0          0          0          0         80   defsig_rtmem_outer.o
        18          0          0          0          0         80   exit.o
        94          0          0          0          0         80   h1_alloc.o
        52          0          0          0          0         68   h1_extend.o
        78          0          0          0          0         80   h1_free.o
        14          0          0          0          0         84   h1_init.o
         6          0          0          0          0        152   heapauxi.o
         4          0          0          0          0        136   hguard.o
         0          0          0          0          0          0   indicate_semi.o
       138          0          0          0          0        168   init_alloc.o
         2          0          0          0          0          0   libinit.o
        14          0          0          0          0          0   libinit2.o
         2          0          0          0          0          0   libshutdown.o
         2          0          0          0          0          0   libshutdown2.o
         8          4          0          0         96         68   libspace.o
       238          0          0          0          0        100   lludivv7m.o
         0          0          0          0          0          0   maybetermalloc1.o
         8          4          0          0          0         68   rt_heap_descriptor_intlibspace.o
       100          0          0          0          0         80   rt_memcpy_w.o
         2          0          0          0          0          0   rtexit.o
        10          0          0          0          0          0   rtexit2.o
        12          4          0          0          0         68   sys_exit.o
        74          0          0          0          0         80   sys_stackheap_outer.o
        14          0          0          0          0         76   sys_wrch.o
         2          0          0          0          0         68   use_no_semi.o
        10          0          0          0          0        116   fpinit.o

    ----------------------------------------------------------------------
      1258         78          0          0        100       1952   Library Totals
         6          0          0          0          4          0   (incl. Padding)

    ----------------------------------------------------------------------

      Code (inc. data)   RO Data    RW Data    ZI Data      Debug   Library Name

      1242         78          0          0         96       1836   c_w.l
        10          0          0          0          0        116   fz_wm.l

    ----------------------------------------------------------------------
      1258         78          0          0        100       1952   Library Totals

    ----------------------------------------------------------------------

==============================================================================


      Code (inc. data)   RO Data    RW Data    ZI Data      Debug   

     15350        874       3102        500      30988     848263   Grand Totals
     15350        874       3102        252      30988     848263   ELF Image Totals (compressed)
     15350        874       3102        252          0          0   ROM Totals

==============================================================================

    Total RO  Size (Code + RO Data)                18452 (  18.02kB)
    Total RW  Size (RW Data + ZI Data)             31488 (  30.75kB)
    Total ROM Size (Code + RO Data + RW Data)      18704 (  18.27kB)

==============================================================================

