Component: ARM Compiler 5.06 update 6 (build 750) Tool: armlink [4d35ed]

==============================================================================

Section Cross References

    startup_stm32f407xx.o(STACK) refers (Special) to heapauxi.o(.text) for __use_two_region_memory
    startup_stm32f407xx.o(HEAP) refers (Special) to heapauxi.o(.text) for __use_two_region_memory
    startup_stm32f407xx.o(RESET) refers (Special) to heapauxi.o(.text) for __use_two_region_memory
    startup_stm32f407xx.o(RESET) refers to startup_stm32f407xx.o(STACK) for __initial_sp
    startup_stm32f407xx.o(RESET) refers to startup_stm32f407xx.o(.text) for Reset_Handler
    startup_stm32f407xx.o(RESET) refers to stm32f4xx_it.o(i.NMI_Handler) for NMI_Handler
    startup_stm32f407xx.o(RESET) refers to stm32f4xx_it.o(i.HardFault_Handler) for HardFault_Handler
    startup_stm32f407xx.o(RESET) refers to stm32f4xx_it.o(i.MemManage_Handler) for MemManage_Handler
    startup_stm32f407xx.o(RESET) refers to stm32f4xx_it.o(i.BusFault_Handler) for BusFault_Handler
    startup_stm32f407xx.o(RESET) refers to stm32f4xx_it.o(i.UsageFault_Handler) for UsageFault_Handler
    startup_stm32f407xx.o(RESET) refers to stm32f4xx_it.o(i.SVC_Handler) for SVC_Handler
    startup_stm32f407xx.o(RESET) refers to stm32f4xx_it.o(i.DebugMon_Handler) for DebugMon_Handler
    startup_stm32f407xx.o(RESET) refers to stm32f4xx_it.o(i.PendSV_Handler) for PendSV_Handler
    startup_stm32f407xx.o(RESET) refers to stm32f4xx_it.o(i.SysTick_Handler) for SysTick_Handler
    startup_stm32f407xx.o(RESET) refers to stm32f4xx_it.o(i.OTG_FS_IRQHandler) for OTG_FS_IRQHandler
    startup_stm32f407xx.o(.text) refers (Special) to heapauxi.o(.text) for __use_two_region_memory
    startup_stm32f407xx.o(.text) refers to system_stm32f4xx.o(i.SystemInit) for SystemInit
    startup_stm32f407xx.o(.text) refers to __main.o(!!!main) for __main
    startup_stm32f407xx.o(.text) refers to startup_stm32f407xx.o(HEAP) for Heap_Mem
    startup_stm32f407xx.o(.text) refers to startup_stm32f407xx.o(STACK) for Stack_Mem
    usbd_conf.o(i.HAL_PCD_ConnectCallback) refers to usbd_core.o(i.USBD_LL_DevConnected) for USBD_LL_DevConnected
    usbd_conf.o(i.HAL_PCD_DataInStageCallback) refers to usbd_core.o(i.USBD_LL_DataInStage) for USBD_LL_DataInStage
    usbd_conf.o(i.HAL_PCD_DataOutStageCallback) refers to usbd_core.o(i.USBD_LL_DataOutStage) for USBD_LL_DataOutStage
    usbd_conf.o(i.HAL_PCD_DisconnectCallback) refers to usbd_core.o(i.USBD_LL_DevDisconnected) for USBD_LL_DevDisconnected
    usbd_conf.o(i.HAL_PCD_ISOINIncompleteCallback) refers to usbd_core.o(i.USBD_LL_IsoINIncomplete) for USBD_LL_IsoINIncomplete
    usbd_conf.o(i.HAL_PCD_ISOOUTIncompleteCallback) refers to usbd_core.o(i.USBD_LL_IsoOUTIncomplete) for USBD_LL_IsoOUTIncomplete
    usbd_conf.o(i.HAL_PCD_MspDeInit) refers to stm32f4xx_hal_gpio.o(i.HAL_GPIO_DeInit) for HAL_GPIO_DeInit
    usbd_conf.o(i.HAL_PCD_MspDeInit) refers to stm32f4xx_hal_cortex.o(i.HAL_NVIC_DisableIRQ) for HAL_NVIC_DisableIRQ
    usbd_conf.o(i.HAL_PCD_MspInit) refers to stm32f4xx_hal_gpio.o(i.HAL_GPIO_Init) for HAL_GPIO_Init
    usbd_conf.o(i.HAL_PCD_MspInit) refers to stm32f4xx_hal_cortex.o(i.HAL_NVIC_SetPriority) for HAL_NVIC_SetPriority
    usbd_conf.o(i.HAL_PCD_MspInit) refers to stm32f4xx_hal_cortex.o(i.HAL_NVIC_EnableIRQ) for HAL_NVIC_EnableIRQ
    usbd_conf.o(i.HAL_PCD_ResetCallback) refers to usbd_core.o(i.USBD_LL_SetSpeed) for USBD_LL_SetSpeed
    usbd_conf.o(i.HAL_PCD_ResetCallback) refers to usbd_core.o(i.USBD_LL_Reset) for USBD_LL_Reset
    usbd_conf.o(i.HAL_PCD_ResumeCallback) refers to usbd_core.o(i.USBD_LL_Resume) for USBD_LL_Resume
    usbd_conf.o(i.HAL_PCD_SOFCallback) refers to usbd_core.o(i.USBD_LL_SOF) for USBD_LL_SOF
    usbd_conf.o(i.HAL_PCD_SetupStageCallback) refers to usbd_core.o(i.USBD_LL_SetupStage) for USBD_LL_SetupStage
    usbd_conf.o(i.HAL_PCD_SuspendCallback) refers to usbd_core.o(i.USBD_LL_Suspend) for USBD_LL_Suspend
    usbd_conf.o(i.USBD_LL_ClearStallEP) refers to stm32f4xx_hal_pcd.o(i.HAL_PCD_EP_ClrStall) for HAL_PCD_EP_ClrStall
    usbd_conf.o(i.USBD_LL_CloseEP) refers to stm32f4xx_hal_pcd.o(i.HAL_PCD_EP_Close) for HAL_PCD_EP_Close
    usbd_conf.o(i.USBD_LL_DeInit) refers to stm32f4xx_hal_pcd.o(i.HAL_PCD_DeInit) for HAL_PCD_DeInit
    usbd_conf.o(i.USBD_LL_Delay) refers to stm32f4xx_hal.o(i.HAL_Delay) for HAL_Delay
    usbd_conf.o(i.USBD_LL_FlushEP) refers to stm32f4xx_hal_pcd.o(i.HAL_PCD_EP_Flush) for HAL_PCD_EP_Flush
    usbd_conf.o(i.USBD_LL_GetRxDataSize) refers to stm32f4xx_hal_pcd.o(i.HAL_PCD_EP_GetRxCount) for HAL_PCD_EP_GetRxCount
    usbd_conf.o(i.USBD_LL_Init) refers to stm32f4xx_hal_pcd.o(i.HAL_PCD_Init) for HAL_PCD_Init
    usbd_conf.o(i.USBD_LL_Init) refers to main.o(i._Error_Handler) for _Error_Handler
    usbd_conf.o(i.USBD_LL_Init) refers to stm32f4xx_hal_pcd_ex.o(i.HAL_PCDEx_SetRxFiFo) for HAL_PCDEx_SetRxFiFo
[...]
    i.OTG_FS_IRQHandler                      0x08001c84   Section        0  stm32f4xx_it.o(i.OTG_FS_IRQHandler)
    i.PCD_WriteEmptyTxFifo                   0x08001c90   Section        0  stm32f4xx_hal_pcd.o(i.PCD_WriteEmptyTxFifo)
    PCD_WriteEmptyTxFifo                     0x08001c91   Thumb Code   136  stm32f4xx_hal_pcd.o(i.PCD_WriteEmptyTxFifo)
    i.PendSV_Handler                         0x08001d18   Section        0  stm32f4xx_it.o(i.PendSV_Handler)
    i.SPI_CheckFlag_BSY                      0x08001d1a   Section        0  stm32f4xx_hal_spi.o(i.SPI_CheckFlag_BSY)
    SPI_CheckFlag_BSY                        0x08001d1b   Thumb Code    32  stm32f4xx_hal_spi.o(i.SPI_CheckFlag_BSY)
    i.SPI_WaitFlagStateUntilTimeout          0x08001d3a   Section        0  stm32f4xx_hal_spi.o(i.SPI_WaitFlagStateUntilTimeout)
    SPI_WaitFlagStateUntilTimeout            0x08001d3b   Thumb Code   150  stm32f4xx_hal_spi.o(i.SPI_WaitFlagStateUntilTimeout)
    i.SVC_Handler                            0x08001dd0   Section        0  stm32f4xx_it.o(i.SVC_Handler)
    i.SysTick_Handler                        0x08001dd2   Section        0  stm32f4xx_it.o(i.SysTick_Handler)
    i.SystemClock_Config                     0x08001de0   Section        0  main.o(i.SystemClock_Config)
    i.SystemInit                             0x08001e7c   Section        0  system_stm32f4xx.o(i.SystemInit)
    i.USBD_CDC_DataIn                        0x08001ed0   Section        0  usbd_cdc.o(i.USBD_CDC_DataIn)
    USBD_CDC_DataIn                          0x08001ed1   Thumb Code    20  usbd_cdc.o(i.USBD_CDC_DataIn)
    i.USBD_CDC_DataOut                       0x08001ee4   Section        0  usbd_cdc.o(i.USBD_CDC_DataOut)
    USBD_CDC_DataOut                         0x08001ee5   Thumb Code    46  usbd_cdc.o(i.USBD_CDC_DataOut)
    i.USBD_CDC_DeInit                        0x08001f12   Section        0  usbd_cdc.o(i.USBD_CDC_DeInit)
    USBD_CDC_DeInit                          0x08001f13   Thumb Code    60  usbd_cdc.o(i.USBD_CDC_DeInit)
    i.USBD_CDC_EP0_RxReady                   0x08001f4e   Section        0  usbd_cdc.o(i.USBD_CDC_EP0_RxReady)
    USBD_CDC_EP0_RxReady                     0x08001f4f   Thumb Code    36  usbd_cdc.o(i.USBD_CDC_EP0_RxReady)
    i.USBD_CDC_GetDeviceQualifierDescriptor  0x08001f74   Section        0  usbd_cdc.o(i.USBD_CDC_GetDeviceQualifierDescriptor)
    i.USBD_CDC_GetFSCfgDesc                  0x08001f80   Section        0  usbd_cdc.o(i.USBD_CDC_GetFSCfgDesc)
    USBD_CDC_GetFSCfgDesc                    0x08001f81   Thumb Code     8  usbd_cdc.o(i.USBD_CDC_GetFSCfgDesc)
    i.USBD_CDC_GetHSCfgDesc                  0x08001f8c   Section        0  usbd_cdc.o(i.USBD_CDC_GetHSCfgDesc)
    USBD_CDC_GetHSCfgDesc                    0x08001f8d   Thumb Code     8  usbd_cdc.o(i.USBD_CDC_GetHSCfgDesc)
    i.USBD_CDC_GetOtherSpeedCfgDesc          0x08001f98   Section        0  usbd_cdc.o(i.USBD_CDC_GetOtherSpeedCfgDesc)
    USBD_CDC_GetOtherSpeedCfgDesc            0x08001f99   Thumb Code     8  usbd_cdc.o(i.USBD_CDC_GetOtherSpeedCfgDesc)
    i.USBD_CDC_Init                          0x08001fa4   Section        0  usbd_cdc.o(i.USBD_CDC_Init)
    USBD_CDC_Init                            0x08001fa5   Thumb Code   136  usbd_cdc.o(i.USBD_CDC_Init)
    i.USBD_CDC_ReceivePacket                 0x0800202c   Section        0  usbd_cdc.o(i.USBD_CDC_ReceivePacket)
    i.USBD_CDC_RegisterInterface             0x08002054   Section        0  usbd_cdc.o(i.USBD_CDC_RegisterInterface)
    i.USBD_CDC_SetRxBuffer                   0x08002064   Section        0  usbd_cdc.o(i.USBD_CDC_SetRxBuffer)
    i.USBD_CDC_SetTxBuffer                   0x08002070   Section        0  usbd_cdc.o(i.USBD_CDC_SetTxBuffer)
    i.USBD_CDC_Setup                         0x08002080   Section        0  usbd_cdc.o(i.USBD_CDC_Setup)
    USBD_CDC_Setup                           0x08002081   Thumb Code   106  usbd_cdc.o(i.USBD_CDC_Setup)
    i.USBD_CDC_TransmitPacket                0x080020f0   Section        0  usbd_cdc.o(i.USBD_CDC_TransmitPacket)
    i.USBD_ClrClassConfig                    0x08002120   Section        0  usbd_core.o(i.USBD_ClrClassConfig)
    i.USBD_CtlContinueRx                     0x0800212e   Section        0  usbd_ioreq.o(i.USBD_CtlContinueRx)
    i.USBD_CtlContinueSendData               0x0800213e   Section        0  usbd_ioreq.o(i.USBD_CtlContinueSendData)
    i.USBD_CtlError                          0x0800214e   Section        0  usbd_ctlreq.o(i.USBD_CtlError)
    i.USBD_CtlPrepareRx                      0x08002164   Section        0  usbd_ioreq.o(i.USBD_CtlPrepareRx)
    i.USBD_CtlReceiveStatus                  0x08002182   Section        0  usbd_ioreq.o(i.USBD_CtlReceiveStatus)
    i.USBD_CtlSendData                       0x08002198   Section        0  usbd_ioreq.o(i.USBD_CtlSendData)
    i.USBD_CtlSendStatus                     0x080021b2   Section        0  usbd_ioreq.o(i.USBD_CtlSendStatus)
    i.USBD_FS_ConfigStrDescriptor            0x080021c8   Section        0  usbd_desc.o(i.USBD_FS_ConfigStrDescriptor)
    i.USBD_FS_DeviceDescriptor               0x080021e8   Section        0  usbd_desc.o(i.USBD_FS_DeviceDescriptor)
    i.USBD_FS_InterfaceStrDescriptor         0x080021f4   Section        0  usbd_desc.o(i.USBD_FS_InterfaceStrDescriptor)
    i.USBD_FS_LangIDStrDescriptor            0x08002218   Section        0  usbd_desc.o(i.USBD_FS_LangIDStrDescriptor)
    i.USBD_FS_ManufacturerStrDescriptor      0x08002224   Section        0  usbd_desc.o(i.USBD_FS_ManufacturerStrDescriptor)
    i.USBD_FS_ProductStrDescriptor           0x0800224c   Section        0  usbd_desc.o(i.USBD_FS_ProductStrDescriptor)
    i.USBD_FS_SerialStrDescriptor            0x08002278   Section        0  usbd_desc.o(i.USBD_FS_SerialStrDescriptor)
    i.USBD_GetDescriptor                     0x0800229c   Section        0  usbd_ctlreq.o(i.USBD_GetDescriptor)
    USBD_GetDescriptor                       0x0800229d   Thumb Code   224  usbd_ctlreq.o(i.USBD_GetDescriptor)
    i.USBD_GetString                         0x0800237c   Section        0  usbd_ctlreq.o(i.USBD_GetString)
    i.USBD_Init                              0x080023c2   Section        0  usbd_core.o(i.USBD_Init)
    i.USBD_LL_ClearStallEP                   0x080023ec   Section        0  usbd_conf.o(i.USBD_LL_ClearStallEP)
    i.USBD_LL_CloseEP                        0x0800240c   Section        0  usbd_conf.o(i.USBD_LL_CloseEP)
    i.USBD_LL_DataInStage                    0x0800242c   Section        0  usbd_core.o(i.USBD_LL_DataInStage)
    i.USBD_LL_DataOutStage                   0x080024d6   Section        0  usbd_core.o(i.USBD_LL_DataOutStage)
    i.USBD_LL_DevConnected                   0x08002540   Section        0  usbd_core.o(i.USBD_LL_DevConnected)
    i.USBD_LL_DevDisconnected                0x08002544   Section        0  usbd_core.o(i.USBD_LL_DevDisconnected)
    i.USBD_LL_GetRxDataSize                  0x0800255a   Section        0  usbd_conf.o(i.USBD_LL_GetRxDataSize)
    i.USBD_LL_Init                           0x08002564   Section        0  usbd_conf.o(i.USBD_LL_Init)
    i.USBD_LL_IsStallEP                      0x080025e0   Section        0  usbd_conf.o(i.USBD_LL_IsStallEP)
    i.USBD_LL_IsoINIncomplete                0x08002600   Section        0  usbd_core.o(i.USBD_LL_IsoINIncomplete)
    i.USBD_LL_IsoOUTIncomplete               0x08002604   Section        0  usbd_core.o(i.USBD_LL_IsoOUTIncomplete)
    i.USBD_LL_OpenEP                         0x08002608   Section        0  usbd_conf.o(i.USBD_LL_OpenEP)
    i.USBD_LL_PrepareReceive                 0x0800262e   Section        0  usbd_conf.o(i.USBD_LL_PrepareReceive)
    i.USBD_LL_Reset                          0x0800264e   Section        0  usbd_core.o(i.USBD_LL_Reset)
    i.USBD_LL_Resume                         0x0800268c   Section        0  usbd_core.o(i.USBD_LL_Resume)
    i.USBD_LL_SOF                            0x08002698   Section        0  usbd_core.o(i.USBD_LL_SOF)
    i.USBD_LL_SetSpeed                       0x080026b0   Section        0  usbd_core.o(i.USBD_LL_SetSpeed)
    i.USBD_LL_SetUSBAddress                  0x080026b6   Section        0  usbd_conf.o(i.USBD_LL_SetUSBAddress)
    i.USBD_LL_SetupStage                     0x080026d6   Section        0  usbd_core.o(i.USBD_LL_SetupStage)
    i.USBD_LL_StallEP                        0x08002730   Section        0  usbd_conf.o(i.USBD_LL_StallEP)
    i.USBD_LL_Start                          0x08002750   Section        0  usbd_conf.o(i.USBD_LL_Start)
    i.USBD_LL_Suspend                        0x08002770   Section        0  usbd_core.o(i.USBD_LL_Suspend)
    i.USBD_LL_Transmit                       0x08002782   Section        0  usbd_conf.o(i.USBD_LL_Transmit)
    i.USBD_ParseSetupRequest                 0x080027a2   Section        0  usbd_ctlreq.o(i.USBD_ParseSetupRequest)
    i.USBD_RegisterClass                     0x080027ca   Section        0  usbd_core.o(i.USBD_RegisterClass)
    i.USBD_SetClassConfig                    0x080027da   Section        0  usbd_core.o(i.USBD_SetClassConfig)
    i.USBD_SetConfig                         0x080027f0   Section        0  usbd_ctlreq.o(i.USBD_SetConfig)
    USBD_SetConfig                           0x080027f1   Thumb Code   110  usbd_ctlreq.o(i.USBD_SetConfig)
    i.USBD_Start                             0x08002864   Section        0  usbd_core.o(i.USBD_Start)
    i.USBD_StdDevReq                         0x0800286e   Section        0  usbd_ctlreq.o(i.USBD_StdDevReq)
    i.USBD_StdEPReq                          0x08002960   Section        0  usbd_ctlreq.o(i.USBD_StdEPReq)
    i.USBD_StdItfReq                         0x08002a3c   Section        0  usbd_ctlreq.o(i.USBD_StdItfReq)
    i.USB_ActivateEndpoint                   0x08002a70   Section        0  stm32f4xx_ll_usb.o(i.USB_ActivateEndpoint)
    i.USB_ActivateSetup                      0x08002af0   Section        0  stm32f4xx_ll_usb.o(i.USB_ActivateSetup)
    i.USB_CoreInit                           0x08002b24   Section        0  stm32f4xx_ll_usb.o(i.USB_CoreInit)
    i.USB_CoreReset                          0x08002b90   Section        0  stm32f4xx_ll_usb.o(i.USB_CoreReset)
    USB_CoreReset                            0x08002b91   Thumb Code    50  stm32f4xx_ll_usb.o(i.USB_CoreReset)
    i.USB_DeactivateEndpoint                 0x08002bc8   Section        0  stm32f4xx_ll_usb.o(i.USB_DeactivateEndpoint)
    i.USB_DevConnect                         0x08002c90   Section        0  stm32f4xx_ll_usb.o(i.USB_DevConnect)
    i.USB_DevDisconnect                      0x08002ca8   Section        0  stm32f4xx_ll_usb.o(i.USB_DevDisconnect)
    i.USB_DevInit                            0x08002cc0   Section        0  stm32f4xx_ll_usb.o(i.USB_DevInit)
    i.USB_DisableGlobalInt                   0x08002e00   Section        0  stm32f4xx_ll_usb.o(i.USB_DisableGlobalInt)
    i.USB_EP0StartXfer                       0x08002e0c   Section        0  stm32f4xx_ll_usb.o(i.USB_EP0StartXfer)
    i.USB_EP0_OutStart                       0x08002f4c   Section        0  stm32f4xx_ll_usb.o(i.USB_EP0_OutStart)
    i.USB_EPClearStall                       0x08002f8a   Section        0  stm32f4xx_ll_usb.o(i.USB_EPClearStall)
    i.USB_EPSetStall                         0x08002fee   Section        0  stm32f4xx_ll_usb.o(i.USB_EPSetStall)
    i.USB_EPStartXfer                        0x0800304c   Section        0  stm32f4xx_ll_usb.o(i.USB_EPStartXfer)
    i.USB_EnableGlobalInt                    0x08003268   Section        0  stm32f4xx_ll_usb.o(i.USB_EnableGlobalInt)
    i.USB_FlushRxFifo                        0x08003274   Section        0  stm32f4xx_ll_usb.o(i.USB_FlushRxFifo)
    i.USB_FlushTxFifo                        0x08003294   Section        0  stm32f4xx_ll_usb.o(i.USB_FlushTxFifo)
    i.USB_GetDevSpeed                        0x080032b8   Section        0  stm32f4xx_ll_usb.o(i.USB_GetDevSpeed)
    i.USB_GetMode                            0x080032f4   Section        0  stm32f4xx_ll_usb.o(i.USB_GetMode)
    i.USB_ReadDevAllInEpInterrupt            0x080032fc   Section        0  stm32f4xx_ll_usb.o(i.USB_ReadDevAllInEpInterrupt)
    i.USB_ReadDevAllOutEpInterrupt           0x0800330a   Section        0  stm32f4xx_ll_usb.o(i.USB_ReadDevAllOutEpInterrupt)
    i.USB_ReadDevInEPInterrupt               0x08003318   Section        0  stm32f4xx_ll_usb.o(i.USB_ReadDevInEPInterrupt)
    i.USB_ReadDevOutEPInterrupt              0x08003336   Section        0  stm32f4xx_ll_usb.o(i.USB_ReadDevOutEPInterrupt)
    i.USB_ReadInterrupts                     0x08003346   Section        0  stm32f4xx_ll_usb.o(i.USB_ReadInterrupts)
    i.USB_ReadPacket                         0x0800334e   Section        0  stm32f4xx_ll_usb.o(i.USB_ReadPacket)
    i.USB_SetCurrentMode                     0x0800336e   Section        0  stm32f4xx_ll_usb.o(i.USB_SetCurrentMode)
    i.USB_SetDevAddress                      0x0800339a   Section        0  stm32f4xx_ll_usb.o(i.USB_SetDevAddress)
    i.USB_WritePacket                        0x080033bc   Section        0  stm32f4xx_ll_usb.o(i.USB_WritePacket)
    i.UsageFault_Handler                     0x080033e4   Section        0  stm32f4xx_it.o(i.UsageFault_Handler)
    i._Error_Handler                         0x080033e6   Section        0  main.o(i._Error_Handler)
    i.main                                   0x080033e8   Section        0  main.o(i.main)
    i.ssd1331_clear_screen                   0x080034d0   Section        0  ssd1331.o(i.ssd1331_clear_screen)
    i.ssd1331_display_char                   0x080034f4   Section        0  ssd1331.o(i.ssd1331_display_char)
    i.ssd1331_display_string                 0x08003590   Section        0  ssd1331.o(i.ssd1331_display_string)
    i.ssd1331_draw_point                     0x080035ec   Section        0  ssd1331.o(i.ssd1331_draw_point)
    i.ssd1331_init                           0x08003644   Section        0  ssd1331.o(i.ssd1331_init)
    i.ssd1331_write_byte                     0x0800379c   Section        0  ssd1331.o(i.ssd1331_write_byte)
    ssd1331_write_byte                       0x0800379d   Thumb Code    68  ssd1331.o(i.ssd1331_write_byte)
    x$fpl$fpinit                             0x080037ec   Section       10  fpinit.o(x$fpl$fpinit)
    $v0                                      0x080037ec   Number         0  fpinit.o(x$fpl$fpinit)
    .constdata                               0x080037f6   Section     1140  fonts.o(.constdata)
    .constdata                               0x08003c6a   Section     1520  fonts.o(.constdata)
    .constdata                               0x0800425a   Section       16  system_stm32f4xx.o(.constdata)
    .data                                    0x20000000   Section       16  usbd_cdc_if.o(.data)
    .data                                    0x20000010   Section       28  usbd_desc.o(.data)
    .data                                    0x2000002c   Section       22  usbd_desc.o(.data)
    .data                                    0x20000044   Section        4  system_stm32f4xx.o(.data)
    .data                                    0x20000048   Section      219  usbd_cdc.o(.data)
    ifalt                                    0x20000048   Data           1  usbd_cdc.o(.data)
    USBD_CDC_DeviceQualifierDesc             0x2000004c   Data          10  usbd_cdc.o(.data)
    .data                                    0x20000124   Section       56  usbd_cdc.o(.data)
    .data                                    0x2000015c   Section        1  usbd_ctlreq.o(.data)
    cfgidx                                   0x2000015c   Data           1  usbd_ctlreq.o(.data)
    .data                                    0x20000160   Section       12  stm32f4xx_hal.o(.data)
    .bss                                     0x2000016c   Section     1008  usbd_conf.o(.bss)
    .bss                                     0x2000055c   Section     4096  usbd_cdc_if.o(.bss)
    .bss                                     0x2000155c   Section      512  usbd_desc.o(.bss)
    .bss                                     0x2000175c   Section      548  usb_device.o(.bss)
    .bss                                     0x20001980   Section       88  main.o(.bss)
    .bss                                     0x200019d8   Section       96  libspace.o(.bss)
    HEAP                                     0x20001a38   Section     8192  startup_stm32f407xx.o(HEAP)
    Heap_Mem                                 0x20001a38   Data        8192  startup_stm32f407xx.o(HEAP)
    STACK                                    0x20003a38   Section    16384  startup_stm32f407xx.o(STACK)
    Stack_Mem                                0x20003a38   Data       16384  startup_stm32f407xx.o(STACK)
    __initial_sp                             0x20007a38   Data           0  startup_stm32f407xx.o(STACK)

    Global Symbols

    Symbol Name                              Value     Ov Type        Size  Object(Section)

    BuildAttributes$$THM_ISAv4$E$P$D$K$B$S$7EM$VFPi3$EXTD16$VFPS$VFMA$PE$A:L22UL41UL21$X:L11$S22US41US21$IEEE1$IW$USESV6$~STKCKD$USESV7$~SHL$OTIME$ROPI$EBA8$UX$STANDARDLIB$REQ8$PRES8$EABIv2 0x00000000   Number         0  anon$$obj.o ABSOLUTE
    __ARM_use_no_argv                        0x00000000   Number         0  main.o ABSOLUTE
    __ARM_exceptions_init                     - Undefined Weak Reference
    __alloca_initialize                       - Undefined Weak Reference
    __arm_preinit_                            - Undefined Weak Reference
    __cpp_initialize__aeabi_                  - Undefined Weak Reference
    __cxa_finalize                            - Undefined Weak Reference
    __rt_locale                               - Undefined Weak Reference
    __sigvec_lookup                           - Undefined Weak Reference
    __user_heap_extent                        - Undefined Weak Reference
    _atexit_init                              - Undefined Weak Reference
    _call_atexit_fns                          - Undefined Weak Reference
    _clock_init                               - Undefined Weak Reference
    _fp_trap_init                             - Undefined Weak Reference
    _fp_trap_shutdown                         - Undefined Weak Reference
    _get_lc_collate                           - Undefined Weak Reference
    _get_lc_ctype                             - Undefined Weak Reference
    _get_lc_monetary                          - Undefined Weak Reference
    _get_lc_numeric                           - Undefined Weak Reference
    _get_lc_time                              - Undefined Weak Reference
    _getenv_init                              - Undefined Weak Reference
    _handle_redirection                       - Undefined Weak Reference
    _initio                                   - Undefined Weak Reference
    _mutex_acquire                            - Undefined Weak Reference
    _mutex_free                               - Undefined Weak Reference
    _mutex_release                            - Undefined Weak Reference
    _rand_init                                - Undefined Weak Reference
    _signal_finish                            - Undefined Weak Reference
    _signal_init                              - Undefined Weak Reference
    _terminateio                              - Undefined Weak Reference
    __Vectors_Size                           0x00000188   Number         0  startup_stm32f407xx.o ABSOLUTE
    __Vectors                                0x08000000   Data           4  startup_stm32f407xx.o(RESET)
    __Vectors_End                            0x08000188   Data           0  startup_stm32f407xx.o(RESET)
    __main                                   0x08000189   Thumb Code     8  __main.o(!!!main)
    __scatterload                            0x08000191   Thumb Code     0  __scatter.o(!!!scatter)
    __scatterload_rt2                        0x08000191   Thumb Code    44  __scatter.o(!!!scatter)
    __scatterload_rt2_thumb_only             0x08000191   Thumb Code     0  __scatter.o(!!!scatter)
    __scatterload_null                       0x0800019f   Thumb Code     0  __scatter.o(!!!scatter)
    __decompress                             0x080001c5   Thumb Code    90  __dczerorl2.o(!!dczerorl2)
    __decompress1                            0x080001c5   Thumb Code     0  __dczerorl2.o(!!dczerorl2)
    __scatterload_zeroinit                   0x08000221   Thumb Code    28  __scatter_zi.o(!!handler_zi)
    __rt_lib_init                            0x0800023d   Thumb Code     0  libinit.o(.ARM.Collect$$libinit$$00000000)
    __rt_lib_init_fp_1                       0x0800023f   Thumb Code     0  libinit2.o(.ARM.Collect$$libinit$$00000001)
    __rt_lib_init_heap_2                     0x08000243   Thumb Code     0  libinit2.o(.ARM.Collect$$libinit$$00000005)
    __rt_lib_init_preinit_1                  0x08000243   Thumb Code     0  libinit2.o(.ARM.Collect$$libinit$$00000004)
    __rt_lib_init_alloca_1                   0x0800024b   Thumb Code     0  libinit2.o(.ARM.Collect$$libinit$$0000002E)
    __rt_lib_init_argv_1                     0x0800024b   Thumb Code     0  libinit2.o(.ARM.Collect$$libinit$$0000002C)
    __rt_lib_init_atexit_1                   0x0800024b   Thumb Code     0  libinit2.o(.ARM.Collect$$libinit$$0000001B)
    __rt_lib_init_clock_1                    0x0800024b   Thumb Code     0  libinit2.o(.ARM.Collect$$libinit$$00000021)
    __rt_lib_init_cpp_1                      0x0800024b   Thumb Code     0  libinit2.o(.ARM.Collect$$libinit$$00000032)
    __rt_lib_init_exceptions_1               0x0800024b   Thumb Code     0  libinit2.o(.ARM.Collect$$libinit$$00000030)
    __rt_lib_init_fp_trap_1                  0x0800024b   Thumb Code     0  libinit2.o(.ARM.Collect$$libinit$$0000001F)
    __rt_lib_init_getenv_1                   0x0800024b   Thumb Code     0  libinit2.o(.ARM.Collect$$libinit$$00000023)
    __rt_lib_init_heap_1                     0x0800024b   Thumb Code     0  libinit2.o(.ARM.Collect$$libinit$$0000000A)
    __rt_lib_init_lc_collate_1               0x0800024b   Thumb Code     0  libinit2.o(.ARM.Collect$$libinit$$00000011)
    __rt_lib_init_lc_ctype_1                 0x0800024b   Thumb Code     0  libinit2.o(.ARM.Collect$$libinit$$00000013)
    __rt_lib_init_lc_monetary_1              0x0800024b   Thumb Code     0  libinit2.o(.ARM.Collect$$libinit$$00000015)
    __rt_lib_init_lc_numeric_1               0x0800024b   Thumb Code     0  libinit2.o(.ARM.Collect$$libinit$$00000017)
    __rt_lib_init_lc_time_1                  0x0800024b   Thumb Code     0  libinit2.o(.ARM.Collect$$libinit$$00000019)
    __rt_lib_init_rand_1                     0x0800024b   Thumb Code     0  libinit2.o(.ARM.Collect$$libinit$$0000000E)
    __rt_lib_init_return                     0x0800024b   Thumb Code     0  libinit2.o(.ARM.Collect$$libinit$$00000033)
    __rt_lib_init_signal_1                   0x0800024b   Thumb Code     0  libinit2.o(.ARM.Collect$$libinit$$0000001D)
    __rt_lib_init_stdio_1                    0x0800024b   Thumb Code     0  libinit2.o(.ARM.Collect$$libinit$$00000025)
    __rt_lib_init_user_alloc_1               0x0800024b   Thumb Code     0  libinit2.o(.ARM.Collect$$libinit$$0000000C)
    __rt_lib_shutdown                        0x0800024d   Thumb Code     0  libshutdown.o(.ARM.Collect$$libshutdown$$00000000)
    __rt_lib_shutdown_cpp_1                  0x0800024f   Thumb Code     0  libshutdown2.o(.ARM.Collect$$libshutdown$$00000002)
    __rt_lib_shutdown_fp_trap_1              0x0800024f   Thumb Code     0  libshutdown2.o(.ARM.Collect$$libshutdown$$00000007)
    __rt_lib_shutdown_heap_1                 0x0800024f   Thumb Code     0  libshutdown2.o(.ARM.Collect$$libshutdown$$0000000F)
    __rt_lib_shutdown_return                 0x0800024f   Thumb Code     0  libshutdown2.o(.ARM.Collect$$libshutdown$$00000010)
    __rt_lib_shutdown_signal_1               0x0800024f   Thumb Code     0  libshutdown2.o(.ARM.Collect$$libshutdown$$0000000A)
    __rt_lib_shutdown_stdio_1                0x0800024f   Thumb Code     0  libshutdown2.o(.ARM.Collect$$libshutdown$$00000004)
    __rt_lib_shutdown_user_alloc_1           0x0800024f   Thumb Code     0  libshutdown2.o(.ARM.Collect$$libshutdown$$0000000C)
    __rt_entry                               0x08000251   Thumb Code     0  __rtentry.o(.ARM.Collect$$rtentry$$00000000)
    __rt_entry_presh_1                       0x08000251   Thumb Code     0  __rtentry2.o(.ARM.Collect$$rtentry$$00000002)
    __rt_entry_sh                            0x08000251   Thumb Code     0  __rtentry4.o(.ARM.Collect$$rtentry$$00000004)
    __rt_entry_li                            0x08000257   Thumb Code     0  __rtentry2.o(.ARM.Collect$$rtentry$$0000000A)
    __rt_entry_postsh_1                      0x08000257   Thumb Code     0  __rtentry2.o(.ARM.Collect$$rtentry$$00000009)
    __rt_entry_main                          0x0800025b   Thumb Code     0  __rtentry2.o(.ARM.Collect$$rtentry$$0000000D)
    __rt_entry_postli_1                      0x0800025b   Thumb Code     0  __rtentry2.o(.ARM.Collect$$rtentry$$0000000C)
    __rt_exit                                0x08000263   Thumb Code     0  rtexit.o(.ARM.Collect$$rtexit$$00000000)
    __rt_exit_ls                             0x08000265   Thumb Code     0  rtexit2.o(.ARM.Collect$$rtexit$$00000003)
    __rt_exit_prels_1                        0x08000265   Thumb Code     0  rtexit2.o(.ARM.Collect$$rtexit$$00000002)
    __rt_exit_exit                           0x08000269   Thumb Code     0  rtexit2.o(.ARM.Collect$$rtexit$$00000004)
    Reset_Handler                            0x08000271   Thumb Code     8  startup_stm32f407xx.o(.text)
    _maybe_terminate_alloc                   0x08000271   Thumb Code     0  maybetermalloc1.o(.emb_text)
    ADC_IRQHandler                           0x0800028b   Thumb Code     0  startup_stm32f407xx.o(.text)
    CAN1_RX0_IRQHandler                      0x0800028b   Thumb Code     0  startup_stm32f407xx.o(.text)
    CAN1_RX1_IRQHandler                      0x0800028b   Thumb Code     0  startup_stm32f407xx.o(.text)
    CAN1_SCE_IRQHandler                      0x0800028b   Thumb Code     0  startup_stm32f407xx.o(.text)
    CAN1_TX_IRQHandler                       0x0800028b   Thumb Code     0  startup_stm32f407xx.o(.text)
    CAN2_RX0_IRQHandler                      0x0800028b   Thumb Code     0  startup_stm32f407xx.o(.text)
    CAN2_RX1_IRQHandler                      0x0800028b   Thumb Code     0  startup_stm32f407xx.o(.text)
    CAN2_SCE_IRQHandler                      0x0800028b   Thumb Code     0  startup_stm32f407xx.o(.text)
    CAN2_TX_IRQHandler                       0x0800028b   Thumb Code     0  startup_stm32f407xx.o(.text)
    DCMI_IRQHandler                          0x0800028b   Thumb Code     0  startup_stm32f407xx.o(.text)
    DMA1_Stream0_IRQHandler                  0x0800028b   Thumb Code     0  startup_stm32f407xx.o(.text)
    DMA1_Stream1_IRQHandler                  0x0800028b   Thumb Code     0  startup_stm32f407xx.o(.text)
    DMA1_Stream2_IRQHandler                  0x0800028b   Thumb Code     0  startup_stm32f407xx.o(.text)
    DMA1_Stream3_IRQHandler                  0x0800028b   Thumb Code     0  startup_stm32f407xx.o(.text)
    DMA1_Stream4_IRQHandler                  0x0800028b   Thumb Code     0  startup_stm32f407xx.o(.text)
    DMA1_Stream5_IRQHandler                  0x0800028b   Thumb Code     0  startup_stm32f407xx.o(.text)
    DMA1_Stream6_IRQHandler                  0x0800028b   Thumb Code     0  startup_stm32f407xx.o(.text)
    DMA1_Stream7_IRQHandler                  0x0800028b   Thumb Code     0  startup_stm32f407xx.o(.text)
    DMA2_Stream0_IRQHandler                  0x0800028b   Thumb Code     0  startup_stm32f407xx.o(.text)
    DMA2_Stream1_IRQHandler                  0x0800028b   Thumb Code     0  startup_stm32f407xx.o(.text)
    DMA2_Stream2_IRQHandler                  0x0800028b   Thumb Code     0  startup_stm32f407xx.o(.text)
    DMA2_Stream3_IRQHandler                  0x0800028b   Thumb Code     0  startup_stm32f407xx.o(.text)
    DMA2_Stream4_IRQHandler                  0x0800028b   Thumb Code     0  startup_stm32f407xx.o(.text)
    DMA2_Stream5_IRQHandler                  0x0800028b   Thumb Code     0  startup_stm32f407xx.o(.text)
    DMA2_Stream6_IRQHandler                  0x0800028b   Thumb Code     0  startup_stm32f407xx.o(.text)
    DMA2_Stream7_IRQHandler                  0x0800028b   Thumb Code     0  startup_stm32f407xx.o(.text)
    ETH_IRQHandler                           0x0800028b   Thumb Code     0  startup_stm32f407xx.o(.text)
    ETH_WKUP_IRQHandler                      0x0800028b   Thumb Code     0  startup_stm32f407xx.o(.text)
    EXTI0_IRQHandler                         0x0800028b   Thumb Code     0  startup_stm32f407xx.o(.text)
    EXTI15_10_IRQHandler                     0x0800028b   Thumb Code     0  startup_stm32f407xx.o(.text)
    EXTI1_IRQHandler                         0x0800028b   Thumb Code     0  startup_stm32f407xx.o(.text)
    EXTI2_IRQHandler                         0x0800028b   Thumb Code     0  startup_stm32f407xx.o(.text)
    EXTI3_IRQHandler                         0x0800028b   Thumb Code     0  startup_stm32f407xx.o(.text)
    EXTI4_IRQHandler                         0x0800028b   Thumb Code     0  startup_stm32f407xx.o(.text)
    EXTI9_5_IRQHandler                       0x0800028b   Thumb Code     0  startup_stm32f407xx.o(.text)
    FLASH_IRQHandler                         0x0800028b   Thumb Code     0  startup_stm32f407xx.o(.text)
    FMC_IRQHandler                           0x0800028b   Thumb Code     0  startup_stm32f407xx.o(.text)
    FPU_IRQHandler                           0x0800028b   Thumb Code     0  startup_stm32f407xx.o(.text)
    HASH_RNG_IRQHandler                      0x0800028b   Thumb Code     0  startup_stm32f407xx.o(.text)
    I2C1_ER_IRQHandler                       0x0800028b   Thumb Code     0  startup_stm32f407xx.o(.text)
    I2C1_EV_IRQHandler                       0x0800028b   Thumb Code     0  startup_stm32f407xx.o(.text)
    I2C2_ER_IRQHandler                       0x0800028b   Thumb Code     0  startup_stm32f407xx.o(.text)
    I2C2_EV_IRQHandler                       0x0800028b   Thumb Code     0  startup_stm32f407xx.o(.text)
    I2C3_ER_IRQHandler                       0x0800028b   Thumb Code     0  startup_stm32f407xx.o(.text)
    I2C3_EV_IRQHandler                       0x0800028b   Thumb Code     0  startup_stm32f407xx.o(.text)
    OTG_FS_WKUP_IRQHandler                   0x0800028b   Thumb Code     0  startup_stm32f407xx.o(.text)
    OTG_HS_EP1_IN_IRQHandler                 0x0800028b   Thumb Code     0  startup_stm32f407xx.o(.text)
    OTG_HS_EP1_OUT_IRQHandler                0x0800028b   Thumb Code     0  startup_stm32f407xx.o(.text)
    OTG_HS_IRQHandler                        0x0800028b   Thumb Code     0  startup_stm32f407xx.o(.text)
    OTG_HS_WKUP_IRQHandler                   0x0800028b   Thumb Code     0  startup_stm32f407xx.o(.text)
    PVD_IRQHandler                           0x0800028b   Thumb Code     0  startup_stm32f407xx.o(.text)
    RCC_IRQHandler                           0x0800028b   Thumb Code     0  startup_stm32f407xx.o(.text)
    RTC_Alarm_IRQHandler                     0x0800028b   Thumb Code     0  startup_stm32f407xx.o(.text)
    RTC_WKUP_IRQHandler                      0x0800028b   Thumb Code     0  startup_stm32f407xx.o(.text)
    SDIO_IRQHandler                          0x0800028b   Thumb Code     0  startup_stm32f407xx.o(.text)
    SPI1_IRQHandler                          0x0800028b   Thumb Code     0  startup_stm32f407xx.o(.text)
    SPI2_IRQHandler                          0x0800028b   Thumb Code     0  startup_stm32f407xx.o(.text)
    SPI3_IRQHandler                          0x0800028b   Thumb Code     0  startup_stm32f407xx.o(.text)
    TAMP_STAMP_IRQHandler                    0x0800028b   Thumb Code     0  startup_stm32f407xx.o(.text)
    TIM1_BRK_TIM9_IRQHandler                 0x0800028b   Thumb Code     0  startup_stm32f407xx.o(.text)
    TIM1_CC_IRQHandler                       0x0800028b   Thumb Code     0  startup_stm32f407xx.o(.text)
    TIM1_TRG_COM_TIM11_IRQHandler            0x0800028b   Thumb Code     0  startup_stm32f407xx.o(.text)
    TIM1_UP_TIM10_IRQHandler                 0x0800028b   Thumb Code     0  startup_stm32f407xx.o(.text)
    TIM2_IRQHandler                          0x0800028b   Thumb Code     0  startup_stm32f407xx.o(.text)
    TIM3_IRQHandler                          0x0800028b   Thumb Code     0  startup_stm32f407xx.o(.text)
    TIM4_IRQHandler                          0x0800028b   Thumb Code     0  startup_stm32f407xx.o(.text)
    TIM5_IRQHandler                          0x0800028b   Thumb Code     0  startup_stm32f407xx.o(.text)
    TIM6_DAC_IRQHandler                      0x0800028b   Thumb Code     0  startup_stm32f407xx.o(.text)
    TIM7_IRQHandler                          0x0800028b   Thumb Code     0  startup_stm32f407xx.o(.text)
    TIM8_BRK_TIM12_IRQHandler                0x0800028b   Thumb Code     0  startup_stm32f407xx.o(.text)
    TIM8_CC_IRQHandler                       0x0800028b   Thumb Code     0  startup_stm32f407xx.o(.text)
    TIM8_TRG_COM_TIM14_IRQHandler            0x0800028b   Thumb Code     0  startup_stm32f407xx.o(.text)
    TIM8_UP_TIM13_IRQHandler                 0x0800028b   Thumb Code     0  startup_stm32f407xx.o(.text)
    UART4_IRQHandler                         0x0800028b   Thumb Code     0  startup_stm32f407xx.o(.text)
    UART5_IRQHandler                         0x0800028b   Thumb Code     0  startup_stm32f407xx.o(.text)
    USART1_IRQHandler                        0x0800028b   Thumb Code     0  startup_stm32f407xx.o(.text)
    USART2_IRQHandler                        0x0800028b   Thumb Code     0  startup_stm32f407xx.o(.text)
    USART3_IRQHandler                        0x0800028b   Thumb Code     0  startup_stm32f407xx.o(.text)
    USART6_IRQHandler                        0x0800028b   Thumb Code     0  startup_stm32f407xx.o(.text)
    WWDG_IRQHandler                          0x0800028b   Thumb Code     0  startup_stm32f407xx.o(.text)
    __user_initial_stackheap                 0x0800028d   Thumb Code     0  startup_stm32f407xx.o(.text)
    malloc                                   0x080002b1   Thumb Code    94  h1_alloc.o(.text)
    free                                     0x0800030f   Thumb Code    78  h1_free.o(.text)
    __aeabi_uldivmod                         0x0800035d   Thumb Code     0  lludivv7m.o(.text)
    _ll_udiv                                 0x0800035d   Thumb Code   238  lludivv7m.o(.text)
    __aeabi_memcpy4                          0x0800044b   Thumb Code     0  rt_memcpy_w.o(.text)
    __aeabi_memcpy8                          0x0800044b   Thumb Code     0  rt_memcpy_w.o(.text)
    __rt_memcpy_w                            0x0800044b   Thumb Code   100  rt_memcpy_w.o(.text)
    _memcpy_lastbytes_aligned                0x08000493   Thumb Code     0  rt_memcpy_w.o(.text)
    __use_two_region_memory                  0x080004af   Thumb Code     2  heapauxi.o(.text)
    __rt_heap_escrow                         0x080004b1   Thumb Code     2  heapauxi.o(.text)
    __rt_heap_expand                         0x080004b3   Thumb Code     2  heapauxi.o(.text)
    __rt_heap_descriptor                     0x080004b5   Thumb Code     8  rt_heap_descriptor_intlibspace.o(.text)
    __use_no_heap                            0x080004bd   Thumb Code     2  hguard.o(.text)
    __heap$guard                             0x080004bf   Thumb Code     2  hguard.o(.text)
    _terminate_user_alloc                    0x080004c1   Thumb Code     2  init_alloc.o(.text)
    _init_user_alloc                         0x080004c3   Thumb Code     2  init_alloc.o(.text)
    __Heap_Full                              0x080004c5   Thumb Code    34  init_alloc.o(.text)
    __Heap_Broken                            0x080004e7   Thumb Code     6  init_alloc.o(.text)
    _init_alloc                              0x080004ed   Thumb Code    94  init_alloc.o(.text)
    __Heap_Initialize                        0x0800054b   Thumb Code    10  h1_init.o(.text)
    __Heap_DescSize                          0x08000555   Thumb Code     4  h1_init.o(.text)
    __user_libspace                          0x08000559   Thumb Code     8  libspace.o(.text)
    __user_perproc_libspace                  0x08000559   Thumb Code     0  libspace.o(.text)
    __user_perthread_libspace                0x08000559   Thumb Code     0  libspace.o(.text)
    __Heap_ProvideMemory                     0x08000561   Thumb Code    52  h1_extend.o(.text)
    __rt_SIGRTMEM                            0x08000595   Thumb Code    14  defsig_rtmem_outer.o(.text)
    __I$use$semihosting                      0x080005a3   Thumb Code     0  use_no_semi.o(.text)
    __use_no_semihosting_swi                 0x080005a3   Thumb Code     2  use_no_semi.o(.text)
    __semihosting_library_function           0x080005a5   Thumb Code     0  indicate_semi.o(.text)
    __user_setup_stackheap                   0x080005a5   Thumb Code    74  sys_stackheap_outer.o(.text)
    exit                                     0x080005ef   Thumb Code    18  exit.o(.text)
    __sig_exit                               0x08000601   Thumb Code    10  defsig_exit.o(.text)
    __rt_SIGRTMEM_inner                      0x0800060d   Thumb Code    22  defsig_rtmem_inner.o(.text)
    _sys_exit                                0x0800065d   Thumb Code     8  sys_exit.o(.text)
    __default_signal_display                 0x08000669   Thumb Code    50  defsig_general.o(.text)
    _ttywrch                                 0x0800069b   Thumb Code    14  sys_wrch.o(.text)
    BusFault_Handler                         0x080006a9   Thumb Code     2  stm32f4xx_it.o(i.BusFault_Handler)
    CDC_ReceiveCallBack                      0x080006d9   Thumb Code    22  main.o(i.CDC_ReceiveCallBack)
    CDC_Transmit_FS                          0x08000719   Thumb Code    38  usbd_cdc_if.o(i.CDC_Transmit_FS)
    DebugMon_Handler                         0x08000745   Thumb Code     2  stm32f4xx_it.o(i.DebugMon_Handler)
    HAL_Delay                                0x08000749   Thumb Code    32  stm32f4xx_hal.o(i.HAL_Delay)
    HAL_GPIO_Init                            0x0800076d   Thumb Code   388  stm32f4xx_hal_gpio.o(i.HAL_GPIO_Init)
    HAL_GPIO_TogglePin                       0x0800091d   Thumb Code     8  stm32f4xx_hal_gpio.o(i.HAL_GPIO_TogglePin)
    HAL_GPIO_WritePin                        0x08000925   Thumb Code    10  stm32f4xx_hal_gpio.o(i.HAL_GPIO_WritePin)
    HAL_GetTick                              0x08000931   Thumb Code     6  stm32f4xx_hal.o(i.HAL_GetTick)
    HAL_IncTick                              0x0800093d   Thumb Code    12  stm32f4xx_hal.o(i.HAL_IncTick)
    HAL_Init                                 0x0800094d   Thumb Code    48  stm32f4xx_hal.o(i.HAL_Init)
    HAL_InitTick                             0x08000981   Thumb Code    54  stm32f4xx_hal.o(i.HAL_InitTick)
    HAL_MspInit                              0x080009c1   Thumb Code    88  stm32f4xx_hal_msp.o(i.HAL_MspInit)
    HAL_NVIC_EnableIRQ                       0x08000a19   Thumb Code    22  stm32f4xx_hal_cortex.o(i.HAL_NVIC_EnableIRQ)
    HAL_NVIC_SetPriority                     0x08000a31   Thumb Code    60  stm32f4xx_hal_cortex.o(i.HAL_NVIC_SetPriority)
    HAL_NVIC_SetPriorityGrouping             0x08000a71   Thumb Code    26  stm32f4xx_hal_cortex.o(i.HAL_NVIC_SetPriorityGrouping)
    HAL_PCDEx_SetRxFiFo                      0x08000a95   Thumb Code     8  stm32f4xx_hal_pcd_ex.o(i.HAL_PCDEx_SetRxFiFo)
    HAL_PCDEx_SetTxFiFo                      0x08000a9d   Thumb Code    68  stm32f4xx_hal_pcd_ex.o(i.HAL_PCDEx_SetTxFiFo)
    HAL_PCD_ConnectCallback                  0x08000ae1   Thumb Code     8  usbd_conf.o(i.HAL_PCD_ConnectCallback)
    HAL_PCD_DataInStageCallback              0x08000ae9   Thumb Code    18  usbd_conf.o(i.HAL_PCD_DataInStageCallback)
    HAL_PCD_DataOutStageCallback             0x08000afb   Thumb Code    20  usbd_conf.o(i.HAL_PCD_DataOutStageCallback)
    HAL_PCD_DisconnectCallback               0x08000b0f   Thumb Code     8  usbd_conf.o(i.HAL_PCD_DisconnectCallback)
    HAL_PCD_EP_Close                         0x08000b17   Thumb Code    68  stm32f4xx_hal_pcd.o(i.HAL_PCD_EP_Close)
    HAL_PCD_EP_ClrStall                      0x08000b5b   Thumb Code    80  stm32f4xx_hal_pcd.o(i.HAL_PCD_EP_ClrStall)
    HAL_PCD_EP_GetRxCount                    0x08000bab   Thumb Code    20  stm32f4xx_hal_pcd.o(i.HAL_PCD_EP_GetRxCount)
    HAL_PCD_EP_Open                          0x08000bbf   Thumb Code    84  stm32f4xx_hal_pcd.o(i.HAL_PCD_EP_Open)
    HAL_PCD_EP_Receive                       0x08000c13   Thumb Code    72  stm32f4xx_hal_pcd.o(i.HAL_PCD_EP_Receive)
    HAL_PCD_EP_SetStall                      0x08000c5b   Thumb Code    96  stm32f4xx_hal_pcd.o(i.HAL_PCD_EP_SetStall)
    HAL_PCD_EP_Transmit                      0x08000cbb   Thumb Code    64  stm32f4xx_hal_pcd.o(i.HAL_PCD_EP_Transmit)
    HAL_PCD_IRQHandler                       0x08000cfd   Thumb Code  1196  stm32f4xx_hal_pcd.o(i.HAL_PCD_IRQHandler)
    HAL_PCD_ISOINIncompleteCallback          0x080011f1   Thumb Code     8  usbd_conf.o(i.HAL_PCD_ISOINIncompleteCallback)
    HAL_PCD_ISOOUTIncompleteCallback         0x080011f9   Thumb Code     8  usbd_conf.o(i.HAL_PCD_ISOOUTIncompleteCallback)
    HAL_PCD_Init                             0x08001201   Thumb Code   190  stm32f4xx_hal_pcd.o(i.HAL_PCD_Init)
    HAL_PCD_MspInit                          0x080012c1   Thumb Code    92  usbd_conf.o(i.HAL_PCD_MspInit)
    HAL_PCD_ResetCallback                    0x08001325   Thumb Code    32  usbd_conf.o(i.HAL_PCD_ResetCallback)
    HAL_PCD_ResumeCallback                   0x08001345   Thumb Code     8  usbd_conf.o(i.HAL_PCD_ResumeCallback)
    HAL_PCD_SOFCallback                      0x0800134d   Thumb Code     8  usbd_conf.o(i.HAL_PCD_SOFCallback)
    HAL_PCD_SetAddress                       0x08001355   Thumb Code    36  stm32f4xx_hal_pcd.o(i.HAL_PCD_SetAddress)
    HAL_PCD_SetupStageCallback               0x08001379   Thumb Code    14  usbd_conf.o(i.HAL_PCD_SetupStageCallback)
    HAL_PCD_Start                            0x08001387   Thumb Code    42  stm32f4xx_hal_pcd.o(i.HAL_PCD_Start)
    HAL_PCD_SuspendCallback                  0x080013b1   Thumb Code    44  usbd_conf.o(i.HAL_PCD_SuspendCallback)
    HAL_RCC_ClockConfig                      0x080013e1   Thumb Code   286  stm32f4xx_hal_rcc.o(i.HAL_RCC_ClockConfig)
    HAL_RCC_GetHCLKFreq                      0x08001511   Thumb Code     6  stm32f4xx_hal_rcc.o(i.HAL_RCC_GetHCLKFreq)
    HAL_RCC_GetSysClockFreq                  0x0800151d   Thumb Code    88  stm32f4xx_hal_rcc.o(i.HAL_RCC_GetSysClockFreq)
    HAL_RCC_OscConfig                        0x0800157d   Thumb Code   770  stm32f4xx_hal_rcc.o(i.HAL_RCC_OscConfig)
    HAL_SPI_Init                             0x08001899   Thumb Code   128  stm32f4xx_hal_spi.o(i.HAL_SPI_Init)
    HAL_SPI_MspInit                          0x08001919   Thumb Code    62  stm32f4xx_hal_msp.o(i.HAL_SPI_MspInit)
    HAL_SPI_Transmit                         0x08001965   Thumb Code   360  stm32f4xx_hal_spi.o(i.HAL_SPI_Transmit)
    HAL_SYSTICK_CLKSourceConfig              0x08001acd   Thumb Code    24  stm32f4xx_hal_cortex.o(i.HAL_SYSTICK_CLKSourceConfig)
    HAL_SYSTICK_Callback                     0x08001ae5   Thumb Code     2  stm32f4xx_hal_cortex.o(i.HAL_SYSTICK_Callback)
    HAL_SYSTICK_Config                       0x08001ae7   Thumb Code    40  stm32f4xx_hal_cortex.o(i.HAL_SYSTICK_Config)
    HAL_SYSTICK_IRQHandler                   0x08001b0f   Thumb Code     8  stm32f4xx_hal_cortex.o(i.HAL_SYSTICK_IRQHandler)
    HardFault_Handler                        0x08001b17   Thumb Code     2  stm32f4xx_it.o(i.HardFault_Handler)
    MX_USB_DEVICE_Init                       0x08001c29   Thumb Code    38  usb_device.o(i.MX_USB_DEVICE_Init)
    MemManage_Handler                        0x08001c61   Thumb Code     2  stm32f4xx_it.o(i.MemManage_Handler)
    NMI_Handler                              0x08001c63   Thumb Code     2  stm32f4xx_it.o(i.NMI_Handler)
    OTG_FS_IRQHandler                        0x08001c85   Thumb Code     6  stm32f4xx_it.o(i.OTG_FS_IRQHandler)
    PendSV_Handler                           0x08001d19   Thumb Code     2  stm32f4xx_it.o(i.PendSV_Handler)
    SVC_Handler                              0x08001dd1   Thumb Code     2  stm32f4xx_it.o(i.SVC_Handler)
    SysTick_Handler                          0x08001dd3   Thumb Code    14  stm32f4xx_it.o(i.SysTick_Handler)
    SystemClock_Config                       0x08001de1   Thumb Code   146  main.o(i.SystemClock_Config)
    SystemInit                               0x08001e7d   Thumb Code    66  system_stm32f4xx.o(i.SystemInit)
    USBD_CDC_GetDeviceQualifierDescriptor    0x08001f75   Thumb Code     8  usbd_cdc.o(i.USBD_CDC_GetDeviceQualifierDescriptor)
    USBD_CDC_ReceivePacket                   0x0800202d   Thumb Code    40  usbd_cdc.o(i.USBD_CDC_ReceivePacket)
    USBD_CDC_RegisterInterface               0x08002055   Thumb Code    16  usbd_cdc.o(i.USBD_CDC_RegisterInterface)
    USBD_CDC_SetRxBuffer                     0x08002065   Thumb Code    12  usbd_cdc.o(i.USBD_CDC_SetRxBuffer)
    USBD_CDC_SetTxBuffer                     0x08002071   Thumb Code    16  usbd_cdc.o(i.USBD_CDC_SetTxBuffer)
    USBD_CDC_TransmitPacket                  0x080020f1   Thumb Code    48  usbd_cdc.o(i.USBD_CDC_TransmitPacket)
    USBD_ClrClassConfig                      0x08002121   Thumb Code    14  usbd_core.o(i.USBD_ClrClassConfig)
    USBD_CtlContinueRx                       0x0800212f   Thumb Code    16  usbd_ioreq.o(i.USBD_CtlContinueRx)
    USBD_CtlContinueSendData                 0x0800213f   Thumb Code    16  usbd_ioreq.o(i.USBD_CtlContinueSendData)
    USBD_CtlError                            0x0800214f   Thumb Code    22  usbd_ctlreq.o(i.USBD_CtlError)
    USBD_CtlPrepareRx                        0x08002165   Thumb Code    30  usbd_ioreq.o(i.USBD_CtlPrepareRx)
    USBD_CtlReceiveStatus                    0x08002183   Thumb Code    22  usbd_ioreq.o(i.USBD_CtlReceiveStatus)
    USBD_CtlSendData                         0x08002199   Thumb Code    26  usbd_ioreq.o(i.USBD_CtlSendData)
    USBD_CtlSendStatus                       0x080021b3   Thumb Code    22  usbd_ioreq.o(i.USBD_CtlSendStatus)
    USBD_FS_ConfigStrDescriptor              0x080021c9   Thumb Code    16  usbd_desc.o(i.USBD_FS_ConfigStrDescriptor)
    USBD_FS_DeviceDescriptor                 0x080021e9   Thumb Code     8  usbd_desc.o(i.USBD_FS_DeviceDescriptor)
    USBD_FS_InterfaceStrDescriptor           0x080021f5   Thumb Code    16  usbd_desc.o(i.USBD_FS_InterfaceStrDescriptor)
    USBD_FS_LangIDStrDescriptor              0x08002219   Thumb Code     8  usbd_desc.o(i.USBD_FS_LangIDStrDescriptor)
    USBD_FS_ManufacturerStrDescriptor        0x08002225   Thumb Code    16  usbd_desc.o(i.USBD_FS_ManufacturerStrDescriptor)
    USBD_FS_ProductStrDescriptor             0x0800224d   Thumb Code    16  usbd_desc.o(i.USBD_FS_ProductStrDescriptor)
    USBD_FS_SerialStrDescriptor              0x08002279   Thumb Code    16  usbd_desc.o(i.USBD_FS_SerialStrDescriptor)
    USBD_GetString                           0x0800237d   Thumb Code    70  usbd_ctlreq.o(i.USBD_GetString)
    USBD_Init                                0x080023c3   Thumb Code    42  usbd_core.o(i.USBD_Init)
    USBD_LL_ClearStallEP                     0x080023ed   Thumb Code    32  usbd_conf.o(i.USBD_LL_ClearStallEP)
    USBD_LL_CloseEP                          0x0800240d   Thumb Code    32  usbd_conf.o(i.USBD_LL_CloseEP)
    USBD_LL_DataInStage                      0x0800242d   Thumb Code   170  usbd_core.o(i.USBD_LL_DataInStage)
    USBD_LL_DataOutStage                     0x080024d7   Thumb Code   106  usbd_core.o(i.USBD_LL_DataOutStage)
    USBD_LL_DevConnected                     0x08002541   Thumb Code     4  usbd_core.o(i.USBD_LL_DevConnected)
    USBD_LL_DevDisconnected                  0x08002545   Thumb Code    22  usbd_core.o(i.USBD_LL_DevDisconnected)
    USBD_LL_GetRxDataSize                    0x0800255b   Thumb Code     8  usbd_conf.o(i.USBD_LL_GetRxDataSize)
    USBD_LL_Init                             0x08002565   Thumb Code    98  usbd_conf.o(i.USBD_LL_Init)
    USBD_LL_IsStallEP                        0x080025e1   Thumb Code    32  usbd_conf.o(i.USBD_LL_IsStallEP)
    USBD_LL_IsoINIncomplete                  0x08002601   Thumb Code     4  usbd_core.o(i.USBD_LL_IsoINIncomplete)
    USBD_LL_IsoOUTIncomplete                 0x08002605   Thumb Code     4  usbd_core.o(i.USBD_LL_IsoOUTIncomplete)
    USBD_LL_OpenEP                           0x08002609   Thumb Code    38  usbd_conf.o(i.USBD_LL_OpenEP)
    USBD_LL_PrepareReceive                   0x0800262f   Thumb Code    32  usbd_conf.o(i.USBD_LL_PrepareReceive)
    USBD_LL_Reset                            0x0800264f   Thumb Code    62  usbd_core.o(i.USBD_LL_Reset)
    USBD_LL_Resume                           0x0800268d   Thumb Code    12  usbd_core.o(i.USBD_LL_Resume)
    USBD_LL_SOF                              0x08002699   Thumb Code    24  usbd_core.o(i.USBD_LL_SOF)
    USBD_LL_SetSpeed                         0x080026b1   Thumb Code     6  usbd_core.o(i.USBD_LL_SetSpeed)
    USBD_LL_SetUSBAddress                    0x080026b7   Thumb Code    32  usbd_conf.o(i.USBD_LL_SetUSBAddress)
    USBD_LL_SetupStage                       0x080026d7   Thumb Code    90  usbd_core.o(i.USBD_LL_SetupStage)
    USBD_LL_StallEP                          0x08002731   Thumb Code    32  usbd_conf.o(i.USBD_LL_StallEP)
    USBD_LL_Start                            0x08002751   Thumb Code    32  usbd_conf.o(i.USBD_LL_Start)
    USBD_LL_Suspend                          0x08002771   Thumb Code    18  usbd_core.o(i.USBD_LL_Suspend)
    USBD_LL_Transmit                         0x08002783   Thumb Code    32  usbd_conf.o(i.USBD_LL_Transmit)
    USBD_ParseSetupRequest                   0x080027a3   Thumb Code    40  usbd_ctlreq.o(i.USBD_ParseSetupRequest)
    USBD_RegisterClass                       0x080027cb   Thumb Code    16  usbd_core.o(i.USBD_RegisterClass)
    USBD_SetClassConfig                      0x080027db   Thumb Code    22  usbd_core.o(i.USBD_SetClassConfig)
    USBD_Start                               0x08002865   Thumb Code    10  usbd_core.o(i.USBD_Start)
    USBD_StdDevReq                           0x0800286f   Thumb Code   242  usbd_ctlreq.o(i.USBD_StdDevReq)
    USBD_StdEPReq                            0x08002961   Thumb Code   220  usbd_ctlreq.o(i.USBD_StdEPReq)
    USBD_StdItfReq                           0x08002a3d   Thumb Code    52  usbd_ctlreq.o(i.USBD_StdItfReq)
    USB_ActivateEndpoint                     0x08002a71   Thumb Code   122  stm32f4xx_ll_usb.o(i.USB_ActivateEndpoint)
    USB_ActivateSetup                        0x08002af1   Thumb Code    52  stm32f4xx_ll_usb.o(i.USB_ActivateSetup)
    USB_CoreInit                             0x08002b25   Thumb Code   104  stm32f4xx_ll_usb.o(i.USB_CoreInit)
    USB_DeactivateEndpoint                   0x08002bc9   Thumb Code   196  stm32f4xx_ll_usb.o(i.USB_DeactivateEndpoint)
    USB_DevConnect                           0x08002c91   Thumb Code    24  stm32f4xx_ll_usb.o(i.USB_DevConnect)
    USB_DevDisconnect                        0x08002ca9   Thumb Code    24  stm32f4xx_ll_usb.o(i.USB_DevDisconnect)
    USB_DevInit                              0x08002cc1   Thumb Code   302  stm32f4xx_ll_usb.o(i.USB_DevInit)
    USB_DisableGlobalInt                     0x08002e01   Thumb Code    12  stm32f4xx_ll_usb.o(i.USB_DisableGlobalInt)
    USB_EP0StartXfer                         0x08002e0d   Thumb Code   316  stm32f4xx_ll_usb.o(i.USB_EP0StartXfer)
    USB_EP0_OutStart                         0x08002f4d   Thumb Code    62  stm32f4xx_ll_usb.o(i.USB_EP0_OutStart)
    USB_EPClearStall                         0x08002f8b   Thumb Code   100  stm32f4xx_ll_usb.o(i.USB_EPClearStall)
    USB_EPSetStall                           0x08002fef   Thumb Code    94  stm32f4xx_ll_usb.o(i.USB_EPSetStall)
    USB_EPStartXfer                          0x0800304d   Thumb Code   534  stm32f4xx_ll_usb.o(i.USB_EPStartXfer)
    USB_EnableGlobalInt                      0x08003269   Thumb Code    12  stm32f4xx_ll_usb.o(i.USB_EnableGlobalInt)
    USB_FlushRxFifo                          0x08003275   Thumb Code    28  stm32f4xx_ll_usb.o(i.USB_FlushRxFifo)
    USB_FlushTxFifo                          0x08003295   Thumb Code    32  stm32f4xx_ll_usb.o(i.USB_FlushTxFifo)
    USB_GetDevSpeed                          0x080032b9   Thumb Code    60  stm32f4xx_ll_usb.o(i.USB_GetDevSpeed)
    USB_GetMode                              0x080032f5   Thumb Code     8  stm32f4xx_ll_usb.o(i.USB_GetMode)
    USB_ReadDevAllInEpInterrupt              0x080032fd   Thumb Code    14  stm32f4xx_ll_usb.o(i.USB_ReadDevAllInEpInterrupt)
    USB_ReadDevAllOutEpInterrupt             0x0800330b   Thumb Code    14  stm32f4xx_ll_usb.o(i.USB_ReadDevAllOutEpInterrupt)
    USB_ReadDevInEPInterrupt                 0x08003319   Thumb Code    30  stm32f4xx_ll_usb.o(i.USB_ReadDevInEPInterrupt)
    USB_ReadDevOutEPInterrupt                0x08003337   Thumb Code    16  stm32f4xx_ll_usb.o(i.USB_ReadDevOutEPInterrupt)
    USB_ReadInterrupts                       0x08003347   Thumb Code     8  stm32f4xx_ll_usb.o(i.USB_ReadInterrupts)
    USB_ReadPacket                           0x0800334f   Thumb Code    32  stm32f4xx_ll_usb.o(i.USB_ReadPacket)
    USB_SetCurrentMode                       0x0800336f   Thumb Code    44  stm32f4xx_ll_usb.o(i.USB_SetCurrentMode)
    USB_SetDevAddress                        0x0800339b   Thumb Code    34  stm32f4xx_ll_usb.o(i.USB_SetDevAddress)
    USB_WritePacket                          0x080033bd   Thumb Code    40  stm32f4xx_ll_usb.o(i.USB_WritePacket)
    UsageFault_Handler                       0x080033e5   Thumb Code     2  stm32f4xx_it.o(i.UsageFault_Handler)
    _Error_Handler                           0x080033e7   Thumb Code     2  main.o(i._Error_Handler)
    main                                     0x080033e9   Thumb Code   158  main.o(i.main)
    ssd1331_clear_screen                     0x080034d1   Thumb Code    36  ssd1331.o(i.ssd1331_clear_screen)
    ssd1331_display_char                     0x080034f5   Thumb Code   146  ssd1331.o(i.ssd1331_display_char)
    ssd1331_display_string                   0x08003591   Thumb Code    92  ssd1331.o(i.ssd1331_display_string)
    ssd1331_draw_point                       0x080035ed   Thumb Code    86  ssd1331.o(i.ssd1331_draw_point)
    ssd1331_init                             0x08003645   Thumb Code   336  ssd1331.o(i.ssd1331_init)
    _fp_init                                 0x080037ed   Thumb Code    10  fpinit.o(x$fpl$fpinit)
    __fplib_config_fpu_vfp                   0x080037f5   Thumb Code     0  fpinit.o(x$fpl$fpinit)
    __fplib_config_pureend_doubles           0x080037f5   Thumb Code     0  fpinit.o(x$fpl$fpinit)
    c_chFont1206                             0x080037f6   Data        1140  fonts.o(.constdata)
    c_chFont1608                             0x08003c6a   Data        1520  fonts.o(.constdata)
    AHBPrescTable                            0x0800425a   Data          16  system_stm32f4xx.o(.constdata)
    Region$$Table$$Base                      0x0800426c   Number         0  anon$$obj.o(Region$$Table)
    Region$$Table$$Limit                     0x0800428c   Number         0  anon$$obj.o(Region$$Table)
    USBD_Interface_fops_FS                   0x20000000   Data          16  usbd_cdc_if.o(.data)
    FS_Desc                                  0x20000010   Data          28  usbd_desc.o(.data)
    USBD_LangIDDesc                          0x2000002c   Data           4  usbd_desc.o(.data)
    USBD_FS_DeviceDesc                       0x20000030   Data          18  usbd_desc.o(.data)
    SystemCoreClock                          0x20000044   Data           4  system_stm32f4xx.o(.data)
    USBD_CDC_CfgHSDesc                       0x20000058   Data          67  usbd_cdc.o(.data)
    USBD_CDC_CfgFSDesc                       0x2000009c   Data          67  usbd_cdc.o(.data)
    USBD_CDC_OtherSpeedCfgDesc               0x200000e0   Data          67  usbd_cdc.o(.data)
    USBD_CDC                                 0x20000124   Data          56  usbd_cdc.o(.data)
    uwTickFreq                               0x20000160   Data           1  stm32f4xx_hal.o(.data)
    uwTickPrio                               0x20000164   Data           4  stm32f4xx_hal.o(.data)
    uwTick                                   0x20000168   Data           4  stm32f4xx_hal.o(.data)
    hpcd_USB_OTG_FS                          0x2000016c   Data        1008  usbd_conf.o(.bss)
    UserRxBufferFS                           0x2000055c   Data        2048  usbd_cdc_if.o(.bss)
    UserTxBufferFS                           0x20000d5c   Data        2048  usbd_cdc_if.o(.bss)
    USBD_StrDesc                             0x2000155c   Data         512  usbd_desc.o(.bss)
    hUsbDeviceFS                             0x2000175c   Data         548  usb_device.o(.bss)
    hspi1                                    0x20001980   Data          88  main.o(.bss)
    __libspace_start                         0x200019d8   Data          96  libspace.o(.bss)
    __temporary_stack_top$libspace           0x20001a38   Data           0  libspace.o(.bss)



==============================================================================

Memory Map of the image

  Image Entry point : 0x08000189

  Load Region LR_IROM1 (Base: 0x08000000, Size: 0x000043f8, Max: 0x00100000, ABSOLUTE, COMPRESSED[0x0000434c])

    Execution Region ER_IROM1 (Exec base: 0x08000000, Load base: 0x08000000, Size: 0x0000428c, Max: 0x00100000, ABSOLUTE)

    Exec Addr    Load Addr    Size         Type   Attr      Idx    E Section Name        Object

    0x08000000   0x08000000   0x00000188   Data   RO            3    RESET               startup_stm32f407xx.o
    0x08000188   0x08000188   0x00000008   Code   RO         3239  * !!!main             c_w.l(__main.o)
    0x08000190   0x08000190   0x00000034   Code   RO         3452    !!!scatter          c_w.l(__scatter.o)
    0x080001c4   0x080001c4   0x0000005a   Code   RO         3450    !!dczerorl2         c_w.l(__dczerorl2.o)
    0x0800021e   0x0800021e   0x00000002   PAD
    0x08000220   0x08000220   0x0000001c   Code   RO         3454    !!handler_zi        c_w.l(__scatter_zi.o)
    0x0800023c   0x0800023c   0x00000002   Code   RO         3389    .ARM.Collect$$libinit$$00000000  c_w.l(libinit.o)
    0x0800023e   0x0800023e   0x00000004   Code   RO         3275    .ARM.Collect$$libinit$$00000001  c_w.l(libinit2.o)
    0x08000242   0x08000242   0x00000000   Code   RO         3278    .ARM.Collect$$libinit$$00000004  c_w.l(libinit2.o)
    0x08000242   0x08000242   0x00000008   Code   RO         3279    .ARM.Collect$$libinit$$00000005  c_w.l(libinit2.o)
    0x0800024a   0x0800024a   0x00000000   Code   RO         3281    .ARM.Collect$$libinit$$0000000A  c_w.l(libinit2.o)
    0x0800024a   0x0800024a   0x00000000   Code   RO         3283    .ARM.Collect$$libinit$$0000000C  c_w.l(libinit2.o)
    0x0800024a   0x0800024a   0x00000000   Code   RO         3285    .ARM.Collect$$libinit$$0000000E  c_w.l(libinit2.o)
    0x0800024a   0x0800024a   0x00000000   Code   RO         3288    .ARM.Collect$$libinit$$00000011  c_w.l(libinit2.o)
    0x0800024a   0x0800024a   0x00000000   Code   RO         3290    .ARM.Collect$$libinit$$00000013  c_w.l(libinit2.o)
    0x0800024a   0x0800024a   0x00000000   Code   RO         3292    .ARM.Collect$$libinit$$00000015  c_w.l(libinit2.o)
    0x0800024a   0x0800024a   0x00000000   Code   RO         3294    .ARM.Collect$$libinit$$00000017  c_w.l(libinit2.o)
    0x0800024a   0x0800024a   0x00000000   Code   RO         3296    .ARM.Collect$$libinit$$00000019  c_w.l(libinit2.o)
    0x0800024a   0x0800024a   0x00000000   Code   RO         3298    .ARM.Collect$$libinit$$0000001B  c_w.l(libinit2.o)
    0x0800024a   0x0800024a   0x00000000   Code   RO         3300    .ARM.Collect$$libinit$$0000001D  c_w.l(libinit2.o)
    0x0800024a   0x0800024a   0x00000000   Code   RO         3302    .ARM.Collect$$libinit$$0000001F  c_w.l(libinit2.o)
    0x0800024a   0x0800024a   0x00000000   Code   RO         3304    .ARM.Collect$$libinit$$00000021  c_w.l(libinit2.o)
    0x0800024a   0x0800024a   0x00000000   Code   RO         3306    .ARM.Collect$$libinit$$00000023  c_w.l(libinit2.o)
    0x0800024a   0x0800024a   0x00000000   Code   RO         3308    .ARM.Collect$$libinit$$00000025  c_w.l(libinit2.o)
    0x0800024a   0x0800024a   0x00000000   Code   RO         3312    .ARM.Collect$$libinit$$0000002C  c_w.l(libinit2.o)
    0x0800024a   0x0800024a   0x00000000   Code   RO         3314    .ARM.Collect$$libinit$$0000002E  c_w.l(libinit2.o)
    0x0800024a   0x0800024a   0x00000000   Code   RO         3316    .ARM.Collect$$libinit$$00000030  c_w.l(libinit2.o)
    0x0800024a   0x0800024a   0x00000000   Code   RO         3318    .ARM.Collect$$libinit$$00000032  c_w.l(libinit2.o)
    0x0800024a   0x0800024a   0x00000002   Code   RO         3319    .ARM.Collect$$libinit$$00000033  c_w.l(libinit2.o)
    0x0800024c   0x0800024c   0x00000002   Code   RO         3447    .ARM.Collect$$libshutdown$$00000000  c_w.l(libshutdown.o)
    0x0800024e   0x0800024e   0x00000000   Code   RO         3405    .ARM.Collect$$libshutdown$$00000002  c_w.l(libshutdown2.o)
    0x0800024e   0x0800024e   0x00000000   Code   RO         3407    .ARM.Collect$$libshutdown$$00000004  c_w.l(libshutdown2.o)
    0x0800024e   0x0800024e   0x00000000   Code   RO         3410    .ARM.Collect$$libshutdown$$00000007  c_w.l(libshutdown2.o)
    0x0800024e   0x0800024e   0x00000000   Code   RO         3413    .ARM.Collect$$libshutdown$$0000000A  c_w.l(libshutdown2.o)
    0x0800024e   0x0800024e   0x00000000   Code   RO         3415    .ARM.Collect$$libshutdown$$0000000C  c_w.l(libshutdown2.o)
    0x0800024e   0x0800024e   0x00000000   Code   RO         3418    .ARM.Collect$$libshutdown$$0000000F  c_w.l(libshutdown2.o)
    0x0800024e   0x0800024e   0x00000002   Code   RO         3419    .ARM.Collect$$libshutdown$$00000010  c_w.l(libshutdown2.o)
    0x08000250   0x08000250   0x00000000   Code   RO         3243    .ARM.Collect$$rtentry$$00000000  c_w.l(__rtentry.o)
    0x08000250   0x08000250   0x00000000   Code   RO         3326    .ARM.Collect$$rtentry$$00000002  c_w.l(__rtentry2.o)
    0x08000250   0x08000250   0x00000006   Code   RO         3338    .ARM.Collect$$rtentry$$00000004  c_w.l(__rtentry4.o)
    0x08000256   0x08000256   0x00000000   Code   RO         3328    .ARM.Collect$$rtentry$$00000009  c_w.l(__rtentry2.o)
    0x08000256   0x08000256   0x00000004   Code   RO         3329    .ARM.Collect$$rtentry$$0000000A  c_w.l(__rtentry2.o)
    0x0800025a   0x0800025a   0x00000000   Code   RO         3331    .ARM.Collect$$rtentry$$0000000C  c_w.l(__rtentry2.o)
    0x0800025a   0x0800025a   0x00000008   Code   RO         3332    .ARM.Collect$$rtentry$$0000000D  c_w.l(__rtentry2.o)
    0x08000262   0x08000262   0x00000002   Code   RO         3392    .ARM.Collect$$rtexit$$00000000  c_w.l(rtexit.o)
    0x08000264   0x08000264   0x00000000   Code   RO         3423    .ARM.Collect$$rtexit$$00000002  c_w.l(rtexit2.o)
    0x08000264   0x08000264   0x00000004   Code   RO         3424    .ARM.Collect$$rtexit$$00000003  c_w.l(rtexit2.o)
    0x08000268   0x08000268   0x00000006   Code   RO         3425    .ARM.Collect$$rtexit$$00000004  c_w.l(rtexit2.o)
    0x0800026e   0x0800026e   0x00000002   PAD
    0x08000270   0x08000270   0x00000000   Code   RO         3344    .emb_text           c_w.l(maybetermalloc1.o)
    0x08000270   0x08000270   0x00000040   Code   RO            4    .text               startup_stm32f407xx.o
    0x080002b0   0x080002b0   0x0000005e   Code   RO         3175    .text               c_w.l(h1_alloc.o)
    0x0800030e   0x0800030e   0x0000004e   Code   RO         3177    .text               c_w.l(h1_free.o)
    0x0800035c   0x0800035c   0x000000ee   Code   RO         3233    .text               c_w.l(lludivv7m.o)
    0x0800044a   0x0800044a   0x00000064   Code   RO         3235    .text               c_w.l(rt_memcpy_w.o)
    0x080004ae   0x080004ae   0x00000006   Code   RO         3237    .text               c_w.l(heapauxi.o)
    0x080004b4   0x080004b4   0x00000008   Code   RO         3251    .text               c_w.l(rt_heap_descriptor_intlibspace.o)
    0x080004bc   0x080004bc   0x00000004   Code   RO         3253    .text               c_w.l(hguard.o)
    0x080004c0   0x080004c0   0x0000008a   Code   RO         3255    .text               c_w.l(init_alloc.o)
    0x0800054a   0x0800054a   0x0000000e   Code   RO         3259    .text               c_w.l(h1_init.o)
    0x08000558   0x08000558   0x00000008   Code   RO         3322    .text               c_w.l(libspace.o)
    0x08000560   0x08000560   0x00000034   Code   RO         3346    .text               c_w.l(h1_extend.o)
    0x08000594   0x08000594   0x0000000e   Code   RO         3350    .text               c_w.l(defsig_rtmem_outer.o)
    0x080005a2   0x080005a2   0x00000002   Code   RO         3361    .text               c_w.l(use_no_semi.o)
    0x080005a4   0x080005a4   0x00000000   Code   RO         3363    .text               c_w.l(indicate_semi.o)
    0x080005a4   0x080005a4   0x0000004a   Code   RO         3364    .text               c_w.l(sys_stackheap_outer.o)
    0x080005ee   0x080005ee   0x00000012   Code   RO         3370    .text               c_w.l(exit.o)
    0x08000600   0x08000600   0x0000000a   Code   RO         3372    .text               c_w.l(defsig_exit.o)
    0x0800060a   0x0800060a   0x00000002   PAD
    0x0800060c   0x0800060c   0x00000050   Code   RO         3378    .text               c_w.l(defsig_rtmem_inner.o)
    0x0800065c   0x0800065c   0x0000000c   Code   RO         3390    .text               c_w.l(sys_exit.o)
    0x08000668   0x08000668   0x00000032   Code   RO         3400    .text               c_w.l(defsig_general.o)
    0x0800069a   0x0800069a   0x0000000e   Code   RO         3420    .text               c_w.l(sys_wrch.o)
    0x080006a8   0x080006a8   0x00000002   Code   RO          606    i.BusFault_Handler  stm32f4xx_it.o
    0x080006aa   0x080006aa   0x00000004   Code   RO          356    i.CDC_Control_FS    usbd_cdc_if.o
    0x080006ae   0x080006ae   0x00000004   Code   RO          357    i.CDC_DeInit_FS     usbd_cdc_if.o
    0x080006b2   0x080006b2   0x00000002   PAD
    0x080006b4   0x080006b4   0x00000024   Code   RO          358    i.CDC_Init_FS       usbd_cdc_if.o
    0x080006d8   0x080006d8   0x0000001c   Code   RO          524    i.CDC_ReceiveCallBack  main.o
    0x080006f4   0x080006f4   0x00000024   Code   RO          360    i.CDC_Receive_FS    usbd_cdc_if.o
    0x08000718   0x08000718   0x0000002c   Code   RO          361    i.CDC_Transmit_FS   usbd_cdc_if.o
    0x08000744   0x08000744   0x00000002   Code   RO          607    i.DebugMon_Handler  stm32f4xx_it.o
    0x08000746   0x08000746   0x00000002   PAD
    0x08000748   0x08000748   0x00000024   Code   RO         2360    i.HAL_Delay         stm32f4xx_hal.o
    0x0800076c   0x0800076c   0x000001b0   Code   RO         1807    i.HAL_GPIO_Init     stm32f4xx_hal_gpio.o
    0x0800091c   0x0800091c   0x00000008   Code   RO         1810    i.HAL_GPIO_TogglePin  stm32f4xx_hal_gpio.o
    0x08000924   0x08000924   0x0000000a   Code   RO         1811    i.HAL_GPIO_WritePin  stm32f4xx_hal_gpio.o
    0x0800092e   0x0800092e   0x00000002   PAD
    0x08000930   0x08000930   0x0000000c   Code   RO         2366    i.HAL_GetTick       stm32f4xx_hal.o
    0x0800093c   0x0800093c   0x00000010   Code   RO         2370    i.HAL_IncTick       stm32f4xx_hal.o
    0x0800094c   0x0800094c   0x00000034   Code   RO         2371    i.HAL_Init          stm32f4xx_hal.o
    0x08000980   0x08000980   0x00000040   Code   RO         2372    i.HAL_InitTick      stm32f4xx_hal.o
    0x080009c0   0x080009c0   0x00000058   Code   RO          320    i.HAL_MspInit       stm32f4xx_hal_msp.o
    0x08000a18   0x08000a18   0x00000016   Code   RO         2725    i.HAL_NVIC_EnableIRQ  stm32f4xx_hal_cortex.o
    0x08000a2e   0x08000a2e   0x00000002   PAD
    0x08000a30   0x08000a30   0x00000040   Code   RO         2731    i.HAL_NVIC_SetPriority  stm32f4xx_hal_cortex.o
    0x08000a70   0x08000a70   0x00000024   Code   RO         2732    i.HAL_NVIC_SetPriorityGrouping  stm32f4xx_hal_cortex.o
    0x08000a94   0x08000a94   0x00000008   Code   RO         1988    i.HAL_PCDEx_SetRxFiFo  stm32f4xx_hal_pcd_ex.o
    0x08000a9c   0x08000a9c   0x00000044   Code   RO         1989    i.HAL_PCDEx_SetTxFiFo  stm32f4xx_hal_pcd_ex.o
    0x08000ae0   0x08000ae0   0x00000008   Code   RO           13    i.HAL_PCD_ConnectCallback  usbd_conf.o
    0x08000ae8   0x08000ae8   0x00000012   Code   RO           14    i.HAL_PCD_DataInStageCallback  usbd_conf.o
    0x08000afa   0x08000afa   0x00000014   Code   RO           15    i.HAL_PCD_DataOutStageCallback  usbd_conf.o
    0x08000b0e   0x08000b0e   0x00000008   Code   RO           16    i.HAL_PCD_DisconnectCallback  usbd_conf.o
    0x08000b16   0x08000b16   0x00000044   Code   RO         1538    i.HAL_PCD_EP_Close  stm32f4xx_hal_pcd.o
    0x08000b5a   0x08000b5a   0x00000050   Code   RO         1539    i.HAL_PCD_EP_ClrStall  stm32f4xx_hal_pcd.o
    0x08000baa   0x08000baa   0x00000014   Code   RO         1541    i.HAL_PCD_EP_GetRxCount  stm32f4xx_hal_pcd.o
    0x08000bbe   0x08000bbe   0x00000054   Code   RO         1542    i.HAL_PCD_EP_Open   stm32f4xx_hal_pcd.o
    0x08000c12   0x08000c12   0x00000048   Code   RO         1543    i.HAL_PCD_EP_Receive  stm32f4xx_hal_pcd.o
    0x08000c5a   0x08000c5a   0x00000060   Code   RO         1544    i.HAL_PCD_EP_SetStall  stm32f4xx_hal_pcd.o
    0x08000cba   0x08000cba   0x00000040   Code   RO         1545    i.HAL_PCD_EP_Transmit  stm32f4xx_hal_pcd.o
    0x08000cfa   0x08000cfa   0x00000002   PAD
    0x08000cfc   0x08000cfc   0x000004f4   Code   RO         1547    i.HAL_PCD_IRQHandler  stm32f4xx_hal_pcd.o
    0x080011f0   0x080011f0   0x00000008   Code   RO           17    i.HAL_PCD_ISOINIncompleteCallback  usbd_conf.o
    0x080011f8   0x080011f8   0x00000008   Code   RO           18    i.HAL_PCD_ISOOUTIncompleteCallback  usbd_conf.o
    0x08001200   0x08001200   0x000000be   Code   RO         1550    i.HAL_PCD_Init      stm32f4xx_hal_pcd.o
    0x080012be   0x080012be   0x00000002   PAD
    0x080012c0   0x080012c0   0x00000064   Code   RO           20    i.HAL_PCD_MspInit   usbd_conf.o
    0x08001324   0x08001324   0x00000020   Code   RO           21    i.HAL_PCD_ResetCallback  usbd_conf.o
    0x08001344   0x08001344   0x00000008   Code   RO           22    i.HAL_PCD_ResumeCallback  usbd_conf.o
    0x0800134c   0x0800134c   0x00000008   Code   RO           23    i.HAL_PCD_SOFCallback  usbd_conf.o
    0x08001354   0x08001354   0x00000024   Code   RO         1556    i.HAL_PCD_SetAddress  stm32f4xx_hal_pcd.o
    0x08001378   0x08001378   0x0000000e   Code   RO           24    i.HAL_PCD_SetupStageCallback  usbd_conf.o
    0x08001386   0x08001386   0x0000002a   Code   RO         1558    i.HAL_PCD_Start     stm32f4xx_hal_pcd.o
    0x080013b0   0x080013b0   0x00000030   Code   RO           25    i.HAL_PCD_SuspendCallback  usbd_conf.o
    0x080013e0   0x080013e0   0x00000130   Code   RO         2252    i.HAL_RCC_ClockConfig  stm32f4xx_hal_rcc.o
    0x08001510   0x08001510   0x0000000c   Code   RO         2257    i.HAL_RCC_GetHCLKFreq  stm32f4xx_hal_rcc.o
    0x0800151c   0x0800151c   0x00000060   Code   RO         2261    i.HAL_RCC_GetSysClockFreq  stm32f4xx_hal_rcc.o
    0x0800157c   0x0800157c   0x0000031c   Code   RO         2264    i.HAL_RCC_OscConfig  stm32f4xx_hal_rcc.o
    0x08001898   0x08001898   0x00000080   Code   RO         2866    i.HAL_SPI_Init      stm32f4xx_hal_spi.o
    0x08001918   0x08001918   0x0000004c   Code   RO          322    i.HAL_SPI_MspInit   stm32f4xx_hal_msp.o
    0x08001964   0x08001964   0x00000168   Code   RO         2874    i.HAL_SPI_Transmit  stm32f4xx_hal_spi.o
    0x08001acc   0x08001acc   0x00000018   Code   RO         2734    i.HAL_SYSTICK_CLKSourceConfig  stm32f4xx_hal_cortex.o
    0x08001ae4   0x08001ae4   0x00000002   Code   RO         2735    i.HAL_SYSTICK_Callback  stm32f4xx_hal_cortex.o
    0x08001ae6   0x08001ae6   0x00000028   Code   RO         2736    i.HAL_SYSTICK_Config  stm32f4xx_hal_cortex.o
    0x08001b0e   0x08001b0e   0x00000008   Code   RO         2737    i.HAL_SYSTICK_IRQHandler  stm32f4xx_hal_cortex.o
    0x08001b16   0x08001b16   0x00000002   Code   RO          608    i.HardFault_Handler  stm32f4xx_it.o
    0x08001b18   0x08001b18   0x000000d0   Code   RO          525    i.MX_GPIO_Init      main.o
    0x08001be8   0x08001be8   0x00000040   Code   RO          526    i.MX_SPI1_Init      main.o
    0x08001c28   0x08001c28   0x00000038   Code   RO          486    i.MX_USB_DEVICE_Init  usb_device.o
    0x08001c60   0x08001c60   0x00000002   Code   RO          609    i.MemManage_Handler  stm32f4xx_it.o
    0x08001c62   0x08001c62   0x00000002   Code   RO          610    i.NMI_Handler       stm32f4xx_it.o
    0x08001c64   0x08001c64   0x00000020   Code   RO         2738    i.NVIC_SetPriority  stm32f4xx_hal_cortex.o
    0x08001c84   0x08001c84   0x0000000c   Code   RO          611    i.OTG_FS_IRQHandler  stm32f4xx_it.o
    0x08001c90   0x08001c90   0x00000088   Code   RO         1561    i.PCD_WriteEmptyTxFifo  stm32f4xx_hal_pcd.o
    0x08001d18   0x08001d18   0x00000002   Code   RO          612    i.PendSV_Handler    stm32f4xx_it.o
    0x08001d1a   0x08001d1a   0x00000020   Code   RO         2890    i.SPI_CheckFlag_BSY  stm32f4xx_hal_spi.o
    0x08001d3a   0x08001d3a   0x00000096   Code   RO         2908    i.SPI_WaitFlagStateUntilTimeout  stm32f4xx_hal_spi.o
    0x08001dd0   0x08001dd0   0x00000002   Code   RO          613    i.SVC_Handler       stm32f4xx_it.o
    0x08001dd2   0x08001dd2   0x0000000e   Code   RO          614    i.SysTick_Handler   stm32f4xx_it.o
    0x08001de0   0x08001de0   0x0000009c   Code   RO          527    i.SystemClock_Config  main.o
    0x08001e7c   0x08001e7c   0x00000054   Code   RO          840    i.SystemInit        system_stm32f4xx.o
    0x08001ed0   0x08001ed0   0x00000014   Code   RO         1015    i.USBD_CDC_DataIn   usbd_cdc.o
    0x08001ee4   0x08001ee4   0x0000002e   Code   RO         1016    i.USBD_CDC_DataOut  usbd_cdc.o
    0x08001f12   0x08001f12   0x0000003c   Code   RO         1017    i.USBD_CDC_DeInit   usbd_cdc.o
    0x08001f4e   0x08001f4e   0x00000024   Code   RO         1018    i.USBD_CDC_EP0_RxReady  usbd_cdc.o
    0x08001f72   0x08001f72   0x00000002   PAD
    0x08001f74   0x08001f74   0x0000000c   Code   RO         1019    i.USBD_CDC_GetDeviceQualifierDescriptor  usbd_cdc.o
    0x08001f80   0x08001f80   0x0000000c   Code   RO         1020    i.USBD_CDC_GetFSCfgDesc  usbd_cdc.o
    0x08001f8c   0x08001f8c   0x0000000c   Code   RO         1021    i.USBD_CDC_GetHSCfgDesc  usbd_cdc.o
    0x08001f98   0x08001f98   0x0000000c   Code   RO         1022    i.USBD_CDC_GetOtherSpeedCfgDesc  usbd_cdc.o
    0x08001fa4   0x08001fa4   0x00000088   Code   RO         1023    i.USBD_CDC_Init     usbd_cdc.o
    0x0800202c   0x0800202c   0x00000028   Code   RO         1024    i.USBD_CDC_ReceivePacket  usbd_cdc.o
    0x08002054   0x08002054   0x00000010   Code   RO         1025    i.USBD_CDC_RegisterInterface  usbd_cdc.o
    0x08002064   0x08002064   0x0000000c   Code   RO         1026    i.USBD_CDC_SetRxBuffer  usbd_cdc.o
    0x08002070   0x08002070   0x00000010   Code   RO         1027    i.USBD_CDC_SetTxBuffer  usbd_cdc.o
    0x08002080   0x08002080   0x00000070   Code   RO         1028    i.USBD_CDC_Setup    usbd_cdc.o
    0x080020f0   0x080020f0   0x00000030   Code   RO         1029    i.USBD_CDC_TransmitPacket  usbd_cdc.o
    0x08002120   0x08002120   0x0000000e   Code   RO          877    i.USBD_ClrClassConfig  usbd_core.o
    0x0800212e   0x0800212e   0x00000010   Code   RO         1121    i.USBD_CtlContinueRx  usbd_ioreq.o
    0x0800213e   0x0800213e   0x00000010   Code   RO         1122    i.USBD_CtlContinueSendData  usbd_ioreq.o
    0x0800214e   0x0800214e   0x00000016   Code   RO         1181    i.USBD_CtlError     usbd_ctlreq.o
    0x08002164   0x08002164   0x0000001e   Code   RO         1123    i.USBD_CtlPrepareRx  usbd_ioreq.o
    0x08002182   0x08002182   0x00000016   Code   RO         1124    i.USBD_CtlReceiveStatus  usbd_ioreq.o
    0x08002198   0x08002198   0x0000001a   Code   RO         1125    i.USBD_CtlSendData  usbd_ioreq.o
    0x080021b2   0x080021b2   0x00000016   Code   RO         1126    i.USBD_CtlSendStatus  usbd_ioreq.o
    0x080021c8   0x080021c8   0x00000020   Code   RO          418    i.USBD_FS_ConfigStrDescriptor  usbd_desc.o
    0x080021e8   0x080021e8   0x0000000c   Code   RO          419    i.USBD_FS_DeviceDescriptor  usbd_desc.o
    0x080021f4   0x080021f4   0x00000024   Code   RO          420    i.USBD_FS_InterfaceStrDescriptor  usbd_desc.o
    0x08002218   0x08002218   0x0000000c   Code   RO          421    i.USBD_FS_LangIDStrDescriptor  usbd_desc.o
    0x08002224   0x08002224   0x00000028   Code   RO          422    i.USBD_FS_ManufacturerStrDescriptor  usbd_desc.o
    0x0800224c   0x0800224c   0x0000002c   Code   RO          423    i.USBD_FS_ProductStrDescriptor  usbd_desc.o
    0x08002278   0x08002278   0x00000024   Code   RO          424    i.USBD_FS_SerialStrDescriptor  usbd_desc.o
    0x0800229c   0x0800229c   0x000000e0   Code   RO         1182    i.USBD_GetDescriptor  usbd_ctlreq.o
    0x0800237c   0x0800237c   0x00000046   Code   RO         1183    i.USBD_GetString    usbd_ctlreq.o
    0x080023c2   0x080023c2   0x0000002a   Code   RO          879    i.USBD_Init         usbd_core.o
    0x080023ec   0x080023ec   0x00000020   Code   RO           26    i.USBD_LL_ClearStallEP  usbd_conf.o
    0x0800240c   0x0800240c   0x00000020   Code   RO           27    i.USBD_LL_CloseEP   usbd_conf.o
    0x0800242c   0x0800242c   0x000000aa   Code   RO          880    i.USBD_LL_DataInStage  usbd_core.o
    0x080024d6   0x080024d6   0x0000006a   Code   RO          881    i.USBD_LL_DataOutStage  usbd_core.o
    0x08002540   0x08002540   0x00000004   Code   RO          882    i.USBD_LL_DevConnected  usbd_core.o
    0x08002544   0x08002544   0x00000016   Code   RO          883    i.USBD_LL_DevDisconnected  usbd_core.o
    0x0800255a   0x0800255a   0x00000008   Code   RO           31    i.USBD_LL_GetRxDataSize  usbd_conf.o
    0x08002562   0x08002562   0x00000002   PAD
    0x08002564   0x08002564   0x0000007c   Code   RO           32    i.USBD_LL_Init      usbd_conf.o
    0x080025e0   0x080025e0   0x00000020   Code   RO           33    i.USBD_LL_IsStallEP  usbd_conf.o
    0x08002600   0x08002600   0x00000004   Code   RO          884    i.USBD_LL_IsoINIncomplete  usbd_core.o
    0x08002604   0x08002604   0x00000004   Code   RO          885    i.USBD_LL_IsoOUTIncomplete  usbd_core.o
    0x08002608   0x08002608   0x00000026   Code   RO           34    i.USBD_LL_OpenEP    usbd_conf.o
    0x0800262e   0x0800262e   0x00000020   Code   RO           35    i.USBD_LL_PrepareReceive  usbd_conf.o
    0x0800264e   0x0800264e   0x0000003e   Code   RO          886    i.USBD_LL_Reset     usbd_core.o
    0x0800268c   0x0800268c   0x0000000c   Code   RO          887    i.USBD_LL_Resume    usbd_core.o
    0x08002698   0x08002698   0x00000018   Code   RO          888    i.USBD_LL_SOF       usbd_core.o
    0x080026b0   0x080026b0   0x00000006   Code   RO          889    i.USBD_LL_SetSpeed  usbd_core.o
    0x080026b6   0x080026b6   0x00000020   Code   RO           36    i.USBD_LL_SetUSBAddress  usbd_conf.o
    0x080026d6   0x080026d6   0x0000005a   Code   RO          890    i.USBD_LL_SetupStage  usbd_core.o
    0x08002730   0x08002730   0x00000020   Code   RO           37    i.USBD_LL_StallEP   usbd_conf.o
    0x08002750   0x08002750   0x00000020   Code   RO           38    i.USBD_LL_Start     usbd_conf.o
    0x08002770   0x08002770   0x00000012   Code   RO          891    i.USBD_LL_Suspend   usbd_core.o
    0x08002782   0x08002782   0x00000020   Code   RO           40    i.USBD_LL_Transmit  usbd_conf.o
    0x080027a2   0x080027a2   0x00000028   Code   RO         1184    i.USBD_ParseSetupRequest  usbd_ctlreq.o
    0x080027ca   0x080027ca   0x00000010   Code   RO          892    i.USBD_RegisterClass  usbd_core.o
    0x080027da   0x080027da   0x00000016   Code   RO          894    i.USBD_SetClassConfig  usbd_core.o
    0x080027f0   0x080027f0   0x00000074   Code   RO         1185    i.USBD_SetConfig    usbd_ctlreq.o
    0x08002864   0x08002864   0x0000000a   Code   RO          895    i.USBD_Start        usbd_core.o
    0x0800286e   0x0800286e   0x000000f2   Code   RO         1186    i.USBD_StdDevReq    usbd_ctlreq.o
    0x08002960   0x08002960   0x000000dc   Code   RO         1187    i.USBD_StdEPReq     usbd_ctlreq.o
    0x08002a3c   0x08002a3c   0x00000034   Code   RO         1188    i.USBD_StdItfReq    usbd_ctlreq.o
    0x08002a70   0x08002a70   0x00000080   Code   RO         1247    i.USB_ActivateEndpoint  stm32f4xx_ll_usb.o
    0x08002af0   0x08002af0   0x00000034   Code   RO         1248    i.USB_ActivateSetup  stm32f4xx_ll_usb.o
    0x08002b24   0x08002b24   0x0000006c   Code   RO         1250    i.USB_CoreInit      stm32f4xx_ll_usb.o
    0x08002b90   0x08002b90   0x00000038   Code   RO         1251    i.USB_CoreReset     stm32f4xx_ll_usb.o
    0x08002bc8   0x08002bc8   0x000000c8   Code   RO         1253    i.USB_DeactivateEndpoint  stm32f4xx_ll_usb.o
    0x08002c90   0x08002c90   0x00000018   Code   RO         1254    i.USB_DevConnect    stm32f4xx_ll_usb.o
    0x08002ca8   0x08002ca8   0x00000018   Code   RO         1255    i.USB_DevDisconnect  stm32f4xx_ll_usb.o
    0x08002cc0   0x08002cc0   0x00000140   Code   RO         1256    i.USB_DevInit       stm32f4xx_ll_usb.o
    0x08002e00   0x08002e00   0x0000000c   Code   RO         1257    i.USB_DisableGlobalInt  stm32f4xx_ll_usb.o
    0x08002e0c   0x08002e0c   0x00000140   Code   RO         1260    i.USB_EP0StartXfer  stm32f4xx_ll_usb.o
    0x08002f4c   0x08002f4c   0x0000003e   Code   RO         1261    i.USB_EP0_OutStart  stm32f4xx_ll_usb.o
    0x08002f8a   0x08002f8a   0x00000064   Code   RO         1262    i.USB_EPClearStall  stm32f4xx_ll_usb.o
    0x08002fee   0x08002fee   0x0000005e   Code   RO         1263    i.USB_EPSetStall    stm32f4xx_ll_usb.o
    0x0800304c   0x0800304c   0x0000021c   Code   RO         1264    i.USB_EPStartXfer   stm32f4xx_ll_usb.o
    0x08003268   0x08003268   0x0000000c   Code   RO         1265    i.USB_EnableGlobalInt  stm32f4xx_ll_usb.o
    0x08003274   0x08003274   0x00000020   Code   RO         1266    i.USB_FlushRxFifo   stm32f4xx_ll_usb.o
    0x08003294   0x08003294   0x00000024   Code   RO         1267    i.USB_FlushTxFifo   stm32f4xx_ll_usb.o
    0x080032b8   0x080032b8   0x0000003c   Code   RO         1269    i.USB_GetDevSpeed   stm32f4xx_ll_usb.o
    0x080032f4   0x080032f4   0x00000008   Code   RO         1271    i.USB_GetMode       stm32f4xx_ll_usb.o
    0x080032fc   0x080032fc   0x0000000e   Code   RO         1278    i.USB_ReadDevAllInEpInterrupt  stm32f4xx_ll_usb.o
    0x0800330a   0x0800330a   0x0000000e   Code   RO         1279    i.USB_ReadDevAllOutEpInterrupt  stm32f4xx_ll_usb.o
    0x08003318   0x08003318   0x0000001e   Code   RO         1280    i.USB_ReadDevInEPInterrupt  stm32f4xx_ll_usb.o
    0x08003336   0x08003336   0x00000010   Code   RO         1281    i.USB_ReadDevOutEPInterrupt  stm32f4xx_ll_usb.o
    0x08003346   0x08003346   0x00000008   Code   RO         1282    i.USB_ReadInterrupts  stm32f4xx_ll_usb.o
    0x0800334e   0x0800334e   0x00000020   Code   RO         1283    i.USB_ReadPacket    stm32f4xx_ll_usb.o
    0x0800336e   0x0800336e   0x0000002c   Code   RO         1285    i.USB_SetCurrentMode  stm32f4xx_ll_usb.o
    0x0800339a   0x0800339a   0x00000022   Code   RO         1286    i.USB_SetDevAddress  stm32f4xx_ll_usb.o
    0x080033bc   0x080033bc   0x00000028   Code   RO         1290    i.USB_WritePacket   stm32f4xx_ll_usb.o
    0x080033e4   0x080033e4   0x00000002   Code   RO          615    i.UsageFault_Handler  stm32f4xx_it.o
    0x080033e6   0x080033e6   0x00000002   Code   RO          528    i._Error_Handler    main.o
    0x080033e8   0x080033e8   0x000000e8   Code   RO          529    i.main              main.o
    0x080034d0   0x080034d0   0x00000024   Code   RO          688    i.ssd1331_clear_screen  ssd1331.o
    0x080034f4   0x080034f4   0x0000009c   Code   RO          689    i.ssd1331_display_char  ssd1331.o
    0x08003590   0x08003590   0x0000005c   Code   RO          691    i.ssd1331_display_string  ssd1331.o
    0x080035ec   0x080035ec   0x00000056   Code   RO          698    i.ssd1331_draw_point  ssd1331.o
    0x08003642   0x08003642   0x00000002   PAD
    0x08003644   0x08003644   0x00000158   Code   RO          702    i.ssd1331_init      ssd1331.o
    0x0800379c   0x0800379c   0x00000050   Code   RO          703    i.ssd1331_write_byte  ssd1331.o
    0x080037ec   0x080037ec   0x0000000a   Code   RO         3359    x$fpl$fpinit        fz_wm.l(fpinit.o)
    0x080037f6   0x080037f6   0x00000474   Data   RO          805    .constdata          fonts.o
    0x08003c6a   0x08003c6a   0x000005f0   Data   RO          806    .constdata          fonts.o
    0x0800425a   0x0800425a   0x00000010   Data   RO          841    .constdata          system_stm32f4xx.o
    0x0800426a   0x0800426a   0x00000002   PAD
    0x0800426c   0x0800426c   0x00000020   Data   RO         3448    Region$$Table       anon$$obj.o


    Execution Region RW_IRAM1 (Exec base: 0x20000000, Load base: 0x0800428c, Size: 0x00007a38, Max: 0x00020000, ABSOLUTE, COMPRESSED[0x000000c0])

    Exec Addr    Load Addr    Size         Type   Attr      Idx    E Section Name        Object

    0x20000000   COMPRESSED   0x00000010   Data   RW          363    .data               usbd_cdc_if.o
    0x20000010   COMPRESSED   0x0000001c   Data   RW          426    .data               usbd_desc.o
    0x2000002c   COMPRESSED   0x00000016   Data   RW          427    .data               usbd_desc.o
    0x20000042   COMPRESSED   0x00000002   PAD
    0x20000044   COMPRESSED   0x00000004   Data   RW          843    .data               system_stm32f4xx.o
    0x20000048   COMPRESSED   0x000000db   Data   RW         1030    .data               usbd_cdc.o
    0x20000123   COMPRESSED   0x00000001   PAD
    0x20000124   COMPRESSED   0x00000038   Data   RW         1031    .data               usbd_cdc.o
    0x2000015c   COMPRESSED   0x00000001   Data   RW         1189    .data               usbd_ctlreq.o
    0x2000015d   COMPRESSED   0x00000003   PAD
    0x20000160   COMPRESSED   0x0000000c   Data   RW         2378    .data               stm32f4xx_hal.o
    0x2000016c        -       0x000003f0   Zero   RW           41    .bss                usbd_conf.o
    0x2000055c        -       0x00001000   Zero   RW          362    .bss                usbd_cdc_if.o
    0x2000155c        -       0x00000200   Zero   RW          425    .bss                usbd_desc.o
    0x2000175c        -       0x00000224   Zero   RW          487    .bss                usb_device.o
    0x20001980        -       0x00000058   Zero   RW          530    .bss                main.o
    0x200019d8        -       0x00000060   Zero   RW         3323    .bss                c_w.l(libspace.o)
    0x20001a38        -       0x00002000   Zero   RW            2    HEAP                startup_stm32f407xx.o
    0x20003a38        -       0x00004000   Zero   RW            1    STACK               startup_stm32f407xx.o


==============================================================================

Image component sizes


      Code (inc. data)   RO Data    RW Data    ZI Data      Debug   Object Name

         0          0       2660          0          0       1029   fonts.o
       690        116          0          0         88       4259   main.o
       794         30          0          0          0       5703   ssd1331.o
        64         26        392          0      24576        840   startup_stm32f407xx.o
       180         28          0         12          0       4561   stm32f4xx_hal.o
       228         14          0          0          0      32129   stm32f4xx_hal_cortex.o
       450         44          0          0          0       3029   stm32f4xx_hal_gpio.o
       164         14          0          0          0       1488   stm32f4xx_hal_msp.o
      2156         72          0          0          0      11313   stm32f4xx_hal_pcd.o
        76          0          0          0          0       1840   stm32f4xx_hal_pcd_ex.o
      1208         58          0          0          0       4426   stm32f4xx_hal_rcc.o
       670          0          0          0          0       4086   stm32f4xx_hal_spi.o
        42          6          0          0          0       4566   stm32f4xx_it.o
      2420         56          0          0          0      20336   stm32f4xx_ll_usb.o
        84         18         16          4          0       1155   system_stm32f4xx.o
        56         18          0          0        548        720   usb_device.o
       590         22          0        275          0      13070   usbd_cdc.o
       124         22          0         16       4096       5007   usbd_cdc_if.o
       706         38          0          0       1008     676350   usbd_conf.o
       626          0          0          0          0      11974   usbd_core.o
       986         30          0          1          0       7972   usbd_ctlreq.o
       212        116          0         50        512       5123   usbd_desc.o
       132          0          0          0          0       4492   usbd_ioreq.o

    ----------------------------------------------------------------------
     12676        728       3102        364      30828     825468   Object Totals
         0          0         32          0          0          0   (incl. Generated)
        18          0          2          6          0          0   (incl. Padding)

    ----------------------------------------------------------------------

      Code (inc. data)   RO Data    RW Data    ZI Data      Debug   Library Member Name

        90          0          0          0          0          0   __dczerorl2.o
         8          0          0          0          0         68   __main.o
         0          0          0          0          0          0   __rtentry.o
        12          0          0          0          0          0   __rtentry2.o
         6          0          0          0          0          0   __rtentry4.o
        52          8          0          0          0          0   __scatter.o
        28          0          0          0          0          0   __scatter_zi.o
        10          0          0          0          0         68   defsig_exit.o
        50          0          0          0          0         88   defsig_general.o
        80         58          0          0          0         76   defsig_rtmem_inner.o
        14          0          0          0          0         80   defsig_rtmem_outer.o
        18          0          0          0          0         80   exit.o
        94          0          0          0          0         80   h1_alloc.o
        52          0          0          0          0         68   h1_extend.o
        78          0          0          0          0         80   h1_free.o
        14          0          0          0          0         84   h1_init.o
         6          0          0          0          0        152   heapauxi.o
         4          0          0          0          0        136   hguard.o
         0          0          0          0          0          0   indicate_semi.o
       138          0          0          0          0        168   init_alloc.o
         2          0          0          0          0          0   libinit.o
        14          0          0          0          0          0   libinit2.o
         2          0          0          0          0          0   libshutdown.o
         2          0          0          0          0          0   libshutdown2.o
         8          4          0          0         96         68   libspace.o
       238          0          0          0          0        100   lludivv7m.o
         0          0          0          0          0          0   maybetermalloc1.o
         8          4          0          0          0         68   rt_heap_descriptor_intlibspace.o
       100          0          0          0          0         80   rt_memcpy_w.o
         2          0          0          0          0          0   rtexit.o
        10          0          0          0          0          0   rtexit2.o
        12          4          0          0          0         68   sys_exit.o
        74          0          0          0          0         80   sys_stackheap_outer.o
        14          0          0          0          0         76   sys_wrch.o
         2          0          0          0          0         68   use_no_semi.o
        10          0          0          0          0        116   fpinit.o

    ----------------------------------------------------------------------
      1258         78          0          0         96       1952   Library Totals
         6          0          0          0          0          0   (incl. Padding)

    ----------------------------------------------------------------------

      Code (inc. data)   RO Data    RW Data    ZI Data      Debug   Library Name

      1242         78          0          0         96       1836   c_w.l
        10          0          0          0          0        116   fz_wm.l

    ----------------------------------------------------------------------
      1258         78          0          0         96       1952   Library Totals

    ----------------------------------------------------------------------

==============================================================================


      Code (inc. data)   RO Data    RW Data    ZI Data      Debug   

     13934        806       3102        364      30924     809884   Grand Totals
     13934        806       3102        192      30924     809884   ELF Image Totals (compressed)
     13934        806       3102        192          0          0   ROM Totals

==============================================================================

    Total RO  Size (Code + RO Data)                17036 (  16.64kB)
    Total RW  Size (RW Data + ZI Data)             31288 (  30.55kB)
    Total ROM Size (Code + RO Data + RW Data)      17228 (  16.82kB)

==============================================================================

